Archive member included because of file (symbol)

c:/devel/hightec/toolchains/tricore/v4.9.1.0-infineon-1.1/bin/../lib/gcc/tricore/4.9.4/../../../../tricore/lib/tc161\libstdc++.a(ios_init.o)
                              main.o (std::ios_base::Init::Init())
c:/devel/hightec/toolchains/tricore/v4.9.1.0-infineon-1.1/bin/../lib/gcc/tricore/4.9.4/../../../../tricore/lib/tc161\libstdc++.a(istream-inst.o)
                              c:/devel/hightec/toolchains/tricore/v4.9.1.0-infineon-1.1/bin/../lib/gcc/tricore/4.9.4/../../../../tricore/lib/tc161\libstdc++.a(ios_init.o) (std::basic_istream<char, std::char_traits<char> >::basic_istream(std::basic_streambuf<char, std::char_traits<char> >*))
c:/devel/hightec/toolchains/tricore/v4.9.1.0-infineon-1.1/bin/../lib/gcc/tricore/4.9.4/../../../../tricore/lib/tc161\libstdc++.a(ctype.o)
                              c:/devel/hightec/toolchains/tricore/v4.9.1.0-infineon-1.1/bin/../lib/gcc/tricore/4.9.4/../../../../tricore/lib/tc161\libstdc++.a(istream-inst.o) (std::ctype<char>::_M_widen_init() const)
c:/devel/hightec/toolchains/tricore/v4.9.1.0-infineon-1.1/bin/../lib/gcc/tricore/4.9.4/../../../../tricore/lib/tc161\libstdc++.a(ios-inst.o)
                              c:/devel/hightec/toolchains/tricore/v4.9.1.0-infineon-1.1/bin/../lib/gcc/tricore/4.9.4/../../../../tricore/lib/tc161\libstdc++.a(istream-inst.o) (std::basic_ios<char, std::char_traits<char> >::~basic_ios())
c:/devel/hightec/toolchains/tricore/v4.9.1.0-infineon-1.1/bin/../lib/gcc/tricore/4.9.4/../../../../tricore/lib/tc161\libstdc++.a(streambuf-inst.o)
                              c:/devel/hightec/toolchains/tricore/v4.9.1.0-infineon-1.1/bin/../lib/gcc/tricore/4.9.4/../../../../tricore/lib/tc161\libstdc++.a(ios_init.o) (std::basic_streambuf<char, std::char_traits<char> >::~basic_streambuf())
c:/devel/hightec/toolchains/tricore/v4.9.1.0-infineon-1.1/bin/../lib/gcc/tricore/4.9.4/../../../../tricore/lib/tc161\libstdc++.a(ext-inst.o)
                              c:/devel/hightec/toolchains/tricore/v4.9.1.0-infineon-1.1/bin/../lib/gcc/tricore/4.9.4/../../../../tricore/lib/tc161\libstdc++.a(ios_init.o) (__gnu_cxx::stdio_filebuf<char, std::char_traits<char> >::stdio_filebuf(__sFILE*, std::_Ios_Openmode, unsigned long))
c:/devel/hightec/toolchains/tricore/v4.9.1.0-infineon-1.1/bin/../lib/gcc/tricore/4.9.4/../../../../tricore/lib/tc161\libstdc++.a(globals_io.o)
                              c:/devel/hightec/toolchains/tricore/v4.9.1.0-infineon-1.1/bin/../lib/gcc/tricore/4.9.4/../../../../tricore/lib/tc161\libstdc++.a(ios_init.o) (__gnu_internal::buf_wcerr)
c:/devel/hightec/toolchains/tricore/v4.9.1.0-infineon-1.1/bin/../lib/gcc/tricore/4.9.4/../../../../tricore/lib/tc161\libstdc++.a(c++locale.o)
                              c:/devel/hightec/toolchains/tricore/v4.9.1.0-infineon-1.1/bin/../lib/gcc/tricore/4.9.4/../../../../tricore/lib/tc161\libstdc++.a(ctype.o) (std::locale::facet::_S_create_c_locale(int*&, char const*, int*))
c:/devel/hightec/toolchains/tricore/v4.9.1.0-infineon-1.1/bin/../lib/gcc/tricore/4.9.4/../../../../tricore/lib/tc161\libstdc++.a(ostream-inst.o)
                              c:/devel/hightec/toolchains/tricore/v4.9.1.0-infineon-1.1/bin/../lib/gcc/tricore/4.9.4/../../../../tricore/lib/tc161\libstdc++.a(ios_init.o) (std::basic_ostream<char, std::char_traits<char> >::basic_ostream(std::basic_streambuf<char, std::char_traits<char> >*))
c:/devel/hightec/toolchains/tricore/v4.9.1.0-infineon-1.1/bin/../lib/gcc/tricore/4.9.4/../../../../tricore/lib/tc161\libstdc++.a(locale_init.o)
                              c:/devel/hightec/toolchains/tricore/v4.9.1.0-infineon-1.1/bin/../lib/gcc/tricore/4.9.4/../../../../tricore/lib/tc161\libstdc++.a(streambuf-inst.o) (std::locale::locale())
c:/devel/hightec/toolchains/tricore/v4.9.1.0-infineon-1.1/bin/../lib/gcc/tricore/4.9.4/../../../../tricore/lib/tc161\libstdc++.a(ios.o)
                              c:/devel/hightec/toolchains/tricore/v4.9.1.0-infineon-1.1/bin/../lib/gcc/tricore/4.9.4/../../../../tricore/lib/tc161\libstdc++.a(ios-inst.o) (std::ios_base::ios_base())
c:/devel/hightec/toolchains/tricore/v4.9.1.0-infineon-1.1/bin/../lib/gcc/tricore/4.9.4/../../../../tricore/lib/tc161\libstdc++.a(fstream-inst.o)
                              c:/devel/hightec/toolchains/tricore/v4.9.1.0-infineon-1.1/bin/../lib/gcc/tricore/4.9.4/../../../../tricore/lib/tc161\libstdc++.a(ext-inst.o) (std::basic_filebuf<char, std::char_traits<char> >::setbuf(char*, long))
c:/devel/hightec/toolchains/tricore/v4.9.1.0-infineon-1.1/bin/../lib/gcc/tricore/4.9.4/../../../../tricore/lib/tc161\libstdc++.a(string-inst.o)
                              c:/devel/hightec/toolchains/tricore/v4.9.1.0-infineon-1.1/bin/../lib/gcc/tricore/4.9.4/../../../../tricore/lib/tc161\libstdc++.a(locale_init.o) (std::string::compare(char const*) const)
c:/devel/hightec/toolchains/tricore/v4.9.1.0-infineon-1.1/bin/../lib/gcc/tricore/4.9.4/../../../../tricore/lib/tc161\libstdc++.a(functexcept.o)
                              c:/devel/hightec/toolchains/tricore/v4.9.1.0-infineon-1.1/bin/../lib/gcc/tricore/4.9.4/../../../../tricore/lib/tc161\libstdc++.a(istream-inst.o) (std::__throw_bad_cast())
c:/devel/hightec/toolchains/tricore/v4.9.1.0-infineon-1.1/bin/../lib/gcc/tricore/4.9.4/../../../../tricore/lib/tc161\libstdc++.a(del_op.o)
                              c:/devel/hightec/toolchains/tricore/v4.9.1.0-infineon-1.1/bin/../lib/gcc/tricore/4.9.4/../../../../tricore/lib/tc161\libstdc++.a(istream-inst.o) (operator delete(void*))
c:/devel/hightec/toolchains/tricore/v4.9.1.0-infineon-1.1/bin/../lib/gcc/tricore/4.9.4/../../../../tricore/lib/tc161\libstdc++.a(del_opv.o)
                              c:/devel/hightec/toolchains/tricore/v4.9.1.0-infineon-1.1/bin/../lib/gcc/tricore/4.9.4/../../../../tricore/lib/tc161\libstdc++.a(ctype.o) (operator delete[](void*))
c:/devel/hightec/toolchains/tricore/v4.9.1.0-infineon-1.1/bin/../lib/gcc/tricore/4.9.4/../../../../tricore/lib/tc161\libstdc++.a(new_op.o)
                              c:/devel/hightec/toolchains/tricore/v4.9.1.0-infineon-1.1/bin/../lib/gcc/tricore/4.9.4/../../../../tricore/lib/tc161\libstdc++.a(ios.o) (operator new(unsigned long))
c:/devel/hightec/toolchains/tricore/v4.9.1.0-infineon-1.1/bin/../lib/gcc/tricore/4.9.4/../../../../tricore/lib/tc161\libstdc++.a(eh_personality.o)
                              c:/devel/hightec/toolchains/tricore/v4.9.1.0-infineon-1.1/bin/../lib/gcc/tricore/4.9.4/../../../../tricore/lib/tc161\libstdc++.a(ios_init.o) (__gxx_personality_sj0)
c:/devel/hightec/toolchains/tricore/v4.9.1.0-infineon-1.1/bin/../lib/gcc/tricore/4.9.4/../../../../tricore/lib/tc161\libstdc++.a(eh_terminate.o)
                              c:/devel/hightec/toolchains/tricore/v4.9.1.0-infineon-1.1/bin/../lib/gcc/tricore/4.9.4/../../../../tricore/lib/tc161\libstdc++.a(eh_personality.o) (__cxxabiv1::__terminate(void (*)()))
c:/devel/hightec/toolchains/tricore/v4.9.1.0-infineon-1.1/bin/../lib/gcc/tricore/4.9.4/../../../../tricore/lib/tc161\libstdc++.a(si_class_type_info.o)
                              c:/devel/hightec/toolchains/tricore/v4.9.1.0-infineon-1.1/bin/../lib/gcc/tricore/4.9.4/../../../../tricore/lib/tc161\libstdc++.a(ctype.o) (vtable for __cxxabiv1::__si_class_type_info)
c:/devel/hightec/toolchains/tricore/v4.9.1.0-infineon-1.1/bin/../lib/gcc/tricore/4.9.4/../../../../tricore/lib/tc161\libstdc++.a(eh_aux_runtime.o)
                              c:/devel/hightec/toolchains/tricore/v4.9.1.0-infineon-1.1/bin/../lib/gcc/tricore/4.9.4/../../../../tricore/lib/tc161\libstdc++.a(fstream-inst.o) (__cxa_throw_bad_array_new_length)
c:/devel/hightec/toolchains/tricore/v4.9.1.0-infineon-1.1/bin/../lib/gcc/tricore/4.9.4/../../../../tricore/lib/tc161\libstdc++.a(bad_array_length.o)
                              c:/devel/hightec/toolchains/tricore/v4.9.1.0-infineon-1.1/bin/../lib/gcc/tricore/4.9.4/../../../../tricore/lib/tc161\libstdc++.a(eh_aux_runtime.o) (vtable for std::bad_array_length)
c:/devel/hightec/toolchains/tricore/v4.9.1.0-infineon-1.1/bin/../lib/gcc/tricore/4.9.4/../../../../tricore/lib/tc161\libstdc++.a(tinfo.o)
                              c:/devel/hightec/toolchains/tricore/v4.9.1.0-infineon-1.1/bin/../lib/gcc/tricore/4.9.4/../../../../tricore/lib/tc161\libstdc++.a(si_class_type_info.o) (std::type_info::__is_pointer_p() const)
c:/devel/hightec/toolchains/tricore/v4.9.1.0-infineon-1.1/bin/../lib/gcc/tricore/4.9.4/../../../../tricore/lib/tc161\libstdc++.a(new_handler.o)
                              c:/devel/hightec/toolchains/tricore/v4.9.1.0-infineon-1.1/bin/../lib/gcc/tricore/4.9.4/../../../../tricore/lib/tc161\libstdc++.a(new_op.o) (std::get_new_handler())
c:/devel/hightec/toolchains/tricore/v4.9.1.0-infineon-1.1/bin/../lib/gcc/tricore/4.9.4/../../../../tricore/lib/tc161\libstdc++.a(eh_term_handler.o)
                              c:/devel/hightec/toolchains/tricore/v4.9.1.0-infineon-1.1/bin/../lib/gcc/tricore/4.9.4/../../../../tricore/lib/tc161\libstdc++.a(eh_terminate.o) (__cxxabiv1::__terminate_handler)
c:/devel/hightec/toolchains/tricore/v4.9.1.0-infineon-1.1/bin/../lib/gcc/tricore/4.9.4/../../../../tricore/lib/tc161\libstdc++.a(eh_catch.o)
                              c:/devel/hightec/toolchains/tricore/v4.9.1.0-infineon-1.1/bin/../lib/gcc/tricore/4.9.4/../../../../tricore/lib/tc161\libstdc++.a(ios_init.o) (__cxa_begin_catch)
c:/devel/hightec/toolchains/tricore/v4.9.1.0-infineon-1.1/bin/../lib/gcc/tricore/4.9.4/../../../../tricore/lib/tc161\libstdc++.a(eh_call.o)
                              c:/devel/hightec/toolchains/tricore/v4.9.1.0-infineon-1.1/bin/../lib/gcc/tricore/4.9.4/../../../../tricore/lib/tc161\libstdc++.a(eh_personality.o) (__cxa_call_terminate)
c:/devel/hightec/toolchains/tricore/v4.9.1.0-infineon-1.1/bin/../lib/gcc/tricore/4.9.4/../../../../tricore/lib/tc161\libstdc++.a(bad_typeid.o)
                              c:/devel/hightec/toolchains/tricore/v4.9.1.0-infineon-1.1/bin/../lib/gcc/tricore/4.9.4/../../../../tricore/lib/tc161\libstdc++.a(functexcept.o) (vtable for std::bad_typeid)
c:/devel/hightec/toolchains/tricore/v4.9.1.0-infineon-1.1/bin/../lib/gcc/tricore/4.9.4/../../../../tricore/lib/tc161\libstdc++.a(new_opv.o)
                              c:/devel/hightec/toolchains/tricore/v4.9.1.0-infineon-1.1/bin/../lib/gcc/tricore/4.9.4/../../../../tricore/lib/tc161\libstdc++.a(ios-inst.o) (operator new[](unsigned long))
c:/devel/hightec/toolchains/tricore/v4.9.1.0-infineon-1.1/bin/../lib/gcc/tricore/4.9.4/../../../../tricore/lib/tc161\libstdc++.a(bad_alloc.o)
                              c:/devel/hightec/toolchains/tricore/v4.9.1.0-infineon-1.1/bin/../lib/gcc/tricore/4.9.4/../../../../tricore/lib/tc161\libstdc++.a(bad_array_length.o) (std::bad_alloc::~bad_alloc())
c:/devel/hightec/toolchains/tricore/v4.9.1.0-infineon-1.1/bin/../lib/gcc/tricore/4.9.4/../../../../tricore/lib/tc161\libstdc++.a(bad_cast.o)
                              c:/devel/hightec/toolchains/tricore/v4.9.1.0-infineon-1.1/bin/../lib/gcc/tricore/4.9.4/../../../../tricore/lib/tc161\libstdc++.a(functexcept.o) (vtable for std::bad_cast)
c:/devel/hightec/toolchains/tricore/v4.9.1.0-infineon-1.1/bin/../lib/gcc/tricore/4.9.4/../../../../tricore/lib/tc161\libstdc++.a(eh_alloc.o)
                              c:/devel/hightec/toolchains/tricore/v4.9.1.0-infineon-1.1/bin/../lib/gcc/tricore/4.9.4/../../../../tricore/lib/tc161\libstdc++.a(functexcept.o) (__cxa_allocate_exception)
c:/devel/hightec/toolchains/tricore/v4.9.1.0-infineon-1.1/bin/../lib/gcc/tricore/4.9.4/../../../../tricore/lib/tc161\libstdc++.a(eh_exception.o)
                              c:/devel/hightec/toolchains/tricore/v4.9.1.0-infineon-1.1/bin/../lib/gcc/tricore/4.9.4/../../../../tricore/lib/tc161\libstdc++.a(bad_typeid.o) (std::exception::~exception())
c:/devel/hightec/toolchains/tricore/v4.9.1.0-infineon-1.1/bin/../lib/gcc/tricore/4.9.4/../../../../tricore/lib/tc161\libstdc++.a(vterminate.o)
                              c:/devel/hightec/toolchains/tricore/v4.9.1.0-infineon-1.1/bin/../lib/gcc/tricore/4.9.4/../../../../tricore/lib/tc161\libstdc++.a(eh_term_handler.o) (__gnu_cxx::__verbose_terminate_handler())
c:/devel/hightec/toolchains/tricore/v4.9.1.0-infineon-1.1/bin/../lib/gcc/tricore/4.9.4/../../../../tricore/lib/tc161\libstdc++.a(eh_unex_handler.o)
                              c:/devel/hightec/toolchains/tricore/v4.9.1.0-infineon-1.1/bin/../lib/gcc/tricore/4.9.4/../../../../tricore/lib/tc161\libstdc++.a(eh_terminate.o) (__cxxabiv1::__unexpected_handler)
c:/devel/hightec/toolchains/tricore/v4.9.1.0-infineon-1.1/bin/../lib/gcc/tricore/4.9.4/../../../../tricore/lib/tc161\libstdc++.a(eh_globals.o)
                              c:/devel/hightec/toolchains/tricore/v4.9.1.0-infineon-1.1/bin/../lib/gcc/tricore/4.9.4/../../../../tricore/lib/tc161\libstdc++.a(eh_personality.o) (__cxa_get_globals_fast)
c:/devel/hightec/toolchains/tricore/v4.9.1.0-infineon-1.1/bin/../lib/gcc/tricore/4.9.4/../../../../tricore/lib/tc161\libstdc++.a(class_type_info.o)
                              c:/devel/hightec/toolchains/tricore/v4.9.1.0-infineon-1.1/bin/../lib/gcc/tricore/4.9.4/../../../../tricore/lib/tc161\libstdc++.a(si_class_type_info.o) (__cxxabiv1::__class_type_info::__do_upcast(__cxxabiv1::__class_type_info const*, void**) const)
c:/devel/hightec/toolchains/tricore/v4.9.1.0-infineon-1.1/bin/../lib/gcc/tricore/4.9.4/../../../../tricore/lib/tc161\libstdc++.a(vmi_class_type_info.o)
                              c:/devel/hightec/toolchains/tricore/v4.9.1.0-infineon-1.1/bin/../lib/gcc/tricore/4.9.4/../../../../tricore/lib/tc161\libstdc++.a(istream-inst.o) (vtable for __cxxabiv1::__vmi_class_type_info)
c:/devel/hightec/toolchains/tricore/v4.9.1.0-infineon-1.1/bin/../lib/gcc/tricore/4.9.4/../../../../tricore/lib/tc161\libstdc++.a(guard.o)
                              c:/devel/hightec/toolchains/tricore/v4.9.1.0-infineon-1.1/bin/../lib/gcc/tricore/4.9.4/../../../../tricore/lib/tc161\libstdc++.a(locale_init.o) (__cxa_guard_acquire)
c:/devel/hightec/toolchains/tricore/v4.9.1.0-infineon-1.1/bin/../lib/gcc/tricore/4.9.4/../../../../tricore/lib/tc161\libstdc++.a(bad_array_new.o)
                              c:/devel/hightec/toolchains/tricore/v4.9.1.0-infineon-1.1/bin/../lib/gcc/tricore/4.9.4/../../../../tricore/lib/tc161\libstdc++.a(eh_aux_runtime.o) (vtable for std::bad_array_new_length)
c:/devel/hightec/toolchains/tricore/v4.9.1.0-infineon-1.1/bin/../lib/gcc/tricore/4.9.4/../../../../tricore/lib/tc161\libstdc++.a(eh_throw.o)
                              c:/devel/hightec/toolchains/tricore/v4.9.1.0-infineon-1.1/bin/../lib/gcc/tricore/4.9.4/../../../../tricore/lib/tc161\libstdc++.a(functexcept.o) (__cxa_throw)
c:/devel/hightec/toolchains/tricore/v4.9.1.0-infineon-1.1/bin/../lib/gcc/tricore/4.9.4/../../../../tricore/lib/tc161\libstdc++.a(ctype_configure_char.o)
                              c:/devel/hightec/toolchains/tricore/v4.9.1.0-infineon-1.1/bin/../lib/gcc/tricore/4.9.4/../../../../tricore/lib/tc161\libstdc++.a(locale_init.o) (std::ctype<char>::ctype(char const*, bool, unsigned long))
c:/devel/hightec/toolchains/tricore/v4.9.1.0-infineon-1.1/bin/../lib/gcc/tricore/4.9.4/../../../../tricore/lib/tc161\libstdc++.a(ctype_members.o)
                              c:/devel/hightec/toolchains/tricore/v4.9.1.0-infineon-1.1/bin/../lib/gcc/tricore/4.9.4/../../../../tricore/lib/tc161\libstdc++.a(ctype.o) (std::ctype<wchar_t>::do_toupper(wchar_t) const)
c:/devel/hightec/toolchains/tricore/v4.9.1.0-infineon-1.1/bin/../lib/gcc/tricore/4.9.4/../../../../tricore/lib/tc161\libstdc++.a(locale.o)
                              c:/devel/hightec/toolchains/tricore/v4.9.1.0-infineon-1.1/bin/../lib/gcc/tricore/4.9.4/../../../../tricore/lib/tc161\libstdc++.a(ctype.o) (std::locale::facet::~facet())
c:/devel/hightec/toolchains/tricore/v4.9.1.0-infineon-1.1/bin/../lib/gcc/tricore/4.9.4/../../../../tricore/lib/tc161\libstdc++.a(codecvt.o)
                              c:/devel/hightec/toolchains/tricore/v4.9.1.0-infineon-1.1/bin/../lib/gcc/tricore/4.9.4/../../../../tricore/lib/tc161\libstdc++.a(locale_init.o) (std::codecvt<char, char, _mbstate_t>::codecvt(unsigned long))
c:/devel/hightec/toolchains/tricore/v4.9.1.0-infineon-1.1/bin/../lib/gcc/tricore/4.9.4/../../../../tricore/lib/tc161\libstdc++.a(iostream-inst.o)
                              c:/devel/hightec/toolchains/tricore/v4.9.1.0-infineon-1.1/bin/../lib/gcc/tricore/4.9.4/../../../../tricore/lib/tc161\libstdc++.a(fstream-inst.o) (std::basic_iostream<char, std::char_traits<char> >::basic_iostream(std::basic_streambuf<char, std::char_traits<char> >*))
c:/devel/hightec/toolchains/tricore/v4.9.1.0-infineon-1.1/bin/../lib/gcc/tricore/4.9.4/../../../../tricore/lib/tc161\libstdc++.a(ios_failure.o)
                              c:/devel/hightec/toolchains/tricore/v4.9.1.0-infineon-1.1/bin/../lib/gcc/tricore/4.9.4/../../../../tricore/lib/tc161\libstdc++.a(functexcept.o) (std::ios_base::failure::~failure())
c:/devel/hightec/toolchains/tricore/v4.9.1.0-infineon-1.1/bin/../lib/gcc/tricore/4.9.4/../../../../tricore/lib/tc161\libstdc++.a(ios_locale.o)
                              c:/devel/hightec/toolchains/tricore/v4.9.1.0-infineon-1.1/bin/../lib/gcc/tricore/4.9.4/../../../../tricore/lib/tc161\libstdc++.a(ios-inst.o) (std::ios_base::_M_init())
c:/devel/hightec/toolchains/tricore/v4.9.1.0-infineon-1.1/bin/../lib/gcc/tricore/4.9.4/../../../../tricore/lib/tc161\libstdc++.a(wlocale-inst.o)
                              c:/devel/hightec/toolchains/tricore/v4.9.1.0-infineon-1.1/bin/../lib/gcc/tricore/4.9.4/../../../../tricore/lib/tc161\libstdc++.a(locale_init.o) (vtable for std::money_get<wchar_t, std::istreambuf_iterator<wchar_t, std::char_traits<wchar_t> > >)
c:/devel/hightec/toolchains/tricore/v4.9.1.0-infineon-1.1/bin/../lib/gcc/tricore/4.9.4/../../../../tricore/lib/tc161\libstdc++.a(basic_file.o)
                              c:/devel/hightec/toolchains/tricore/v4.9.1.0-infineon-1.1/bin/../lib/gcc/tricore/4.9.4/../../../../tricore/lib/tc161\libstdc++.a(fstream-inst.o) (std::__basic_file<char>::__basic_file(int*))
c:/devel/hightec/toolchains/tricore/v4.9.1.0-infineon-1.1/bin/../lib/gcc/tricore/4.9.4/../../../../tricore/lib/tc161\libstdc++.a(misc-inst.o)
                              c:/devel/hightec/toolchains/tricore/v4.9.1.0-infineon-1.1/bin/../lib/gcc/tricore/4.9.4/../../../../tricore/lib/tc161\libstdc++.a(ios_init.o) (vtable for __gnu_cxx::stdio_sync_filebuf<wchar_t, std::char_traits<wchar_t> >)
c:/devel/hightec/toolchains/tricore/v4.9.1.0-infineon-1.1/bin/../lib/gcc/tricore/4.9.4/../../../../tricore/lib/tc161\libstdc++.a(istream.o)
                              c:/devel/hightec/toolchains/tricore/v4.9.1.0-infineon-1.1/bin/../lib/gcc/tricore/4.9.4/../../../../tricore/lib/tc161\libstdc++.a(istream-inst.o) (std::istream::getline(char*, long, char))
c:/devel/hightec/toolchains/tricore/v4.9.1.0-infineon-1.1/bin/../lib/gcc/tricore/4.9.4/../../../../tricore/lib/tc161\libstdc++.a(locale-inst.o)
                              c:/devel/hightec/toolchains/tricore/v4.9.1.0-infineon-1.1/bin/../lib/gcc/tricore/4.9.4/../../../../tricore/lib/tc161\libstdc++.a(locale_init.o) (vtable for std::money_get<char, std::istreambuf_iterator<char, std::char_traits<char> > >)
c:/devel/hightec/toolchains/tricore/v4.9.1.0-infineon-1.1/bin/../lib/gcc/tricore/4.9.4/../../../../tricore/lib/tc161\libstdc++.a(streambuf.o)
                              c:/devel/hightec/toolchains/tricore/v4.9.1.0-infineon-1.1/bin/../lib/gcc/tricore/4.9.4/../../../../tricore/lib/tc161\libstdc++.a(istream-inst.o) (long std::__copy_streambufs_eof<char, std::char_traits<char> >(std::basic_streambuf<char, std::char_traits<char> >*, std::basic_streambuf<char, std::char_traits<char> >*, bool&))
c:/devel/hightec/toolchains/tricore/v4.9.1.0-infineon-1.1/bin/../lib/gcc/tricore/4.9.4/../../../../tricore/lib/tc161\libstdc++.a(stdexcept.o)
                              c:/devel/hightec/toolchains/tricore/v4.9.1.0-infineon-1.1/bin/../lib/gcc/tricore/4.9.4/../../../../tricore/lib/tc161\libstdc++.a(functexcept.o) (std::logic_error::~logic_error())
c:/devel/hightec/toolchains/tricore/v4.9.1.0-infineon-1.1/bin/../lib/gcc/tricore/4.9.4/../../../../tricore/lib/tc161\libstdc++.a(messages_members.o)
                              c:/devel/hightec/toolchains/tricore/v4.9.1.0-infineon-1.1/bin/../lib/gcc/tricore/4.9.4/../../../../tricore/lib/tc161\libstdc++.a(locale-inst.o) (std::messages<char>::do_get(int, int, int, std::string const&) const)
c:/devel/hightec/toolchains/tricore/v4.9.1.0-infineon-1.1/bin/../lib/gcc/tricore/4.9.4/../../../../tricore/lib/tc161\libstdc++.a(codecvt_members.o)
                              c:/devel/hightec/toolchains/tricore/v4.9.1.0-infineon-1.1/bin/../lib/gcc/tricore/4.9.4/../../../../tricore/lib/tc161\libstdc++.a(codecvt.o) (std::codecvt<wchar_t, char, _mbstate_t>::do_out(_mbstate_t&, wchar_t const*, wchar_t const*, wchar_t const*&, char*, char*, char*&) const)
c:/devel/hightec/toolchains/tricore/v4.9.1.0-infineon-1.1/bin/../lib/gcc/tricore/4.9.4/../../../../tricore/lib/tc161\libstdc++.a(time_members.o)
                              c:/devel/hightec/toolchains/tricore/v4.9.1.0-infineon-1.1/bin/../lib/gcc/tricore/4.9.4/../../../../tricore/lib/tc161\libstdc++.a(locale-inst.o) (std::__timepunct<char>::_M_put(char*, unsigned long, char const*, tm const*) const)
c:/devel/hightec/toolchains/tricore/v4.9.1.0-infineon-1.1/bin/../lib/gcc/tricore/4.9.4/../../../../tricore/lib/tc161\libstdc++.a(collate_members.o)
                              c:/devel/hightec/toolchains/tricore/v4.9.1.0-infineon-1.1/bin/../lib/gcc/tricore/4.9.4/../../../../tricore/lib/tc161\libstdc++.a(locale-inst.o) (std::collate<char>::_M_compare(char const*, char const*) const)
c:/devel/hightec/toolchains/tricore/v4.9.1.0-infineon-1.1/bin/../lib/gcc/tricore/4.9.4/../../../../tricore/lib/tc161\libstdc++.a(numeric_members.o)
                              c:/devel/hightec/toolchains/tricore/v4.9.1.0-infineon-1.1/bin/../lib/gcc/tricore/4.9.4/../../../../tricore/lib/tc161\libstdc++.a(locale-inst.o) (std::numpunct<char>::_M_initialize_numpunct(int*))
c:/devel/hightec/toolchains/tricore/v4.9.1.0-infineon-1.1/bin/../lib/gcc/tricore/4.9.4/../../../../tricore/lib/tc161\libstdc++.a(monetary_members.o)
                              c:/devel/hightec/toolchains/tricore/v4.9.1.0-infineon-1.1/bin/../lib/gcc/tricore/4.9.4/../../../../tricore/lib/tc161\libstdc++.a(locale-inst.o) (std::moneypunct<char, true>::_M_initialize_moneypunct(int*, char const*))
c:/devel/hightec/toolchains/tricore/v4.9.1.0-infineon-1.1/bin/../lib/gcc/tricore/4.9.4/../../../../tricore/lib/tc161\libstdc++.a(snprintf_lite.o)
                              c:/devel/hightec/toolchains/tricore/v4.9.1.0-infineon-1.1/bin/../lib/gcc/tricore/4.9.4/../../../../tricore/lib/tc161\libstdc++.a(functexcept.o) (__gnu_cxx::__snprintf_lite(char*, unsigned long, char const*, void*))
c:/devel/hightec/toolchains/tricore/v4.9.1.0-infineon-1.1/bin/../lib/gcc/tricore/4.9.4/../../../../tricore/lib/tc161\libstdc++.a(system_error.o)
                              c:/devel/hightec/toolchains/tricore/v4.9.1.0-infineon-1.1/bin/../lib/gcc/tricore/4.9.4/../../../../tricore/lib/tc161\libstdc++.a(functexcept.o) (vtable for std::system_error)
c:/devel/hightec/toolchains/tricore/v4.9.1.0-infineon-1.1/bin/../lib/gcc/tricore/4.9.4/../../../../tricore/lib/tc161\libstdc++.a(functional.o)
                              c:/devel/hightec/toolchains/tricore/v4.9.1.0-infineon-1.1/bin/../lib/gcc/tricore/4.9.4/../../../../tricore/lib/tc161\libstdc++.a(functexcept.o) (vtable for std::bad_function_call)
c:/devel/hightec/toolchains/tricore/v4.9.1.0-infineon-1.1/bin/../lib/gcc/tricore/4.9.4/../../../../tricore/lib/tc161\libstdc++.a(future.o)
                              c:/devel/hightec/toolchains/tricore/v4.9.1.0-infineon-1.1/bin/../lib/gcc/tricore/4.9.4/../../../../tricore/lib/tc161\libstdc++.a(functexcept.o) (vtable for std::future_error)
c:/devel/hightec/toolchains/tricore/v4.9.1.0-infineon-1.1/bin/../lib/gcc/tricore/4.9.4/../../../../tricore/lib/tc161\libstdc++.a(wstring-inst.o)
                              c:/devel/hightec/toolchains/tricore/v4.9.1.0-infineon-1.1/bin/../lib/gcc/tricore/4.9.4/../../../../tricore/lib/tc161\libstdc++.a(wlocale-inst.o) (std::basic_string<wchar_t, std::char_traits<wchar_t>, std::allocator<wchar_t> >::_Rep::_S_empty_rep_storage)
c:/devel/hightec/toolchains/tricore/v4.9.1.0-infineon-1.1/bin/../lib/gcc/tricore/4.9.4/../../../../tricore/lib/tc161\libstdc++.a(regex.o)
                              c:/devel/hightec/toolchains/tricore/v4.9.1.0-infineon-1.1/bin/../lib/gcc/tricore/4.9.4/../../../../tricore/lib/tc161\libstdc++.a(functexcept.o) (std::regex_error::~regex_error())
c:/devel/hightec/toolchains/tricore/v4.9.1.0-infineon-1.1/bin/../lib/gcc/tricore/4.9.4/../../../../tricore/lib/tc161\libstdc++.a(compatibility.o)
                              c:/devel/hightec/toolchains/tricore/v4.9.1.0-infineon-1.1/bin/../lib/gcc/tricore/4.9.4/../../../../tricore/lib/tc161\libstdc++.a(istream.o) (std::istream::ignore(long))
c:/devel/hightec/toolchains/tricore/v4.9.1.0-infineon-1.1/bin/../lib/gcc/tricore/4.9.4/../../../../tricore/lib/tc161\libstdc++.a(pure.o)
                              c:/devel/hightec/toolchains/tricore/v4.9.1.0-infineon-1.1/bin/../lib/gcc/tricore/4.9.4/../../../../tricore/lib/tc161\libstdc++.a(eh_exception.o) (__cxa_pure_virtual)
c:/devel/hightec/toolchains/tricore/v4.9.1.0-infineon-1.1/bin/../lib/gcc/tricore/4.9.4/../../../../tricore/lib/tc161\libstdc++.a(dyncast.o)
                              c:/devel/hightec/toolchains/tricore/v4.9.1.0-infineon-1.1/bin/../lib/gcc/tricore/4.9.4/../../../../tricore/lib/tc161\libstdc++.a(wlocale-inst.o) (__dynamic_cast)
c:/devel/hightec/toolchains/tricore/v4.9.1.0-infineon-1.1/bin/../lib/gcc/tricore/4.9.4/../../../../tricore/lib/tc161\libstdc++.a(cp-demangle.o)
                              c:/devel/hightec/toolchains/tricore/v4.9.1.0-infineon-1.1/bin/../lib/gcc/tricore/4.9.4/../../../../tricore/lib/tc161\libstdc++.a(vterminate.o) (__cxa_demangle)
c:/devel/hightec/toolchains/tricore/v4.9.1.0-infineon-1.1/bin/../lib/gcc/tricore/4.9.4/../../../../tricore/lib/tc161\libstdc++.a(eh_type.o)
                              c:/devel/hightec/toolchains/tricore/v4.9.1.0-infineon-1.1/bin/../lib/gcc/tricore/4.9.4/../../../../tricore/lib/tc161\libstdc++.a(vterminate.o) (__cxa_current_exception_type)
c:/devel/hightec/toolchains/tricore/v4.9.1.0-infineon-1.1/bin/../lib/gcc/tricore/4.9.4/../../../../tricore/lib/tc161\libstdc++.a(guard_error.o)
                              c:/devel/hightec/toolchains/tricore/v4.9.1.0-infineon-1.1/bin/../lib/gcc/tricore/4.9.4/../../../../tricore/lib/tc161\libstdc++.a(guard.o) (vtable for __gnu_cxx::recursive_init_error)
c:/devel/hightec/toolchains/tricore/v4.9.1.0-infineon-1.1/bin/../lib/gcc/tricore/4.9.4/../../../../tricore/lib/tc161\libstdc++.a(locale_facets.o)
                              c:/devel/hightec/toolchains/tricore/v4.9.1.0-infineon-1.1/bin/../lib/gcc/tricore/4.9.4/../../../../tricore/lib/tc161\libstdc++.a(wlocale-inst.o) (std::__num_base::_S_format_float(std::ios_base const&, char*, char))
c:/devel/hightec/toolchains/tricore/v4.9.1.0-infineon-1.1/bin/../lib/gcc/tricore/4.9.4/tc161\libgcc.a(memcpy.o)
                              c:/devel/hightec/toolchains/tricore/v4.9.1.0-infineon-1.1/bin/../lib/gcc/tricore/4.9.4/../../../../tricore/lib/tc161\libstdc++.a(ctype.o) (memcpy)
c:/devel/hightec/toolchains/tricore/v4.9.1.0-infineon-1.1/bin/../lib/gcc/tricore/4.9.4/tc161\libgcc.a(memcmp.o)
                              c:/devel/hightec/toolchains/tricore/v4.9.1.0-infineon-1.1/bin/../lib/gcc/tricore/4.9.4/../../../../tricore/lib/tc161\libstdc++.a(ctype.o) (memcmp)
c:/devel/hightec/toolchains/tricore/v4.9.1.0-infineon-1.1/bin/../lib/gcc/tricore/4.9.4/tc161\libgcc.a(_sf_to_df.o)
                              c:/devel/hightec/toolchains/tricore/v4.9.1.0-infineon-1.1/bin/../lib/gcc/tricore/4.9.4/../../../../tricore/lib/tc161\libstdc++.a(ostream-inst.o) (__extendsfdf2)
c:/devel/hightec/toolchains/tricore/v4.9.1.0-infineon-1.1/bin/../lib/gcc/tricore/4.9.4/tc161\libgcc.a(_gt_df.o)
                              c:/devel/hightec/toolchains/tricore/v4.9.1.0-infineon-1.1/bin/../lib/gcc/tricore/4.9.4/../../../../tricore/lib/tc161\libstdc++.a(c++locale.o) (__gtdf2)
c:/devel/hightec/toolchains/tricore/v4.9.1.0-infineon-1.1/bin/../lib/gcc/tricore/4.9.4/tc161\libgcc.a(_lt_df.o)
                              c:/devel/hightec/toolchains/tricore/v4.9.1.0-infineon-1.1/bin/../lib/gcc/tricore/4.9.4/../../../../tricore/lib/tc161\libstdc++.a(c++locale.o) (__ltdf2)
c:/devel/hightec/toolchains/tricore/v4.9.1.0-infineon-1.1/bin/../lib/gcc/tricore/4.9.4/tc161\libgcc.a(_make_df.o)
                              c:/devel/hightec/toolchains/tricore/v4.9.1.0-infineon-1.1/bin/../lib/gcc/tricore/4.9.4/tc161\libgcc.a(_sf_to_df.o) (__make_dp)
c:/devel/hightec/toolchains/tricore/v4.9.1.0-infineon-1.1/bin/../lib/gcc/tricore/4.9.4/tc161\libgcc.a(udivdi3.o)
                              c:/devel/hightec/toolchains/tricore/v4.9.1.0-infineon-1.1/bin/../lib/gcc/tricore/4.9.4/../../../../tricore/lib/tc161\libstdc++.a(wlocale-inst.o) (__udivdi3)
c:/devel/hightec/toolchains/tricore/v4.9.1.0-infineon-1.1/bin/../lib/gcc/tricore/4.9.4/tc161\libgcc.a(umoddi3.o)
                              c:/devel/hightec/toolchains/tricore/v4.9.1.0-infineon-1.1/bin/../lib/gcc/tricore/4.9.4/../../../../tricore/lib/tc161\libstdc++.a(wlocale-inst.o) (__umoddi3)
c:/devel/hightec/toolchains/tricore/v4.9.1.0-infineon-1.1/bin/../lib/gcc/tricore/4.9.4/tc161\libgcc.a(memmove.o)
                              c:/devel/hightec/toolchains/tricore/v4.9.1.0-infineon-1.1/bin/../lib/gcc/tricore/4.9.4/../../../../tricore/lib/tc161\libstdc++.a(fstream-inst.o) (memmove)
c:/devel/hightec/toolchains/tricore/v4.9.1.0-infineon-1.1/bin/../lib/gcc/tricore/4.9.4/tc161\libgcc.a(unwind-sjlj.o)
                              c:/devel/hightec/toolchains/tricore/v4.9.1.0-infineon-1.1/bin/../lib/gcc/tricore/4.9.4/../../../../tricore/lib/tc161\libstdc++.a(ios_init.o) (_Unwind_SjLj_Register)
c:/devel/hightec/toolchains/tricore/v4.9.1.0-infineon-1.1/bin/../lib/gcc/tricore/4.9.4/tc161\libgcc.a(_rstcntxt.o)
                              c:/devel/hightec/toolchains/tricore/v4.9.1.0-infineon-1.1/bin/../lib/gcc/tricore/4.9.4/tc161\libgcc.a(unwind-sjlj.o) (__tric_restore_context_queue)
c:/devel/hightec/toolchains/tricore/v4.9.1.0-infineon-1.1/bin/../lib/gcc/tricore/4.9.4/tc161\libgcc.a(_ashldi3.o)
                              c:/devel/hightec/toolchains/tricore/v4.9.1.0-infineon-1.1/bin/../lib/gcc/tricore/4.9.4/tc161\libgcc.a(udivdi3.o) (__ashldi3)
c:/devel/hightec/toolchains/tricore/v4.9.1.0-infineon-1.1/bin/../lib/gcc/tricore/4.9.4/tc161\libgcc.a(_unpack_sf.o)
                              c:/devel/hightec/toolchains/tricore/v4.9.1.0-infineon-1.1/bin/../lib/gcc/tricore/4.9.4/tc161\libgcc.a(_sf_to_df.o) (__unpack_f)
c:/devel/hightec/toolchains/tricore/v4.9.1.0-infineon-1.1/bin/../lib/gcc/tricore/4.9.4/tc161\libgcc.a(_pack_df.o)
                              c:/devel/hightec/toolchains/tricore/v4.9.1.0-infineon-1.1/bin/../lib/gcc/tricore/4.9.4/tc161\libgcc.a(_make_df.o) (__pack_d)
c:/devel/hightec/toolchains/tricore/v4.9.1.0-infineon-1.1/bin/../lib/gcc/tricore/4.9.4/tc161\libgcc.a(_unpack_df.o)
                              c:/devel/hightec/toolchains/tricore/v4.9.1.0-infineon-1.1/bin/../lib/gcc/tricore/4.9.4/tc161\libgcc.a(_gt_df.o) (__unpack_d)
c:/devel/hightec/toolchains/tricore/v4.9.1.0-infineon-1.1/bin/../lib/gcc/tricore/4.9.4/tc161\libgcc.a(_fpcmp_parts_df.o)
                              c:/devel/hightec/toolchains/tricore/v4.9.1.0-infineon-1.1/bin/../lib/gcc/tricore/4.9.4/tc161\libgcc.a(_gt_df.o) (__fpcmp_parts_d)
c:/devel/hightec/toolchains/tricore/v4.9.1.0-infineon-1.1/bin/../lib/gcc/tricore/4.9.4/tc161\libgcc.a(udiv6432.o)
                              c:/devel/hightec/toolchains/tricore/v4.9.1.0-infineon-1.1/bin/../lib/gcc/tricore/4.9.4/tc161\libgcc.a(udivdi3.o) (__udiv6432)
c:/devel/hightec/toolchains/tricore/v4.9.1.0-infineon-1.1/bin/../lib/gcc/tricore/4.9.4/tc161\libgcc.a(_lshrdi3.o)
                              c:/devel/hightec/toolchains/tricore/v4.9.1.0-infineon-1.1/bin/../lib/gcc/tricore/4.9.4/tc161\libgcc.a(_pack_df.o) (__lshrdi3)
c:/devel/hightec/toolchains/tricore/v4.9.1.0-infineon-1.1/bin/../lib/gcc/tricore/4.9.4/../../../../tricore/lib/tc161\libc.a(lib_a-atexit.o)
                              c:/devel/hightec/toolchains/tricore/v4.9.1.0-infineon-1.1/bin/../lib/gcc/tricore/4.9.4/../../../../tricore/lib/tc161\libstdc++.a(future.o) (atexit)
c:/devel/hightec/toolchains/tricore/v4.9.1.0-infineon-1.1/bin/../lib/gcc/tricore/4.9.4/../../../../tricore/lib/tc161\libc.a(lib_a-btowc.o)
                              c:/devel/hightec/toolchains/tricore/v4.9.1.0-infineon-1.1/bin/../lib/gcc/tricore/4.9.4/../../../../tricore/lib/tc161\libstdc++.a(ctype_members.o) (btowc)
c:/devel/hightec/toolchains/tricore/v4.9.1.0-infineon-1.1/bin/../lib/gcc/tricore/4.9.4/../../../../tricore/lib/tc161\libc.a(lib_a-ctype_.o)
                              c:/devel/hightec/toolchains/tricore/v4.9.1.0-infineon-1.1/bin/../lib/gcc/tricore/4.9.4/../../../../tricore/lib/tc161\libstdc++.a(ctype_configure_char.o) (_ctype_)
c:/devel/hightec/toolchains/tricore/v4.9.1.0-infineon-1.1/bin/../lib/gcc/tricore/4.9.4/../../../../tricore/lib/tc161\libc.a(lib_a-errno.o)
                              c:/devel/hightec/toolchains/tricore/v4.9.1.0-infineon-1.1/bin/../lib/gcc/tricore/4.9.4/../../../../tricore/lib/tc161\libstdc++.a(basic_file.o) (__errno)
c:/devel/hightec/toolchains/tricore/v4.9.1.0-infineon-1.1/bin/../lib/gcc/tricore/4.9.4/../../../../tricore/lib/tc161\libc.a(lib_a-fclose.o)
                              c:/devel/hightec/toolchains/tricore/v4.9.1.0-infineon-1.1/bin/../lib/gcc/tricore/4.9.4/../../../../tricore/lib/tc161\libstdc++.a(basic_file.o) (fclose)
c:/devel/hightec/toolchains/tricore/v4.9.1.0-infineon-1.1/bin/../lib/gcc/tricore/4.9.4/../../../../tricore/lib/tc161\libc.a(lib_a-fdopen.o)
                              c:/devel/hightec/toolchains/tricore/v4.9.1.0-infineon-1.1/bin/../lib/gcc/tricore/4.9.4/../../../../tricore/lib/tc161\libstdc++.a(basic_file.o) (fdopen)
c:/devel/hightec/toolchains/tricore/v4.9.1.0-infineon-1.1/bin/../lib/gcc/tricore/4.9.4/../../../../tricore/lib/tc161\libc.a(lib_a-fflush.o)
                              c:/devel/hightec/toolchains/tricore/v4.9.1.0-infineon-1.1/bin/../lib/gcc/tricore/4.9.4/../../../../tricore/lib/tc161\libc.a(lib_a-fclose.o) (_fflush_r)
c:/devel/hightec/toolchains/tricore/v4.9.1.0-infineon-1.1/bin/../lib/gcc/tricore/4.9.4/../../../../tricore/lib/tc161\libc.a(lib_a-fileno.o)
                              c:/devel/hightec/toolchains/tricore/v4.9.1.0-infineon-1.1/bin/../lib/gcc/tricore/4.9.4/../../../../tricore/lib/tc161\libstdc++.a(basic_file.o) (fileno)
c:/devel/hightec/toolchains/tricore/v4.9.1.0-infineon-1.1/bin/../lib/gcc/tricore/4.9.4/../../../../tricore/lib/tc161\libc.a(lib_a-findfp.o)
                              c:/devel/hightec/toolchains/tricore/v4.9.1.0-infineon-1.1/bin/../lib/gcc/tricore/4.9.4/../../../../tricore/lib/tc161\libc.a(lib_a-fclose.o) (__sinit)
c:/devel/hightec/toolchains/tricore/v4.9.1.0-infineon-1.1/bin/../lib/gcc/tricore/4.9.4/../../../../tricore/lib/tc161\libc.a(lib_a-flags.o)
                              c:/devel/hightec/toolchains/tricore/v4.9.1.0-infineon-1.1/bin/../lib/gcc/tricore/4.9.4/../../../../tricore/lib/tc161\libc.a(lib_a-fdopen.o) (__sflags)
c:/devel/hightec/toolchains/tricore/v4.9.1.0-infineon-1.1/bin/../lib/gcc/tricore/4.9.4/../../../../tricore/lib/tc161\libc.a(lib_a-fopen.o)
                              c:/devel/hightec/toolchains/tricore/v4.9.1.0-infineon-1.1/bin/../lib/gcc/tricore/4.9.4/../../../../tricore/lib/tc161\libstdc++.a(basic_file.o) (fopen)
c:/devel/hightec/toolchains/tricore/v4.9.1.0-infineon-1.1/bin/../lib/gcc/tricore/4.9.4/../../../../tricore/lib/tc161\libc.a(lib_a-fputc.o)
                              c:/devel/hightec/toolchains/tricore/v4.9.1.0-infineon-1.1/bin/../lib/gcc/tricore/4.9.4/../../../../tricore/lib/tc161\libstdc++.a(vterminate.o) (fputc)
c:/devel/hightec/toolchains/tricore/v4.9.1.0-infineon-1.1/bin/../lib/gcc/tricore/4.9.4/../../../../tricore/lib/tc161\libc.a(lib_a-fputs.o)
                              c:/devel/hightec/toolchains/tricore/v4.9.1.0-infineon-1.1/bin/../lib/gcc/tricore/4.9.4/../../../../tricore/lib/tc161\libstdc++.a(vterminate.o) (fputs)
c:/devel/hightec/toolchains/tricore/v4.9.1.0-infineon-1.1/bin/../lib/gcc/tricore/4.9.4/../../../../tricore/lib/tc161\libc.a(lib_a-fread.o)
                              c:/devel/hightec/toolchains/tricore/v4.9.1.0-infineon-1.1/bin/../lib/gcc/tricore/4.9.4/../../../../tricore/lib/tc161\libstdc++.a(misc-inst.o) (fread)
c:/devel/hightec/toolchains/tricore/v4.9.1.0-infineon-1.1/bin/../lib/gcc/tricore/4.9.4/../../../../tricore/lib/tc161\libc.a(lib_a-freer.o)
                              c:/devel/hightec/toolchains/tricore/v4.9.1.0-infineon-1.1/bin/../lib/gcc/tricore/4.9.4/../../../../tricore/lib/tc161\libc.a(lib_a-fclose.o) (_free_r)
c:/devel/hightec/toolchains/tricore/v4.9.1.0-infineon-1.1/bin/../lib/gcc/tricore/4.9.4/../../../../tricore/lib/tc161\libc.a(lib_a-fseek.o)
                              c:/devel/hightec/toolchains/tricore/v4.9.1.0-infineon-1.1/bin/../lib/gcc/tricore/4.9.4/../../../../tricore/lib/tc161\libc.a(lib_a-fopen.o) (_fseek_r)
c:/devel/hightec/toolchains/tricore/v4.9.1.0-infineon-1.1/bin/../lib/gcc/tricore/4.9.4/../../../../tricore/lib/tc161\libc.a(lib_a-fstatr.o)
                              c:/devel/hightec/toolchains/tricore/v4.9.1.0-infineon-1.1/bin/../lib/gcc/tricore/4.9.4/../../../../tricore/lib/tc161\libc.a(lib_a-fseek.o) (_fstat_r)
c:/devel/hightec/toolchains/tricore/v4.9.1.0-infineon-1.1/bin/../lib/gcc/tricore/4.9.4/../../../../tricore/lib/tc161\libc.a(lib_a-ftell.o)
                              c:/devel/hightec/toolchains/tricore/v4.9.1.0-infineon-1.1/bin/../lib/gcc/tricore/4.9.4/../../../../tricore/lib/tc161\libstdc++.a(misc-inst.o) (ftell)
c:/devel/hightec/toolchains/tricore/v4.9.1.0-infineon-1.1/bin/../lib/gcc/tricore/4.9.4/../../../../tricore/lib/tc161\libc.a(lib_a-fvwrite.o)
                              c:/devel/hightec/toolchains/tricore/v4.9.1.0-infineon-1.1/bin/../lib/gcc/tricore/4.9.4/../../../../tricore/lib/tc161\libc.a(lib_a-fputs.o) (__sfvwrite_r)
c:/devel/hightec/toolchains/tricore/v4.9.1.0-infineon-1.1/bin/../lib/gcc/tricore/4.9.4/../../../../tricore/lib/tc161\libc.a(lib_a-fwalk.o)
                              c:/devel/hightec/toolchains/tricore/v4.9.1.0-infineon-1.1/bin/../lib/gcc/tricore/4.9.4/../../../../tricore/lib/tc161\libc.a(lib_a-findfp.o) (_fwalk)
c:/devel/hightec/toolchains/tricore/v4.9.1.0-infineon-1.1/bin/../lib/gcc/tricore/4.9.4/../../../../tricore/lib/tc161\libc.a(lib_a-fwrite.o)
                              c:/devel/hightec/toolchains/tricore/v4.9.1.0-infineon-1.1/bin/../lib/gcc/tricore/4.9.4/../../../../tricore/lib/tc161\libstdc++.a(misc-inst.o) (fwrite)
c:/devel/hightec/toolchains/tricore/v4.9.1.0-infineon-1.1/bin/../lib/gcc/tricore/4.9.4/../../../../tricore/lib/tc161\libc.a(lib_a-getc.o)
                              c:/devel/hightec/toolchains/tricore/v4.9.1.0-infineon-1.1/bin/../lib/gcc/tricore/4.9.4/../../../../tricore/lib/tc161\libstdc++.a(misc-inst.o) (getc)
c:/devel/hightec/toolchains/tricore/v4.9.1.0-infineon-1.1/bin/../lib/gcc/tricore/4.9.4/../../../../tricore/lib/tc161\libc.a(lib_a-impure.o)
                              c:/devel/hightec/toolchains/tricore/v4.9.1.0-infineon-1.1/bin/../lib/gcc/tricore/4.9.4/../../../../tricore/lib/tc161\libc.a(lib_a-fflush.o) (_global_impure_ptr)
c:/devel/hightec/toolchains/tricore/v4.9.1.0-infineon-1.1/bin/../lib/gcc/tricore/4.9.4/../../../../tricore/lib/tc161\libc.a(lib_a-iswctype.o)
                              c:/devel/hightec/toolchains/tricore/v4.9.1.0-infineon-1.1/bin/../lib/gcc/tricore/4.9.4/../../../../tricore/lib/tc161\libstdc++.a(ctype_members.o) (iswctype)
c:/devel/hightec/toolchains/tricore/v4.9.1.0-infineon-1.1/bin/../lib/gcc/tricore/4.9.4/../../../../tricore/lib/tc161\libc.a(lib_a-iswdigit.o)
                              c:/devel/hightec/toolchains/tricore/v4.9.1.0-infineon-1.1/bin/../lib/gcc/tricore/4.9.4/../../../../tricore/lib/tc161\libc.a(lib_a-iswctype.o) (iswdigit)
c:/devel/hightec/toolchains/tricore/v4.9.1.0-infineon-1.1/bin/../lib/gcc/tricore/4.9.4/../../../../tricore/lib/tc161\libc.a(lib_a-iswgraph.o)
                              c:/devel/hightec/toolchains/tricore/v4.9.1.0-infineon-1.1/bin/../lib/gcc/tricore/4.9.4/../../../../tricore/lib/tc161\libc.a(lib_a-iswctype.o) (iswgraph)
c:/devel/hightec/toolchains/tricore/v4.9.1.0-infineon-1.1/bin/../lib/gcc/tricore/4.9.4/../../../../tricore/lib/tc161\libc.a(lib_a-iswlower.o)
                              c:/devel/hightec/toolchains/tricore/v4.9.1.0-infineon-1.1/bin/../lib/gcc/tricore/4.9.4/../../../../tricore/lib/tc161\libc.a(lib_a-iswctype.o) (iswlower)
c:/devel/hightec/toolchains/tricore/v4.9.1.0-infineon-1.1/bin/../lib/gcc/tricore/4.9.4/../../../../tricore/lib/tc161\libc.a(lib_a-iswprint.o)
                              c:/devel/hightec/toolchains/tricore/v4.9.1.0-infineon-1.1/bin/../lib/gcc/tricore/4.9.4/../../../../tricore/lib/tc161\libc.a(lib_a-iswctype.o) (iswprint)
c:/devel/hightec/toolchains/tricore/v4.9.1.0-infineon-1.1/bin/../lib/gcc/tricore/4.9.4/../../../../tricore/lib/tc161\libc.a(lib_a-iswpunct.o)
                              c:/devel/hightec/toolchains/tricore/v4.9.1.0-infineon-1.1/bin/../lib/gcc/tricore/4.9.4/../../../../tricore/lib/tc161\libc.a(lib_a-iswctype.o) (iswpunct)
c:/devel/hightec/toolchains/tricore/v4.9.1.0-infineon-1.1/bin/../lib/gcc/tricore/4.9.4/../../../../tricore/lib/tc161\libc.a(lib_a-iswspace.o)
                              c:/devel/hightec/toolchains/tricore/v4.9.1.0-infineon-1.1/bin/../lib/gcc/tricore/4.9.4/../../../../tricore/lib/tc161\libc.a(lib_a-iswctype.o) (iswspace)
c:/devel/hightec/toolchains/tricore/v4.9.1.0-infineon-1.1/bin/../lib/gcc/tricore/4.9.4/../../../../tricore/lib/tc161\libc.a(lib_a-iswupper.o)
                              c:/devel/hightec/toolchains/tricore/v4.9.1.0-infineon-1.1/bin/../lib/gcc/tricore/4.9.4/../../../../tricore/lib/tc161\libc.a(lib_a-iswctype.o) (iswupper)
c:/devel/hightec/toolchains/tricore/v4.9.1.0-infineon-1.1/bin/../lib/gcc/tricore/4.9.4/../../../../tricore/lib/tc161\libc.a(lib_a-iswxdigit.o)
                              c:/devel/hightec/toolchains/tricore/v4.9.1.0-infineon-1.1/bin/../lib/gcc/tricore/4.9.4/../../../../tricore/lib/tc161\libc.a(lib_a-iswctype.o) (iswxdigit)
c:/devel/hightec/toolchains/tricore/v4.9.1.0-infineon-1.1/bin/../lib/gcc/tricore/4.9.4/../../../../tricore/lib/tc161\libc.a(lib_a-locale.o)
                              c:/devel/hightec/toolchains/tricore/v4.9.1.0-infineon-1.1/bin/../lib/gcc/tricore/4.9.4/../../../../tricore/lib/tc161\libc.a(lib_a-btowc.o) (__locale_charset)
c:/devel/hightec/toolchains/tricore/v4.9.1.0-infineon-1.1/bin/../lib/gcc/tricore/4.9.4/../../../../tricore/lib/tc161\libc.a(lib_a-makebuf.o)
                              c:/devel/hightec/toolchains/tricore/v4.9.1.0-infineon-1.1/bin/../lib/gcc/tricore/4.9.4/../../../../tricore/lib/tc161\libc.a(lib_a-fseek.o) (__smakebuf_r)
c:/devel/hightec/toolchains/tricore/v4.9.1.0-infineon-1.1/bin/../lib/gcc/tricore/4.9.4/../../../../tricore/lib/tc161\libc.a(lib_a-malloc.o)
                              c:/devel/hightec/toolchains/tricore/v4.9.1.0-infineon-1.1/bin/../lib/gcc/tricore/4.9.4/../../../../tricore/lib/tc161\libstdc++.a(new_op.o) (malloc)
c:/devel/hightec/toolchains/tricore/v4.9.1.0-infineon-1.1/bin/../lib/gcc/tricore/4.9.4/../../../../tricore/lib/tc161\libc.a(lib_a-mallocr.o)
                              c:/devel/hightec/toolchains/tricore/v4.9.1.0-infineon-1.1/bin/../lib/gcc/tricore/4.9.4/../../../../tricore/lib/tc161\libc.a(lib_a-findfp.o) (_malloc_r)
c:/devel/hightec/toolchains/tricore/v4.9.1.0-infineon-1.1/bin/../lib/gcc/tricore/4.9.4/../../../../tricore/lib/tc161\libc.a(lib_a-mbrtowc.o)
                              c:/devel/hightec/toolchains/tricore/v4.9.1.0-infineon-1.1/bin/../lib/gcc/tricore/4.9.4/../../../../tricore/lib/tc161\libstdc++.a(codecvt_members.o) (mbrtowc)
c:/devel/hightec/toolchains/tricore/v4.9.1.0-infineon-1.1/bin/../lib/gcc/tricore/4.9.4/../../../../tricore/lib/tc161\libc.a(lib_a-mbtowc_r.o)
                              c:/devel/hightec/toolchains/tricore/v4.9.1.0-infineon-1.1/bin/../lib/gcc/tricore/4.9.4/../../../../tricore/lib/tc161\libc.a(lib_a-btowc.o) (__mbtowc)
c:/devel/hightec/toolchains/tricore/v4.9.1.0-infineon-1.1/bin/../lib/gcc/tricore/4.9.4/../../../../tricore/lib/tc161\libc.a(lib_a-memchr.o)
                              c:/devel/hightec/toolchains/tricore/v4.9.1.0-infineon-1.1/bin/../lib/gcc/tricore/4.9.4/../../../../tricore/lib/tc161\libstdc++.a(string-inst.o) (memchr)
c:/devel/hightec/toolchains/tricore/v4.9.1.0-infineon-1.1/bin/../lib/gcc/tricore/4.9.4/../../../../tricore/lib/tc161\libc.a(lib_a-memset.o)
                              c:/devel/hightec/toolchains/tricore/v4.9.1.0-infineon-1.1/bin/../lib/gcc/tricore/4.9.4/../../../../tricore/lib/tc161\libc.a(lib_a-btowc.o) (memset)
c:/devel/hightec/toolchains/tricore/v4.9.1.0-infineon-1.1/bin/../lib/gcc/tricore/4.9.4/../../../../tricore/lib/tc161\libc.a(lib_a-mlock.o)
                              c:/devel/hightec/toolchains/tricore/v4.9.1.0-infineon-1.1/bin/../lib/gcc/tricore/4.9.4/../../../../tricore/lib/tc161\libc.a(lib_a-freer.o) (__malloc_lock)
c:/devel/hightec/toolchains/tricore/v4.9.1.0-infineon-1.1/bin/../lib/gcc/tricore/4.9.4/../../../../tricore/lib/tc161\libc.a(lib_a-openr.o)
                              c:/devel/hightec/toolchains/tricore/v4.9.1.0-infineon-1.1/bin/../lib/gcc/tricore/4.9.4/../../../../tricore/lib/tc161\libc.a(lib_a-fopen.o) (_open_r)
c:/devel/hightec/toolchains/tricore/v4.9.1.0-infineon-1.1/bin/../lib/gcc/tricore/4.9.4/../../../../tricore/lib/tc161\libc.a(lib_a-printf.o)
                              main.o (printf)
c:/devel/hightec/toolchains/tricore/v4.9.1.0-infineon-1.1/bin/../lib/gcc/tricore/4.9.4/../../../../tricore/lib/tc161\libc.a(lib_a-putc.o)
                              c:/devel/hightec/toolchains/tricore/v4.9.1.0-infineon-1.1/bin/../lib/gcc/tricore/4.9.4/../../../../tricore/lib/tc161\libc.a(lib_a-fputc.o) (_putc_r)
c:/devel/hightec/toolchains/tricore/v4.9.1.0-infineon-1.1/bin/../lib/gcc/tricore/4.9.4/../../../../tricore/lib/tc161\libc.a(lib_a-puts.o)
                              main.o (puts)
c:/devel/hightec/toolchains/tricore/v4.9.1.0-infineon-1.1/bin/../lib/gcc/tricore/4.9.4/../../../../tricore/lib/tc161\libc.a(lib_a-realloc.o)
                              c:/devel/hightec/toolchains/tricore/v4.9.1.0-infineon-1.1/bin/../lib/gcc/tricore/4.9.4/../../../../tricore/lib/tc161\libstdc++.a(cp-demangle.o) (realloc)
c:/devel/hightec/toolchains/tricore/v4.9.1.0-infineon-1.1/bin/../lib/gcc/tricore/4.9.4/../../../../tricore/lib/tc161\libc.a(lib_a-reallocr.o)
                              c:/devel/hightec/toolchains/tricore/v4.9.1.0-infineon-1.1/bin/../lib/gcc/tricore/4.9.4/../../../../tricore/lib/tc161\libc.a(lib_a-fvwrite.o) (_realloc_r)
c:/devel/hightec/toolchains/tricore/v4.9.1.0-infineon-1.1/bin/../lib/gcc/tricore/4.9.4/../../../../tricore/lib/tc161\libc.a(lib_a-reent.o)
                              c:/devel/hightec/toolchains/tricore/v4.9.1.0-infineon-1.1/bin/../lib/gcc/tricore/4.9.4/../../../../tricore/lib/tc161\libc.a(lib_a-fstatr.o) (errno)
c:/devel/hightec/toolchains/tricore/v4.9.1.0-infineon-1.1/bin/../lib/gcc/tricore/4.9.4/../../../../tricore/lib/tc161\libc.a(lib_a-refill.o)
                              c:/devel/hightec/toolchains/tricore/v4.9.1.0-infineon-1.1/bin/../lib/gcc/tricore/4.9.4/../../../../tricore/lib/tc161\libc.a(lib_a-fread.o) (__srefill_r)
c:/devel/hightec/toolchains/tricore/v4.9.1.0-infineon-1.1/bin/../lib/gcc/tricore/4.9.4/../../../../tricore/lib/tc161\libc.a(lib_a-rget.o)
                              c:/devel/hightec/toolchains/tricore/v4.9.1.0-infineon-1.1/bin/../lib/gcc/tricore/4.9.4/../../../../tricore/lib/tc161\libc.a(lib_a-getc.o) (__srget_r)
c:/devel/hightec/toolchains/tricore/v4.9.1.0-infineon-1.1/bin/../lib/gcc/tricore/4.9.4/../../../../tricore/lib/tc161\libc.a(lib_a-sbrkr.o)
                              c:/devel/hightec/toolchains/tricore/v4.9.1.0-infineon-1.1/bin/../lib/gcc/tricore/4.9.4/../../../../tricore/lib/tc161\libc.a(lib_a-freer.o) (_sbrk_r)
c:/devel/hightec/toolchains/tricore/v4.9.1.0-infineon-1.1/bin/../lib/gcc/tricore/4.9.4/../../../../tricore/lib/tc161\libc.a(lib_a-setvbuf.o)
                              c:/devel/hightec/toolchains/tricore/v4.9.1.0-infineon-1.1/bin/../lib/gcc/tricore/4.9.4/../../../../tricore/lib/tc161\libstdc++.a(basic_file.o) (setvbuf)
c:/devel/hightec/toolchains/tricore/v4.9.1.0-infineon-1.1/bin/../lib/gcc/tricore/4.9.4/../../../../tricore/lib/tc161\libc.a(lib_a-sprintf.o)
                              c:/devel/hightec/toolchains/tricore/v4.9.1.0-infineon-1.1/bin/../lib/gcc/tricore/4.9.4/../../../../tricore/lib/tc161\libstdc++.a(cp-demangle.o) (sprintf)
c:/devel/hightec/toolchains/tricore/v4.9.1.0-infineon-1.1/bin/../lib/gcc/tricore/4.9.4/../../../../tricore/lib/tc161\libc.a(lib_a-sscanf.o)
                              c:/devel/hightec/toolchains/tricore/v4.9.1.0-infineon-1.1/bin/../lib/gcc/tricore/4.9.4/../../../../tricore/lib/tc161\libstdc++.a(c++locale.o) (sscanf)
c:/devel/hightec/toolchains/tricore/v4.9.1.0-infineon-1.1/bin/../lib/gcc/tricore/4.9.4/../../../../tricore/lib/tc161\libc.a(lib_a-stdio.o)
                              c:/devel/hightec/toolchains/tricore/v4.9.1.0-infineon-1.1/bin/../lib/gcc/tricore/4.9.4/../../../../tricore/lib/tc161\libc.a(lib_a-fdopen.o) (__sread)
c:/devel/hightec/toolchains/tricore/v4.9.1.0-infineon-1.1/bin/../lib/gcc/tricore/4.9.4/../../../../tricore/lib/tc161\libc.a(lib_a-strcmp.o)
                              c:/devel/hightec/toolchains/tricore/v4.9.1.0-infineon-1.1/bin/../lib/gcc/tricore/4.9.4/../../../../tricore/lib/tc161\libstdc++.a(ctype.o) (strcmp)
c:/devel/hightec/toolchains/tricore/v4.9.1.0-infineon-1.1/bin/../lib/gcc/tricore/4.9.4/../../../../tricore/lib/tc161\libc.a(lib_a-strcoll.o)
                              c:/devel/hightec/toolchains/tricore/v4.9.1.0-infineon-1.1/bin/../lib/gcc/tricore/4.9.4/../../../../tricore/lib/tc161\libstdc++.a(collate_members.o) (strcoll)
c:/devel/hightec/toolchains/tricore/v4.9.1.0-infineon-1.1/bin/../lib/gcc/tricore/4.9.4/../../../../tricore/lib/tc161\libc.a(lib_a-strerror.o)
                              c:/devel/hightec/toolchains/tricore/v4.9.1.0-infineon-1.1/bin/../lib/gcc/tricore/4.9.4/../../../../tricore/lib/tc161\libstdc++.a(system_error.o) (strerror)
c:/devel/hightec/toolchains/tricore/v4.9.1.0-infineon-1.1/bin/../lib/gcc/tricore/4.9.4/../../../../tricore/lib/tc161\libc.a(lib_a-strftime.o)
                              c:/devel/hightec/toolchains/tricore/v4.9.1.0-infineon-1.1/bin/../lib/gcc/tricore/4.9.4/../../../../tricore/lib/tc161\libstdc++.a(time_members.o) (strftime)
c:/devel/hightec/toolchains/tricore/v4.9.1.0-infineon-1.1/bin/../lib/gcc/tricore/4.9.4/../../../../tricore/lib/tc161\libc.a(lib_a-strlen.o)
                              c:/devel/hightec/toolchains/tricore/v4.9.1.0-infineon-1.1/bin/../lib/gcc/tricore/4.9.4/../../../../tricore/lib/tc161\libstdc++.a(c++locale.o) (strlen)
c:/devel/hightec/toolchains/tricore/v4.9.1.0-infineon-1.1/bin/../lib/gcc/tricore/4.9.4/../../../../tricore/lib/tc161\libc.a(lib_a-strncmp.o)
                              c:/devel/hightec/toolchains/tricore/v4.9.1.0-infineon-1.1/bin/../lib/gcc/tricore/4.9.4/../../../../tricore/lib/tc161\libstdc++.a(cp-demangle.o) (strncmp)
c:/devel/hightec/toolchains/tricore/v4.9.1.0-infineon-1.1/bin/../lib/gcc/tricore/4.9.4/../../../../tricore/lib/tc161\libc.a(lib_a-strtod.o)
                              c:/devel/hightec/toolchains/tricore/v4.9.1.0-infineon-1.1/bin/../lib/gcc/tricore/4.9.4/../../../../tricore/lib/tc161\libstdc++.a(c++locale.o) (strtod)
c:/devel/hightec/toolchains/tricore/v4.9.1.0-infineon-1.1/bin/../lib/gcc/tricore/4.9.4/../../../../tricore/lib/tc161\libc.a(lib_a-strxfrm.o)
                              c:/devel/hightec/toolchains/tricore/v4.9.1.0-infineon-1.1/bin/../lib/gcc/tricore/4.9.4/../../../../tricore/lib/tc161\libstdc++.a(collate_members.o) (strxfrm)
c:/devel/hightec/toolchains/tricore/v4.9.1.0-infineon-1.1/bin/../lib/gcc/tricore/4.9.4/../../../../tricore/lib/tc161\libc.a(lib_a-svfprintf.o)
                              c:/devel/hightec/toolchains/tricore/v4.9.1.0-infineon-1.1/bin/../lib/gcc/tricore/4.9.4/../../../../tricore/lib/tc161\libc.a(lib_a-sprintf.o) (_svfprintf_r)
c:/devel/hightec/toolchains/tricore/v4.9.1.0-infineon-1.1/bin/../lib/gcc/tricore/4.9.4/../../../../tricore/lib/tc161\libc.a(lib_a-svfscanf.o)
                              c:/devel/hightec/toolchains/tricore/v4.9.1.0-infineon-1.1/bin/../lib/gcc/tricore/4.9.4/../../../../tricore/lib/tc161\libc.a(lib_a-sscanf.o) (__ssvfscanf_r)
c:/devel/hightec/toolchains/tricore/v4.9.1.0-infineon-1.1/bin/../lib/gcc/tricore/4.9.4/../../../../tricore/lib/tc161\libc.a(lib_a-towlower.o)
                              c:/devel/hightec/toolchains/tricore/v4.9.1.0-infineon-1.1/bin/../lib/gcc/tricore/4.9.4/../../../../tricore/lib/tc161\libstdc++.a(ctype_members.o) (towlower)
c:/devel/hightec/toolchains/tricore/v4.9.1.0-infineon-1.1/bin/../lib/gcc/tricore/4.9.4/../../../../tricore/lib/tc161\libc.a(lib_a-towupper.o)
                              c:/devel/hightec/toolchains/tricore/v4.9.1.0-infineon-1.1/bin/../lib/gcc/tricore/4.9.4/../../../../tricore/lib/tc161\libstdc++.a(ctype_members.o) (towupper)
c:/devel/hightec/toolchains/tricore/v4.9.1.0-infineon-1.1/bin/../lib/gcc/tricore/4.9.4/../../../../tricore/lib/tc161\libc.a(lib_a-tzlock.o)
                              c:/devel/hightec/toolchains/tricore/v4.9.1.0-infineon-1.1/bin/../lib/gcc/tricore/4.9.4/../../../../tricore/lib/tc161\libc.a(lib_a-strftime.o) (__tz_lock)
c:/devel/hightec/toolchains/tricore/v4.9.1.0-infineon-1.1/bin/../lib/gcc/tricore/4.9.4/../../../../tricore/lib/tc161\libc.a(lib_a-tzvars.o)
                              c:/devel/hightec/toolchains/tricore/v4.9.1.0-infineon-1.1/bin/../lib/gcc/tricore/4.9.4/../../../../tricore/lib/tc161\libc.a(lib_a-strftime.o) (_tzname)
c:/devel/hightec/toolchains/tricore/v4.9.1.0-infineon-1.1/bin/../lib/gcc/tricore/4.9.4/../../../../tricore/lib/tc161\libc.a(lib_a-u_strerr.o)
                              c:/devel/hightec/toolchains/tricore/v4.9.1.0-infineon-1.1/bin/../lib/gcc/tricore/4.9.4/../../../../tricore/lib/tc161\libc.a(lib_a-strerror.o) (_user_strerror)
c:/devel/hightec/toolchains/tricore/v4.9.1.0-infineon-1.1/bin/../lib/gcc/tricore/4.9.4/../../../../tricore/lib/tc161\libc.a(lib_a-ungetc.o)
                              c:/devel/hightec/toolchains/tricore/v4.9.1.0-infineon-1.1/bin/../lib/gcc/tricore/4.9.4/../../../../tricore/lib/tc161\libstdc++.a(misc-inst.o) (ungetc)
c:/devel/hightec/toolchains/tricore/v4.9.1.0-infineon-1.1/bin/../lib/gcc/tricore/4.9.4/../../../../tricore/lib/tc161\libc.a(lib_a-vfprintf.o)
                              c:/devel/hightec/toolchains/tricore/v4.9.1.0-infineon-1.1/bin/../lib/gcc/tricore/4.9.4/../../../../tricore/lib/tc161\libc.a(lib_a-printf.o) (_vfprintf_r)
c:/devel/hightec/toolchains/tricore/v4.9.1.0-infineon-1.1/bin/../lib/gcc/tricore/4.9.4/../../../../tricore/lib/tc161\libc.a(lib_a-vsprintf.o)
                              c:/devel/hightec/toolchains/tricore/v4.9.1.0-infineon-1.1/bin/../lib/gcc/tricore/4.9.4/../../../../tricore/lib/tc161\libstdc++.a(wlocale-inst.o) (vsprintf)
c:/devel/hightec/toolchains/tricore/v4.9.1.0-infineon-1.1/bin/../lib/gcc/tricore/4.9.4/../../../../tricore/lib/tc161\libc.a(lib_a-wbuf.o)
                              c:/devel/hightec/toolchains/tricore/v4.9.1.0-infineon-1.1/bin/../lib/gcc/tricore/4.9.4/../../../../tricore/lib/tc161\libc.a(lib_a-putc.o) (__swbuf_r)
c:/devel/hightec/toolchains/tricore/v4.9.1.0-infineon-1.1/bin/../lib/gcc/tricore/4.9.4/../../../../tricore/lib/tc161\libc.a(lib_a-wcrtomb.o)
                              c:/devel/hightec/toolchains/tricore/v4.9.1.0-infineon-1.1/bin/../lib/gcc/tricore/4.9.4/../../../../tricore/lib/tc161\libstdc++.a(codecvt_members.o) (wcrtomb)
c:/devel/hightec/toolchains/tricore/v4.9.1.0-infineon-1.1/bin/../lib/gcc/tricore/4.9.4/../../../../tricore/lib/tc161\libc.a(lib_a-wcscoll.o)
                              c:/devel/hightec/toolchains/tricore/v4.9.1.0-infineon-1.1/bin/../lib/gcc/tricore/4.9.4/../../../../tricore/lib/tc161\libstdc++.a(collate_members.o) (wcscoll)
c:/devel/hightec/toolchains/tricore/v4.9.1.0-infineon-1.1/bin/../lib/gcc/tricore/4.9.4/../../../../tricore/lib/tc161\libc.a(lib_a-wcsftime.o)
                              c:/devel/hightec/toolchains/tricore/v4.9.1.0-infineon-1.1/bin/../lib/gcc/tricore/4.9.4/../../../../tricore/lib/tc161\libstdc++.a(time_members.o) (wcsftime)
c:/devel/hightec/toolchains/tricore/v4.9.1.0-infineon-1.1/bin/../lib/gcc/tricore/4.9.4/../../../../tricore/lib/tc161\libc.a(lib_a-wcslen.o)
                              c:/devel/hightec/toolchains/tricore/v4.9.1.0-infineon-1.1/bin/../lib/gcc/tricore/4.9.4/../../../../tricore/lib/tc161\libstdc++.a(ostream-inst.o) (wcslen)
c:/devel/hightec/toolchains/tricore/v4.9.1.0-infineon-1.1/bin/../lib/gcc/tricore/4.9.4/../../../../tricore/lib/tc161\libc.a(lib_a-wcsxfrm.o)
                              c:/devel/hightec/toolchains/tricore/v4.9.1.0-infineon-1.1/bin/../lib/gcc/tricore/4.9.4/../../../../tricore/lib/tc161\libstdc++.a(collate_members.o) (wcsxfrm)
c:/devel/hightec/toolchains/tricore/v4.9.1.0-infineon-1.1/bin/../lib/gcc/tricore/4.9.4/../../../../tricore/lib/tc161\libc.a(lib_a-wctob.o)
                              c:/devel/hightec/toolchains/tricore/v4.9.1.0-infineon-1.1/bin/../lib/gcc/tricore/4.9.4/../../../../tricore/lib/tc161\libstdc++.a(ctype_members.o) (wctob)
c:/devel/hightec/toolchains/tricore/v4.9.1.0-infineon-1.1/bin/../lib/gcc/tricore/4.9.4/../../../../tricore/lib/tc161\libc.a(lib_a-wctomb_r.o)
                              c:/devel/hightec/toolchains/tricore/v4.9.1.0-infineon-1.1/bin/../lib/gcc/tricore/4.9.4/../../../../tricore/lib/tc161\libc.a(lib_a-wcrtomb.o) (__wctomb)
c:/devel/hightec/toolchains/tricore/v4.9.1.0-infineon-1.1/bin/../lib/gcc/tricore/4.9.4/../../../../tricore/lib/tc161\libc.a(lib_a-wctype.o)
                              c:/devel/hightec/toolchains/tricore/v4.9.1.0-infineon-1.1/bin/../lib/gcc/tricore/4.9.4/../../../../tricore/lib/tc161\libstdc++.a(ctype_members.o) (wctype)
c:/devel/hightec/toolchains/tricore/v4.9.1.0-infineon-1.1/bin/../lib/gcc/tricore/4.9.4/../../../../tricore/lib/tc161\libc.a(lib_a-wmemchr.o)
                              c:/devel/hightec/toolchains/tricore/v4.9.1.0-infineon-1.1/bin/../lib/gcc/tricore/4.9.4/../../../../tricore/lib/tc161\libstdc++.a(wlocale-inst.o) (wmemchr)
c:/devel/hightec/toolchains/tricore/v4.9.1.0-infineon-1.1/bin/../lib/gcc/tricore/4.9.4/../../../../tricore/lib/tc161\libc.a(lib_a-wmemcmp.o)
                              c:/devel/hightec/toolchains/tricore/v4.9.1.0-infineon-1.1/bin/../lib/gcc/tricore/4.9.4/../../../../tricore/lib/tc161\libstdc++.a(wstring-inst.o) (wmemcmp)
c:/devel/hightec/toolchains/tricore/v4.9.1.0-infineon-1.1/bin/../lib/gcc/tricore/4.9.4/../../../../tricore/lib/tc161\libc.a(lib_a-wmemcpy.o)
                              c:/devel/hightec/toolchains/tricore/v4.9.1.0-infineon-1.1/bin/../lib/gcc/tricore/4.9.4/../../../../tricore/lib/tc161\libstdc++.a(streambuf-inst.o) (wmemcpy)
c:/devel/hightec/toolchains/tricore/v4.9.1.0-infineon-1.1/bin/../lib/gcc/tricore/4.9.4/../../../../tricore/lib/tc161\libc.a(lib_a-wmemmove.o)
                              c:/devel/hightec/toolchains/tricore/v4.9.1.0-infineon-1.1/bin/../lib/gcc/tricore/4.9.4/../../../../tricore/lib/tc161\libstdc++.a(wstring-inst.o) (wmemmove)
c:/devel/hightec/toolchains/tricore/v4.9.1.0-infineon-1.1/bin/../lib/gcc/tricore/4.9.4/../../../../tricore/lib/tc161\libc.a(lib_a-wmemset.o)
                              c:/devel/hightec/toolchains/tricore/v4.9.1.0-infineon-1.1/bin/../lib/gcc/tricore/4.9.4/../../../../tricore/lib/tc161\libstdc++.a(wlocale-inst.o) (wmemset)
c:/devel/hightec/toolchains/tricore/v4.9.1.0-infineon-1.1/bin/../lib/gcc/tricore/4.9.4/../../../../tricore/lib/tc161\libc.a(lib_a-writer.o)
                              c:/devel/hightec/toolchains/tricore/v4.9.1.0-infineon-1.1/bin/../lib/gcc/tricore/4.9.4/../../../../tricore/lib/tc161\libc.a(lib_a-stdio.o) (_write_r)
c:/devel/hightec/toolchains/tricore/v4.9.1.0-infineon-1.1/bin/../lib/gcc/tricore/4.9.4/../../../../tricore/lib/tc161\libc.a(lib_a-wsetup.o)
                              c:/devel/hightec/toolchains/tricore/v4.9.1.0-infineon-1.1/bin/../lib/gcc/tricore/4.9.4/../../../../tricore/lib/tc161\libc.a(lib_a-fvwrite.o) (__swsetup_r)
c:/devel/hightec/toolchains/tricore/v4.9.1.0-infineon-1.1/bin/../lib/gcc/tricore/4.9.4/../../../../tricore/lib/tc161\libc.a(lib_a-__atexit.o)
                              c:/devel/hightec/toolchains/tricore/v4.9.1.0-infineon-1.1/bin/../lib/gcc/tricore/4.9.4/../../../../tricore/lib/tc161\libc.a(lib_a-atexit.o) (__register_exitproc)
c:/devel/hightec/toolchains/tricore/v4.9.1.0-infineon-1.1/bin/../lib/gcc/tricore/4.9.4/../../../../tricore/lib/tc161\libc.a(lib_a-abs.o)
                              c:/devel/hightec/toolchains/tricore/v4.9.1.0-infineon-1.1/bin/../lib/gcc/tricore/4.9.4/../../../../tricore/lib/tc161\libc.a(lib_a-strftime.o) (abs)
c:/devel/hightec/toolchains/tricore/v4.9.1.0-infineon-1.1/bin/../lib/gcc/tricore/4.9.4/../../../../tricore/lib/tc161\libc.a(lib_a-closer.o)
                              c:/devel/hightec/toolchains/tricore/v4.9.1.0-infineon-1.1/bin/../lib/gcc/tricore/4.9.4/../../../../tricore/lib/tc161\libc.a(lib_a-stdio.o) (_close_r)
c:/devel/hightec/toolchains/tricore/v4.9.1.0-infineon-1.1/bin/../lib/gcc/tricore/4.9.4/../../../../tricore/lib/tc161\libc.a(lib_a-dtoa.o)
                              c:/devel/hightec/toolchains/tricore/v4.9.1.0-infineon-1.1/bin/../lib/gcc/tricore/4.9.4/../../../../tricore/lib/tc161\libc.a(lib_a-svfprintf.o) (_dtoa_r)
c:/devel/hightec/toolchains/tricore/v4.9.1.0-infineon-1.1/bin/../lib/gcc/tricore/4.9.4/../../../../tricore/lib/tc161\libc.a(lib_a-gdtoa-gethex.o)
                              c:/devel/hightec/toolchains/tricore/v4.9.1.0-infineon-1.1/bin/../lib/gcc/tricore/4.9.4/../../../../tricore/lib/tc161\libc.a(lib_a-strtod.o) (__gethex)
c:/devel/hightec/toolchains/tricore/v4.9.1.0-infineon-1.1/bin/../lib/gcc/tricore/4.9.4/../../../../tricore/lib/tc161\libc.a(lib_a-gdtoa-hexnan.o)
                              c:/devel/hightec/toolchains/tricore/v4.9.1.0-infineon-1.1/bin/../lib/gcc/tricore/4.9.4/../../../../tricore/lib/tc161\libc.a(lib_a-strtod.o) (__hexnan)
c:/devel/hightec/toolchains/tricore/v4.9.1.0-infineon-1.1/bin/../lib/gcc/tricore/4.9.4/../../../../tricore/lib/tc161\libc.a(lib_a-gettzinfo.o)
                              c:/devel/hightec/toolchains/tricore/v4.9.1.0-infineon-1.1/bin/../lib/gcc/tricore/4.9.4/../../../../tricore/lib/tc161\libc.a(lib_a-strftime.o) (__gettzinfo)
c:/devel/hightec/toolchains/tricore/v4.9.1.0-infineon-1.1/bin/../lib/gcc/tricore/4.9.4/../../../../tricore/lib/tc161\libc.a(lib_a-isattyr.o)
                              c:/devel/hightec/toolchains/tricore/v4.9.1.0-infineon-1.1/bin/../lib/gcc/tricore/4.9.4/../../../../tricore/lib/tc161\libc.a(lib_a-makebuf.o) (_isatty_r)
c:/devel/hightec/toolchains/tricore/v4.9.1.0-infineon-1.1/bin/../lib/gcc/tricore/4.9.4/../../../../tricore/lib/tc161\libc.a(lib_a-iswalnum.o)
                              c:/devel/hightec/toolchains/tricore/v4.9.1.0-infineon-1.1/bin/../lib/gcc/tricore/4.9.4/../../../../tricore/lib/tc161\libc.a(lib_a-iswctype.o) (iswalnum)
c:/devel/hightec/toolchains/tricore/v4.9.1.0-infineon-1.1/bin/../lib/gcc/tricore/4.9.4/../../../../tricore/lib/tc161\libc.a(lib_a-iswalpha.o)
                              c:/devel/hightec/toolchains/tricore/v4.9.1.0-infineon-1.1/bin/../lib/gcc/tricore/4.9.4/../../../../tricore/lib/tc161\libc.a(lib_a-iswctype.o) (iswalpha)
c:/devel/hightec/toolchains/tricore/v4.9.1.0-infineon-1.1/bin/../lib/gcc/tricore/4.9.4/../../../../tricore/lib/tc161\libc.a(lib_a-iswblank.o)
                              c:/devel/hightec/toolchains/tricore/v4.9.1.0-infineon-1.1/bin/../lib/gcc/tricore/4.9.4/../../../../tricore/lib/tc161\libc.a(lib_a-iswctype.o) (iswblank)
c:/devel/hightec/toolchains/tricore/v4.9.1.0-infineon-1.1/bin/../lib/gcc/tricore/4.9.4/../../../../tricore/lib/tc161\libc.a(lib_a-iswcntrl.o)
                              c:/devel/hightec/toolchains/tricore/v4.9.1.0-infineon-1.1/bin/../lib/gcc/tricore/4.9.4/../../../../tricore/lib/tc161\libc.a(lib_a-iswctype.o) (iswcntrl)
c:/devel/hightec/toolchains/tricore/v4.9.1.0-infineon-1.1/bin/../lib/gcc/tricore/4.9.4/../../../../tricore/lib/tc161\libc.a(lib_a-labs.o)
                              c:/devel/hightec/toolchains/tricore/v4.9.1.0-infineon-1.1/bin/../lib/gcc/tricore/4.9.4/../../../../tricore/lib/tc161\libc.a(lib_a-strftime.o) (labs)
c:/devel/hightec/toolchains/tricore/v4.9.1.0-infineon-1.1/bin/../lib/gcc/tricore/4.9.4/../../../../tricore/lib/tc161\libc.a(lib_a-lseekr.o)
                              c:/devel/hightec/toolchains/tricore/v4.9.1.0-infineon-1.1/bin/../lib/gcc/tricore/4.9.4/../../../../tricore/lib/tc161\libc.a(lib_a-stdio.o) (_lseek_r)
c:/devel/hightec/toolchains/tricore/v4.9.1.0-infineon-1.1/bin/../lib/gcc/tricore/4.9.4/../../../../tricore/lib/tc161\libc.a(lib_a-mprec.o)
                              c:/devel/hightec/toolchains/tricore/v4.9.1.0-infineon-1.1/bin/../lib/gcc/tricore/4.9.4/../../../../tricore/lib/tc161\libc.a(lib_a-strtod.o) (_Balloc)
c:/devel/hightec/toolchains/tricore/v4.9.1.0-infineon-1.1/bin/../lib/gcc/tricore/4.9.4/../../../../tricore/lib/tc161\libc.a(lib_a-readr.o)
                              c:/devel/hightec/toolchains/tricore/v4.9.1.0-infineon-1.1/bin/../lib/gcc/tricore/4.9.4/../../../../tricore/lib/tc161\libc.a(lib_a-stdio.o) (_read_r)
c:/devel/hightec/toolchains/tricore/v4.9.1.0-infineon-1.1/bin/../lib/gcc/tricore/4.9.4/../../../../tricore/lib/tc161\libc.a(lib_a-s_fpclassify.o)
                              c:/devel/hightec/toolchains/tricore/v4.9.1.0-infineon-1.1/bin/../lib/gcc/tricore/4.9.4/../../../../tricore/lib/tc161\libc.a(lib_a-strtod.o) (__fpclassifyd)
c:/devel/hightec/toolchains/tricore/v4.9.1.0-infineon-1.1/bin/../lib/gcc/tricore/4.9.4/../../../../tricore/lib/tc161\libc.a(lib_a-sccl.o)
                              c:/devel/hightec/toolchains/tricore/v4.9.1.0-infineon-1.1/bin/../lib/gcc/tricore/4.9.4/../../../../tricore/lib/tc161\libc.a(lib_a-svfscanf.o) (__sccl)
c:/devel/hightec/toolchains/tricore/v4.9.1.0-infineon-1.1/bin/../lib/gcc/tricore/4.9.4/../../../../tricore/lib/tc161\libc.a(lib_a-sf_nan.o)
                              c:/devel/hightec/toolchains/tricore/v4.9.1.0-infineon-1.1/bin/../lib/gcc/tricore/4.9.4/../../../../tricore/lib/tc161\libc.a(lib_a-strtod.o) (nanf)
c:/devel/hightec/toolchains/tricore/v4.9.1.0-infineon-1.1/bin/../lib/gcc/tricore/4.9.4/../../../../tricore/lib/tc161\libc.a(lib_a-snprintf.o)
                              c:/devel/hightec/toolchains/tricore/v4.9.1.0-infineon-1.1/bin/../lib/gcc/tricore/4.9.4/../../../../tricore/lib/tc161\libc.a(lib_a-strftime.o) (snprintf)
c:/devel/hightec/toolchains/tricore/v4.9.1.0-infineon-1.1/bin/../lib/gcc/tricore/4.9.4/../../../../tricore/lib/tc161\libc.a(lib_a-strtol.o)
                              c:/devel/hightec/toolchains/tricore/v4.9.1.0-infineon-1.1/bin/../lib/gcc/tricore/4.9.4/../../../../tricore/lib/tc161\libc.a(lib_a-svfscanf.o) (_strtol_r)
c:/devel/hightec/toolchains/tricore/v4.9.1.0-infineon-1.1/bin/../lib/gcc/tricore/4.9.4/../../../../tricore/lib/tc161\libc.a(lib_a-strtoll_r.o)
                              c:/devel/hightec/toolchains/tricore/v4.9.1.0-infineon-1.1/bin/../lib/gcc/tricore/4.9.4/../../../../tricore/lib/tc161\libc.a(lib_a-svfscanf.o) (_strtoll_r)
c:/devel/hightec/toolchains/tricore/v4.9.1.0-infineon-1.1/bin/../lib/gcc/tricore/4.9.4/../../../../tricore/lib/tc161\libc.a(lib_a-strtoul.o)
                              c:/devel/hightec/toolchains/tricore/v4.9.1.0-infineon-1.1/bin/../lib/gcc/tricore/4.9.4/../../../../tricore/lib/tc161\libc.a(lib_a-svfscanf.o) (_strtoul_r)
c:/devel/hightec/toolchains/tricore/v4.9.1.0-infineon-1.1/bin/../lib/gcc/tricore/4.9.4/../../../../tricore/lib/tc161\libc.a(lib_a-strtoull_r.o)
                              c:/devel/hightec/toolchains/tricore/v4.9.1.0-infineon-1.1/bin/../lib/gcc/tricore/4.9.4/../../../../tricore/lib/tc161\libc.a(lib_a-svfscanf.o) (_strtoull_r)
c:/devel/hightec/toolchains/tricore/v4.9.1.0-infineon-1.1/bin/../lib/gcc/tricore/4.9.4/../../../../tricore/lib/tc161\libc.a(lib_a-svfiprintf.o)
                              c:/devel/hightec/toolchains/tricore/v4.9.1.0-infineon-1.1/bin/../lib/gcc/tricore/4.9.4/../../../../tricore/lib/tc161\libc.a(lib_a-svfprintf.o) (__ssprint_r)
c:/devel/hightec/toolchains/tricore/v4.9.1.0-infineon-1.1/bin/../lib/gcc/tricore/4.9.4/../../../../tricore/lib/tc161\libc.a(lib_a-svfiscanf.o)
                              c:/devel/hightec/toolchains/tricore/v4.9.1.0-infineon-1.1/bin/../lib/gcc/tricore/4.9.4/../../../../tricore/lib/tc161\libc.a(lib_a-svfscanf.o) (_sungetc_r)
c:/devel/hightec/toolchains/tricore/v4.9.1.0-infineon-1.1/bin/../lib/gcc/tricore/4.9.4/../../../../tricore/lib/tc161\libc.a(lib_a-vfiprintf.o)
                              c:/devel/hightec/toolchains/tricore/v4.9.1.0-infineon-1.1/bin/../lib/gcc/tricore/4.9.4/../../../../tricore/lib/tc161\libc.a(lib_a-vfprintf.o) (__sprint_r)
c:/devel/hightec/toolchains/tricore/v4.9.1.0-infineon-1.1/bin/../lib/gcc/tricore/4.9.4/../../../../tricore/lib/tc161\libc.a(lib_a-wcscmp.o)
                              c:/devel/hightec/toolchains/tricore/v4.9.1.0-infineon-1.1/bin/../lib/gcc/tricore/4.9.4/../../../../tricore/lib/tc161\libc.a(lib_a-wcscoll.o) (wcscmp)
c:/devel/hightec/toolchains/tricore/v4.9.1.0-infineon-1.1/bin/../lib/gcc/tricore/4.9.4/../../../../tricore/lib/tc161\libc.a(lib_a-wcslcpy.o)
                              c:/devel/hightec/toolchains/tricore/v4.9.1.0-infineon-1.1/bin/../lib/gcc/tricore/4.9.4/../../../../tricore/lib/tc161\libc.a(lib_a-wcsxfrm.o) (wcslcpy)
c:/devel/hightec/toolchains/tricore/v4.9.1.0-infineon-1.1/bin/../lib/gcc/tricore/4.9.4/../../../../tricore/lib/tc161\libc.a(lib_a-callocr.o)
                              c:/devel/hightec/toolchains/tricore/v4.9.1.0-infineon-1.1/bin/../lib/gcc/tricore/4.9.4/../../../../tricore/lib/tc161\libc.a(lib_a-mprec.o) (_calloc_r)
c:/devel/hightec/toolchains/tricore/v4.9.1.0-infineon-1.1/bin/../lib/gcc/tricore/4.9.4/../../../../tricore/lib/tc161\libos.a(libos.o)
                              c:/devel/hightec/toolchains/tricore/v4.9.1.0-infineon-1.1/bin/../lib/gcc/tricore/4.9.4/../../../../tricore/lib/tc161\libc.a(lib_a-isattyr.o) (isatty)
c:/devel/hightec/toolchains/tricore/v4.9.1.0-infineon-1.1/bin/../lib/gcc/tricore/4.9.4/../../../../tricore/lib/tc161\libos.a(vio_close.o)
                              c:/devel/hightec/toolchains/tricore/v4.9.1.0-infineon-1.1/bin/../lib/gcc/tricore/4.9.4/../../../../tricore/lib/tc161\libc.a(lib_a-closer.o) (close)
c:/devel/hightec/toolchains/tricore/v4.9.1.0-infineon-1.1/bin/../lib/gcc/tricore/4.9.4/../../../../tricore/lib/tc161\libos.a(vio_lseek.o)
                              c:/devel/hightec/toolchains/tricore/v4.9.1.0-infineon-1.1/bin/../lib/gcc/tricore/4.9.4/../../../../tricore/lib/tc161\libstdc++.a(basic_file.o) (lseek)
c:/devel/hightec/toolchains/tricore/v4.9.1.0-infineon-1.1/bin/../lib/gcc/tricore/4.9.4/../../../../tricore/lib/tc161\libos.a(vio_open.o)
                              c:/devel/hightec/toolchains/tricore/v4.9.1.0-infineon-1.1/bin/../lib/gcc/tricore/4.9.4/../../../../tricore/lib/tc161\libc.a(lib_a-openr.o) (open)
c:/devel/hightec/toolchains/tricore/v4.9.1.0-infineon-1.1/bin/../lib/gcc/tricore/4.9.4/../../../../tricore/lib/tc161\libos.a(vio_read.o)
                              c:/devel/hightec/toolchains/tricore/v4.9.1.0-infineon-1.1/bin/../lib/gcc/tricore/4.9.4/../../../../tricore/lib/tc161\libstdc++.a(basic_file.o) (read)
c:/devel/hightec/toolchains/tricore/v4.9.1.0-infineon-1.1/bin/../lib/gcc/tricore/4.9.4/../../../../tricore/lib/tc161\libos.a(vio_virtio.o)
                              c:/devel/hightec/toolchains/tricore/v4.9.1.0-infineon-1.1/bin/../lib/gcc/tricore/4.9.4/../../../../tricore/lib/tc161\libos.a(vio_close.o) (___virtio_hnd)
c:/devel/hightec/toolchains/tricore/v4.9.1.0-infineon-1.1/bin/../lib/gcc/tricore/4.9.4/../../../../tricore/lib/tc161\libos.a(vio_write.o)
                              c:/devel/hightec/toolchains/tricore/v4.9.1.0-infineon-1.1/bin/../lib/gcc/tricore/4.9.4/../../../../tricore/lib/tc161\libstdc++.a(basic_file.o) (write)
c:/devel/hightec/toolchains/tricore/v4.9.1.0-infineon-1.1/bin/../lib/gcc/tricore/4.9.4/../../../../tricore/lib/tc161\libos.a(libos_abort.o)
                              c:/devel/hightec/toolchains/tricore/v4.9.1.0-infineon-1.1/bin/../lib/gcc/tricore/4.9.4/../../../../tricore/lib/tc161\libstdc++.a(istream-inst.o) (abort)
c:/devel/hightec/toolchains/tricore/v4.9.1.0-infineon-1.1/bin/../lib/gcc/tricore/4.9.4/../../../../tricore/lib/tc161\libos.a(libos_exit.o)
                              c:/devel/hightec/toolchains/tricore/v4.9.1.0-infineon-1.1/bin/../lib/gcc/tricore/4.9.4/crt0-tc23xx.o (_exit)
c:/devel/hightec/toolchains/tricore/v4.9.1.0-infineon-1.1/bin/../lib/gcc/tricore/4.9.4/../../../../tricore/lib/tc161\libos.a(libos_sbrk.o)
                              c:/devel/hightec/toolchains/tricore/v4.9.1.0-infineon-1.1/bin/../lib/gcc/tricore/4.9.4/../../../../tricore/lib/tc161\libc.a(lib_a-sbrkr.o) (sbrk)
c:/devel/hightec/toolchains/tricore/v4.9.1.0-infineon-1.1/bin/../lib/gcc/tricore/4.9.4/tc161\libgcc.a(_fixunsdfsi.o)
                              c:/devel/hightec/toolchains/tricore/v4.9.1.0-infineon-1.1/bin/../lib/gcc/tricore/4.9.4/../../../../tricore/lib/tc161\libc.a(lib_a-strtod.o) (__fixunsdfsi)
c:/devel/hightec/toolchains/tricore/v4.9.1.0-infineon-1.1/bin/../lib/gcc/tricore/4.9.4/tc161\libgcc.a(_addsub_df.o)
                              c:/devel/hightec/toolchains/tricore/v4.9.1.0-infineon-1.1/bin/../lib/gcc/tricore/4.9.4/../../../../tricore/lib/tc161\libc.a(lib_a-strtod.o) (__adddf3)
c:/devel/hightec/toolchains/tricore/v4.9.1.0-infineon-1.1/bin/../lib/gcc/tricore/4.9.4/tc161\libgcc.a(_mul_df.o)
                              c:/devel/hightec/toolchains/tricore/v4.9.1.0-infineon-1.1/bin/../lib/gcc/tricore/4.9.4/../../../../tricore/lib/tc161\libc.a(lib_a-strtod.o) (__muldf3)
c:/devel/hightec/toolchains/tricore/v4.9.1.0-infineon-1.1/bin/../lib/gcc/tricore/4.9.4/tc161\libgcc.a(_div_df.o)
                              c:/devel/hightec/toolchains/tricore/v4.9.1.0-infineon-1.1/bin/../lib/gcc/tricore/4.9.4/../../../../tricore/lib/tc161\libc.a(lib_a-strtod.o) (__divdf3)
c:/devel/hightec/toolchains/tricore/v4.9.1.0-infineon-1.1/bin/../lib/gcc/tricore/4.9.4/tc161\libgcc.a(_eq_df.o)
                              c:/devel/hightec/toolchains/tricore/v4.9.1.0-infineon-1.1/bin/../lib/gcc/tricore/4.9.4/../../../../tricore/lib/tc161\libc.a(lib_a-strtod.o) (__eqdf2)
c:/devel/hightec/toolchains/tricore/v4.9.1.0-infineon-1.1/bin/../lib/gcc/tricore/4.9.4/tc161\libgcc.a(_ne_df.o)
                              c:/devel/hightec/toolchains/tricore/v4.9.1.0-infineon-1.1/bin/../lib/gcc/tricore/4.9.4/../../../../tricore/lib/tc161\libc.a(lib_a-svfprintf.o) (__nedf2)
c:/devel/hightec/toolchains/tricore/v4.9.1.0-infineon-1.1/bin/../lib/gcc/tricore/4.9.4/tc161\libgcc.a(_ge_df.o)
                              c:/devel/hightec/toolchains/tricore/v4.9.1.0-infineon-1.1/bin/../lib/gcc/tricore/4.9.4/../../../../tricore/lib/tc161\libc.a(lib_a-dtoa.o) (__gedf2)
c:/devel/hightec/toolchains/tricore/v4.9.1.0-infineon-1.1/bin/../lib/gcc/tricore/4.9.4/tc161\libgcc.a(_le_df.o)
                              c:/devel/hightec/toolchains/tricore/v4.9.1.0-infineon-1.1/bin/../lib/gcc/tricore/4.9.4/../../../../tricore/lib/tc161\libc.a(lib_a-strtod.o) (__ledf2)
c:/devel/hightec/toolchains/tricore/v4.9.1.0-infineon-1.1/bin/../lib/gcc/tricore/4.9.4/tc161\libgcc.a(_si_to_df.o)
                              c:/devel/hightec/toolchains/tricore/v4.9.1.0-infineon-1.1/bin/../lib/gcc/tricore/4.9.4/../../../../tricore/lib/tc161\libc.a(lib_a-strtod.o) (__floatsidf)
c:/devel/hightec/toolchains/tricore/v4.9.1.0-infineon-1.1/bin/../lib/gcc/tricore/4.9.4/tc161\libgcc.a(_df_to_si.o)
                              c:/devel/hightec/toolchains/tricore/v4.9.1.0-infineon-1.1/bin/../lib/gcc/tricore/4.9.4/../../../../tricore/lib/tc161\libc.a(lib_a-strtod.o) (__fixdfsi)
c:/devel/hightec/toolchains/tricore/v4.9.1.0-infineon-1.1/bin/../lib/gcc/tricore/4.9.4/tc161\libgcc.a(_df_to_sf.o)
                              c:/devel/hightec/toolchains/tricore/v4.9.1.0-infineon-1.1/bin/../lib/gcc/tricore/4.9.4/../../../../tricore/lib/tc161\libc.a(lib_a-strtod.o) (__truncdfsf2)
c:/devel/hightec/toolchains/tricore/v4.9.1.0-infineon-1.1/bin/../lib/gcc/tricore/4.9.4/tc161\libgcc.a(_thenan_df.o)
                              c:/devel/hightec/toolchains/tricore/v4.9.1.0-infineon-1.1/bin/../lib/gcc/tricore/4.9.4/tc161\libgcc.a(_addsub_df.o) (__thenan_df)
c:/devel/hightec/toolchains/tricore/v4.9.1.0-infineon-1.1/bin/../lib/gcc/tricore/4.9.4/tc161\libgcc.a(_usi_to_df.o)
                              c:/devel/hightec/toolchains/tricore/v4.9.1.0-infineon-1.1/bin/../lib/gcc/tricore/4.9.4/../../../../tricore/lib/tc161\libc.a(lib_a-strtod.o) (__floatunsidf)
c:/devel/hightec/toolchains/tricore/v4.9.1.0-infineon-1.1/bin/../lib/gcc/tricore/4.9.4/tc161\libgcc.a(_make_sf.o)
                              c:/devel/hightec/toolchains/tricore/v4.9.1.0-infineon-1.1/bin/../lib/gcc/tricore/4.9.4/tc161\libgcc.a(_df_to_sf.o) (__make_fp)
c:/devel/hightec/toolchains/tricore/v4.9.1.0-infineon-1.1/bin/../lib/gcc/tricore/4.9.4/tc161\libgcc.a(_pack_sf.o)
                              c:/devel/hightec/toolchains/tricore/v4.9.1.0-infineon-1.1/bin/../lib/gcc/tricore/4.9.4/tc161\libgcc.a(_make_sf.o) (__pack_f)
