Archive member included because of file (symbol)

c:/devel/hightec/toolchains/tricore/v4.9.1.0-infineon-1.1/bin/../lib/gcc/tricore/4.9.4/../../../../tricore/lib/tc161\libc.a(lib_a-exit.o)
                              main.o (exit)
c:/devel/hightec/toolchains/tricore/v4.9.1.0-infineon-1.1/bin/../lib/gcc/tricore/4.9.4/../../../../tricore/lib/tc161\libc.a(lib_a-impure.o)
                              c:/devel/hightec/toolchains/tricore/v4.9.1.0-infineon-1.1/bin/../lib/gcc/tricore/4.9.4/../../../../tricore/lib/tc161\libc.a(lib_a-exit.o) (_global_impure_ptr)
c:/devel/hightec/toolchains/tricore/v4.9.1.0-infineon-1.1/bin/../lib/gcc/tricore/4.9.4/../../../../tricore/lib/tc161\libc.a(lib_a-printf.o)
                              main.o (printf)
c:/devel/hightec/toolchains/tricore/v4.9.1.0-infineon-1.1/bin/../lib/gcc/tricore/4.9.4/../../../../tricore/lib/tc161\libc.a(lib_a-puts.o)
                              main.o (puts)
c:/devel/hightec/toolchains/tricore/v4.9.1.0-infineon-1.1/bin/../lib/gcc/tricore/4.9.4/../../../../tricore/lib/tc161\libc.a(lib_a-strlen.o)
                              c:/devel/hightec/toolchains/tricore/v4.9.1.0-infineon-1.1/bin/../lib/gcc/tricore/4.9.4/../../../../tricore/lib/tc161\libc.a(lib_a-puts.o) (strlen)
c:/devel/hightec/toolchains/tricore/v4.9.1.0-infineon-1.1/bin/../lib/gcc/tricore/4.9.4/../../../../tricore/lib/tc161\libc.a(lib_a-vfprintf.o)
                              c:/devel/hightec/toolchains/tricore/v4.9.1.0-infineon-1.1/bin/../lib/gcc/tricore/4.9.4/../../../../tricore/lib/tc161\libc.a(lib_a-printf.o) (_vfprintf_r)
c:/devel/hightec/toolchains/tricore/v4.9.1.0-infineon-1.1/bin/../lib/gcc/tricore/4.9.4/../../../../tricore/lib/tc161\libc.a(lib_a-wsetup.o)
                              c:/devel/hightec/toolchains/tricore/v4.9.1.0-infineon-1.1/bin/../lib/gcc/tricore/4.9.4/../../../../tricore/lib/tc161\libc.a(lib_a-vfprintf.o) (__swsetup_r)
c:/devel/hightec/toolchains/tricore/v4.9.1.0-infineon-1.1/bin/../lib/gcc/tricore/4.9.4/../../../../tricore/lib/tc161\libc.a(lib_a-__call_atexit.o)
                              c:/devel/hightec/toolchains/tricore/v4.9.1.0-infineon-1.1/bin/../lib/gcc/tricore/4.9.4/../../../../tricore/lib/tc161\libc.a(lib_a-exit.o) (__call_exitprocs)
c:/devel/hightec/toolchains/tricore/v4.9.1.0-infineon-1.1/bin/../lib/gcc/tricore/4.9.4/../../../../tricore/lib/tc161\libc.a(lib_a-dtoa.o)
                              c:/devel/hightec/toolchains/tricore/v4.9.1.0-infineon-1.1/bin/../lib/gcc/tricore/4.9.4/../../../../tricore/lib/tc161\libc.a(lib_a-vfprintf.o) (_dtoa_r)
c:/devel/hightec/toolchains/tricore/v4.9.1.0-infineon-1.1/bin/../lib/gcc/tricore/4.9.4/../../../../tricore/lib/tc161\libc.a(lib_a-fflush.o)
                              c:/devel/hightec/toolchains/tricore/v4.9.1.0-infineon-1.1/bin/../lib/gcc/tricore/4.9.4/../../../../tricore/lib/tc161\libc.a(lib_a-vfprintf.o) (_fflush_r)
c:/devel/hightec/toolchains/tricore/v4.9.1.0-infineon-1.1/bin/../lib/gcc/tricore/4.9.4/../../../../tricore/lib/tc161\libc.a(lib_a-findfp.o)
                              c:/devel/hightec/toolchains/tricore/v4.9.1.0-infineon-1.1/bin/../lib/gcc/tricore/4.9.4/../../../../tricore/lib/tc161\libc.a(lib_a-vfprintf.o) (__sinit)
c:/devel/hightec/toolchains/tricore/v4.9.1.0-infineon-1.1/bin/../lib/gcc/tricore/4.9.4/../../../../tricore/lib/tc161\libc.a(lib_a-freer.o)
                              c:/devel/hightec/toolchains/tricore/v4.9.1.0-infineon-1.1/bin/../lib/gcc/tricore/4.9.4/../../../../tricore/lib/tc161\libc.a(lib_a-wsetup.o) (_free_r)
c:/devel/hightec/toolchains/tricore/v4.9.1.0-infineon-1.1/bin/../lib/gcc/tricore/4.9.4/../../../../tricore/lib/tc161\libc.a(lib_a-fvwrite.o)
                              c:/devel/hightec/toolchains/tricore/v4.9.1.0-infineon-1.1/bin/../lib/gcc/tricore/4.9.4/../../../../tricore/lib/tc161\libc.a(lib_a-puts.o) (__sfvwrite_r)
c:/devel/hightec/toolchains/tricore/v4.9.1.0-infineon-1.1/bin/../lib/gcc/tricore/4.9.4/../../../../tricore/lib/tc161\libc.a(lib_a-fwalk.o)
                              c:/devel/hightec/toolchains/tricore/v4.9.1.0-infineon-1.1/bin/../lib/gcc/tricore/4.9.4/../../../../tricore/lib/tc161\libc.a(lib_a-findfp.o) (_fwalk)
c:/devel/hightec/toolchains/tricore/v4.9.1.0-infineon-1.1/bin/../lib/gcc/tricore/4.9.4/../../../../tricore/lib/tc161\libc.a(lib_a-locale.o)
                              c:/devel/hightec/toolchains/tricore/v4.9.1.0-infineon-1.1/bin/../lib/gcc/tricore/4.9.4/../../../../tricore/lib/tc161\libc.a(lib_a-vfprintf.o) (_localeconv_r)
c:/devel/hightec/toolchains/tricore/v4.9.1.0-infineon-1.1/bin/../lib/gcc/tricore/4.9.4/../../../../tricore/lib/tc161\libc.a(lib_a-makebuf.o)
                              c:/devel/hightec/toolchains/tricore/v4.9.1.0-infineon-1.1/bin/../lib/gcc/tricore/4.9.4/../../../../tricore/lib/tc161\libc.a(lib_a-wsetup.o) (__smakebuf_r)
c:/devel/hightec/toolchains/tricore/v4.9.1.0-infineon-1.1/bin/../lib/gcc/tricore/4.9.4/../../../../tricore/lib/tc161\libc.a(lib_a-mallocr.o)
[...]
Memory Configuration

Name             Origin             Length             Used               Free               Attributes
PMU_PFLASH0      0x80000000         0x00200000         0x000057d8         0x001fa828         xr !p
PMU_PFLASH1      0x00000000         0x00000000         0x00000000         0x00000000         xr !p
PMU_DFLASH0      0xaf000000         0x00020000         0x00000000         0x00020000         w !xp
PMI_SPRAM        0xc0000000         0x00002000         0x00000000         0x00002000         xr !p
DMI_LDRAM        0xd0000000         0x0002e000         0x000079c0         0x00026640         w !xp
PCP_PRAM         0x00000000         0x00000000         0x00000000         0x00000000         wp !x
PCP_CMEM         0x00000000         0x00000000         0x00000000         0x00000000         xrp
*default*        0x00000000         0xffffffff         0x0005f4db         0xfffa0b24

List of aliases

PMU_PFLASH0     : CODE_MEM
DMI_LDRAM       : CSA_MEM ZDATA_MEM BSS_MEM SDATA_MEM DATA_MEM
PCP_PRAM        : PCP_DATA
PCP_CMEM        : PCP_CODE

Linker script and memory map

LOAD c:/devel/hightec/toolchains/tricore/v4.9.1.0-infineon-1.1/bin/../lib/gcc/tricore/4.9.4/crt0-tc23xx.o
LOAD main.o
LOAD c:/devel/hightec/toolchains/tricore/v4.9.1.0-infineon-1.1/bin/../lib/gcc/tricore/4.9.4/tc161\libgcc.a
LOAD c:/devel/hightec/toolchains/tricore/v4.9.1.0-infineon-1.1/bin/../lib/gcc/tricore/4.9.4/../../../../tricore/lib/tc161\libc.a
LOAD c:/devel/hightec/toolchains/tricore/v4.9.1.0-infineon-1.1/bin/../lib/gcc/tricore/4.9.4/../../../../tricore/lib/tc161\libos.a
LOAD c:/devel/hightec/toolchains/tricore/v4.9.1.0-infineon-1.1/bin/../lib/gcc/tricore/4.9.4/../../../../tricore/lib/tc161\libm.a
LOAD c:/devel/hightec/toolchains/tricore/v4.9.1.0-infineon-1.1/bin/../lib/gcc/tricore/4.9.4/../../../../tricore/lib/tc161\libc.a
LOAD c:/devel/hightec/toolchains/tricore/v4.9.1.0-infineon-1.1/bin/../lib/gcc/tricore/4.9.4/tc161\libgcc.a
LOAD c:/devel/hightec/toolchains/tricore/v4.9.1.0-infineon-1.1/bin/../lib/gcc/tricore/4.9.4/tc161/crtend.o
LOAD c:/devel/hightec/toolchains/tricore/v4.9.1.0-infineon-1.1/bin/../lib/gcc/tricore/4.9.4/tc161/crtn.o
                [0x00000100]                __ISTACK_SIZE = DEFINED (__ISTACK_SIZE)?__ISTACK_SIZE:0x1000
                [0x00001000]                __USTACK_SIZE = DEFINED (__USTACK_SIZE)?__USTACK_SIZE:0x5000
                [0x00004000]                __CSA_SIZE = DEFINED (__CSA_SIZE)?__CSA_SIZE:0x1000
                [0x00002000]                __HEAP_SIZE = DEFINED (__HEAP_SIZE)?__HEAP_SIZE:0x2000
LOAD c:/devel/hightec/toolchains/tricore/v4.9.1.0-infineon-1.1/bin/../lib/gcc/tricore/4.9.4/tc161/crti.o
LOAD c:/devel/hightec/toolchains/tricore/v4.9.1.0-infineon-1.1/bin/../lib/gcc/tricore/4.9.4/tc161/crtbegin.o
                0x00001000                __USTACK_SIZE = 0x1000
                0x00000100                __ISTACK_SIZE = 0x100
                0x00002000                __HEAP_MIN = 0x2000
                0x00004000                __CSA_SIZE = 0x4000
                0x00002300                __TRICORE_DERIVATE_MEMORY_MAP__ = 0x2300
                0x00000000                __EXT_CODE_RAM_BEGIN = 0x0
                0x00000000                __EXT_CODE_RAM_SIZE = 0x0
                0x00000000                __EXT_DATA_RAM_BEGIN = 0x0
                0x00000000                __EXT_DATA_RAM_SIZE = 0x0
                0x00000000                __RAM_END = (__EXT_DATA_RAM_BEGIN + __EXT_DATA_RAM_SIZE)
                0x80000000                __INT_CODE_FLASH_BEGIN = 0x80000000
                0x00200000                __INT_CODE_FLASH_SIZE = 0x200000
                0x00000000                __INT_CODE_FLASH_BANK1_BEGIN = 0x0
                0x00000000                __INT_CODE_FLASH_BANK1_SIZE = 0x0
                0xaf000000                __INT_DATA_FLASH_BEGIN = 0xaf000000
                0x00020000                __INT_DATA_FLASH_SIZE = 0x20000
                0xc0000000                __INT_CODE_RAM_BEGIN = 0xc0000000
                0x00002000                __INT_CODE_RAM_SIZE = 0x2000
                0xd0000000                __INT_DATA_RAM_BEGIN = 0xd0000000
                0x0002e000                __INT_DATA_RAM_SIZE = 0x2e000
                0x00000000                __PCP_CODE_RAM_BEGIN = 0x0
                0x00000000                __PCP_CODE_RAM_SIZE = 0x0
                0x00000000                __PCP_DATA_RAM_BEGIN = 0x0
                0x00000000                __PCP_DATA_RAM_SIZE = 0x0
                0x00000001                _. = ASSERT ((__TRICORE_DERIVATE_MEMORY_MAP__ == __TRICORE_DERIVATE_NAME__), Using wrong Memory Map. This Map is for TC23XX)

.startup        memory region -> PMU_PFLASH0
                0x80000000      0x400
 *(.startup_code)
 .startup_code  0x80000000      0x400 c:/devel/hightec/toolchains/tricore/v4.9.1.0-infineon-1.1/bin/../lib/gcc/tricore/4.9.4/crt0-tc23xx.o
                0x80000020                _start
                0x800001be                __init_csa
                0x80000232                __clear_table_func
                0x80000286                __copy_table_func
                0x80000300                first_trap_table
                0x80000400                . = ALIGN (0x8)

.zbss           memory region -> DMI_LDRAM
                0xd0000000        0x0
                0xd0000000                ZBSS_BASE = .
 *(.zbss)
 *(.zbss.*)
 *(.gnu.linkonce.zb.*)
 *(.bbss)
 *(.bbss.*)
                0xd0000000                ZBSS_END = .

.zdata          memory region -> DMI_LDRAM
                0xd0000000        0x0 load address 0x80000400
                0xd0000000                ZDATA_BASE = .
 *(.zdata)
 *(.zdata.*)
 *(.gnu.linkonce.z.*)
 *(.bdata)
 *(.bdata.*)
                0xd0000000                ZDATA_END = .

.zrodata        memory region -> DMI_LDRAM
                0xd0000000        0x0 load address 0x80000400
 *(.zrodata)
 *(.zrodata.*)
 *(.gnu.linkonce.zr.*)

.traptab
 *(.traptab)

.inttab
 *(.inttab)

.init           memory region -> PMU_PFLASH0
                0x80000400       0x12
 *(SORT(.init*))
 .init          0x80000400        0x0 c:/devel/hightec/toolchains/tricore/v4.9.1.0-infineon-1.1/bin/../lib/gcc/tricore/4.9.4/tc161/crti.o
                0x80000400                _init
 .init          0x80000400        0x4 c:/devel/hightec/toolchains/tricore/v4.9.1.0-infineon-1.1/bin/../lib/gcc/tricore/4.9.4/tc161/crtbegin.o
 .init          0x80000404        0x4 c:/devel/hightec/toolchains/tricore/v4.9.1.0-infineon-1.1/bin/../lib/gcc/tricore/4.9.4/tc161/crtend.o
 .init          0x80000408        0x2 c:/devel/hightec/toolchains/tricore/v4.9.1.0-infineon-1.1/bin/../lib/gcc/tricore/4.9.4/tc161/crtn.o
 *(SORT(.fini*))
 *fill*         0x8000040a        0x2 00000000
 .fini          0x8000040c        0x0 c:/devel/hightec/toolchains/tricore/v4.9.1.0-infineon-1.1/bin/../lib/gcc/tricore/4.9.4/tc161/crti.o
                0x8000040c                _fini
 .fini          0x8000040c        0x4 c:/devel/hightec/toolchains/tricore/v4.9.1.0-infineon-1.1/bin/../lib/gcc/tricore/4.9.4/tc161/crtbegin.o
 .fini          0x80000410        0x2 c:/devel/hightec/toolchains/tricore/v4.9.1.0-infineon-1.1/bin/../lib/gcc/tricore/4.9.4/tc161/crtn.o

.text           memory region -> PMU_PFLASH0
                0x80000418     0x48c2
 *(.text)
 *(.text.*)
 .text.deregister_tm_clones
                0x80000418       0x28 c:/devel/hightec/toolchains/tricore/v4.9.1.0-infineon-1.1/bin/../lib/gcc/tricore/4.9.4/tc161/crtbegin.o
 .text.register_tm_clones
                0x80000440       0x2c c:/devel/hightec/toolchains/tricore/v4.9.1.0-infineon-1.1/bin/../lib/gcc/tricore/4.9.4/tc161/crtbegin.o
 .text.__do_global_dtors_aux
                0x8000046c       0x4c c:/devel/hightec/toolchains/tricore/v4.9.1.0-infineon-1.1/bin/../lib/gcc/tricore/4.9.4/tc161/crtbegin.o
 .text.frame_dummy
                0x800004b8       0x1e c:/devel/hightec/toolchains/tricore/v4.9.1.0-infineon-1.1/bin/../lib/gcc/tricore/4.9.4/tc161/crtbegin.o
 .text.main     0x800004d6       0x24 main.o
                0x800004d6                main
 .text.exit     0x800004fa       0x3e c:/devel/hightec/toolchains/tricore/v4.9.1.0-infineon-1.1/bin/../lib/gcc/tricore/4.9.4/../../../../tricore/lib/tc161\libc.a(lib_a-exit.o)
                0x800004fa                exit
 .text.printf   0x80000538       0x14 c:/devel/hightec/toolchains/tricore/v4.9.1.0-infineon-1.1/bin/../lib/gcc/tricore/4.9.4/../../../../tricore/lib/tc161\libc.a(lib_a-printf.o)
                0x80000538                printf
 .text._puts_r  0x8000054c       0x64 c:/devel/hightec/toolchains/tricore/v4.9.1.0-infineon-1.1/bin/../lib/gcc/tricore/4.9.4/../../../../tricore/lib/tc161\libc.a(lib_a-puts.o)
                0x8000054c                _puts_r
 .text.puts     0x800005b0        0xe c:/devel/hightec/toolchains/tricore/v4.9.1.0-infineon-1.1/bin/../lib/gcc/tricore/4.9.4/../../../../tricore/lib/tc161\libc.a(lib_a-puts.o)
                0x800005b0                puts
 .text.strlen   0x800005be       0x14 c:/devel/hightec/toolchains/tricore/v4.9.1.0-infineon-1.1/bin/../lib/gcc/tricore/4.9.4/../../../../tricore/lib/tc161\libc.a(lib_a-strlen.o)
                0x800005be                strlen
 *fill*         0x800005d2        0x2 00000000
 .text._vfprintf_r
                0x800005d4     0x12a8 c:/devel/hightec/toolchains/tricore/v4.9.1.0-infineon-1.1/bin/../lib/gcc/tricore/4.9.4/../../../../tricore/lib/tc161\libc.a(lib_a-vfprintf.o)
                0x800005d4                _vfprintf_r
 .text.__swsetup_r
                0x8000187c       0x92 c:/devel/hightec/toolchains/tricore/v4.9.1.0-infineon-1.1/bin/../lib/gcc/tricore/4.9.4/../../../../tricore/lib/tc161\libc.a(lib_a-wsetup.o)
                0x8000187c                __swsetup_r
 .text.__call_exitprocs
                0x8000190e       0xb6 c:/devel/hightec/toolchains/tricore/v4.9.1.0-infineon-1.1/bin/../lib/gcc/tricore/4.9.4/../../../../tricore/lib/tc161\libc.a(lib_a-__call_atexit.o)
                0x8000190e                __call_exitprocs
 .text.quorem   0x800019c4      0x11a c:/devel/hightec/toolchains/tricore/v4.9.1.0-infineon-1.1/bin/../lib/gcc/tricore/4.9.4/../../../../tricore/lib/tc161\libc.a(lib_a-dtoa.o)
 *fill*         0x80001ade        0x2 00000000
 .text._dtoa_r  0x80001ae0      0xcd4 c:/devel/hightec/toolchains/tricore/v4.9.1.0-infineon-1.1/bin/../lib/gcc/tricore/4.9.4/../../../../tricore/lib/tc161\libc.a(lib_a-dtoa.o)
                0x80001ae0                _dtoa_r
 .text._fflush_r
                0x800027b4      0x112 c:/devel/hightec/toolchains/tricore/v4.9.1.0-infineon-1.1/bin/../lib/gcc/tricore/4.9.4/../../../../tricore/lib/tc161\libc.a(lib_a-fflush.o)
                0x800027b4                _fflush_r
 .text._cleanup_r
                0x800028c6        0xc c:/devel/hightec/toolchains/tricore/v4.9.1.0-infineon-1.1/bin/../lib/gcc/tricore/4.9.4/../../../../tricore/lib/tc161\libc.a(lib_a-findfp.o)
                0x800028c6                _cleanup_r
 .text.__sinit  0x800028d2       0xe2 c:/devel/hightec/toolchains/tricore/v4.9.1.0-infineon-1.1/bin/../lib/gcc/tricore/4.9.4/../../../../tricore/lib/tc161\libc.a(lib_a-findfp.o)
                0x800028d2                __sinit
 .text.__sfp_lock_acquire
                0x800029b4        0x2 c:/devel/hightec/toolchains/tricore/v4.9.1.0-infineon-1.1/bin/../lib/gcc/tricore/4.9.4/../../../../tricore/lib/tc161\libc.a(lib_a-findfp.o)
                0x800029b4                __sfp_lock_acquire
 .text.__sfp_lock_release
                0x800029b6        0x2 c:/devel/hightec/toolchains/tricore/v4.9.1.0-infineon-1.1/bin/../lib/gcc/tricore/4.9.4/../../../../tricore/lib/tc161\libc.a(lib_a-findfp.o)
                0x800029b6                __sfp_lock_release
 .text._malloc_trim_r
                0x800029b8       0xba c:/devel/hightec/toolchains/tricore/v4.9.1.0-infineon-1.1/bin/../lib/gcc/tricore/4.9.4/../../../../tricore/lib/tc161\libc.a(lib_a-freer.o)
                0x800029b8                _malloc_trim_r
 .text._free_r  0x80002a72      0x1ac c:/devel/hightec/toolchains/tricore/v4.9.1.0-infineon-1.1/bin/../lib/gcc/tricore/4.9.4/../../../../tricore/lib/tc161\libc.a(lib_a-freer.o)
                0x80002a72                _free_r
 .text.__sfvwrite_r
                0x80002c1e      0x26c c:/devel/hightec/toolchains/tricore/v4.9.1.0-infineon-1.1/bin/../lib/gcc/tricore/4.9.4/../../../../tricore/lib/tc161\libc.a(lib_a-fvwrite.o)
                0x80002c1e                __sfvwrite_r
 .text._fwalk   0x80002e8a       0x42 c:/devel/hightec/toolchains/tricore/v4.9.1.0-infineon-1.1/bin/../lib/gcc/tricore/4.9.4/../../../../tricore/lib/tc161\libc.a(lib_a-fwalk.o)
                0x80002e8a                _fwalk
 .text._localeconv_r
                0x80002ecc        0xa c:/devel/hightec/toolchains/tricore/v4.9.1.0-infineon-1.1/bin/../lib/gcc/tricore/4.9.4/../../../../tricore/lib/tc161\libc.a(lib_a-locale.o)
                0x80002ecc                _localeconv_r
 .text.__smakebuf_r
                0x80002ed6       0xd4 c:/devel/hightec/toolchains/tricore/v4.9.1.0-infineon-1.1/bin/../lib/gcc/tricore/4.9.4/../../../../tricore/lib/tc161\libc.a(lib_a-makebuf.o)
                0x80002ed6                __smakebuf_r
 .text._malloc_r
                0x80002faa      0x49a c:/devel/hightec/toolchains/tricore/v4.9.1.0-infineon-1.1/bin/../lib/gcc/tricore/4.9.4/../../../../tricore/lib/tc161\libc.a(lib_a-mallocr.o)
                0x80002faa                _malloc_r
 .text.memchr   0x80003444       0x18 c:/devel/hightec/toolchains/tricore/v4.9.1.0-infineon-1.1/bin/../lib/gcc/tricore/4.9.4/../../../../tricore/lib/tc161\libc.a(lib_a-memchr.o)
                0x80003444                memchr
 .text.memcpy   0x8000345c       0x1c c:/devel/hightec/toolchains/tricore/v4.9.1.0-infineon-1.1/bin/../lib/gcc/tricore/4.9.4/../../../../tricore/lib/tc161\libc.a(lib_a-memcpy.o)
                0x8000345c                memcpy
 .text.memmove  0x80003478       0x50 c:/devel/hightec/toolchains/tricore/v4.9.1.0-infineon-1.1/bin/../lib/gcc/tricore/4.9.4/../../../../tricore/lib/tc161\libc.a(lib_a-memmove.o)
                0x80003478                memmove
 .text.memset   0x800034c8       0x10 c:/devel/hightec/toolchains/tricore/v4.9.1.0-infineon-1.1/bin/../lib/gcc/tricore/4.9.4/../../../../tricore/lib/tc161\libc.a(lib_a-memset.o)
                0x800034c8                memset
 .text.__malloc_lock
                0x800034d8        0x2 c:/devel/hightec/toolchains/tricore/v4.9.1.0-infineon-1.1/bin/../lib/gcc/tricore/4.9.4/../../../../tricore/lib/tc161\libc.a(lib_a-mlock.o)
                0x800034d8                __malloc_lock
 .text.__malloc_unlock
                0x800034da        0x2 c:/devel/hightec/toolchains/tricore/v4.9.1.0-infineon-1.1/bin/../lib/gcc/tricore/4.9.4/../../../../tricore/lib/tc161\libc.a(lib_a-mlock.o)
                0x800034da                __malloc_unlock
 .text._Balloc  0x800034dc       0x56 c:/devel/hightec/toolchains/tricore/v4.9.1.0-infineon-1.1/bin/../lib/gcc/tricore/4.9.4/../../../../tricore/lib/tc161\libc.a(lib_a-mprec.o)
                0x800034dc                _Balloc
 .text._Bfree   0x80003532       0x12 c:/devel/hightec/toolchains/tricore/v4.9.1.0-infineon-1.1/bin/../lib/gcc/tricore/4.9.4/../../../../tricore/lib/tc161\libc.a(lib_a-mprec.o)
                0x80003532                _Bfree
 .text.__multadd
                0x80003544       0x82 c:/devel/hightec/toolchains/tricore/v4.9.1.0-infineon-1.1/bin/../lib/gcc/tricore/4.9.4/../../../../tricore/lib/tc161\libc.a(lib_a-mprec.o)
                0x80003544                __multadd
 .text.__hi0bits
                0x800035c6       0x42 c:/devel/hightec/toolchains/tricore/v4.9.1.0-infineon-1.1/bin/../lib/gcc/tricore/4.9.4/../../../../tricore/lib/tc161\libc.a(lib_a-mprec.o)
                0x800035c6                __hi0bits
 .text.__lo0bits
                0x80003608       0x66 c:/devel/hightec/toolchains/tricore/v4.9.1.0-infineon-1.1/bin/../lib/gcc/tricore/4.9.4/../../../../tricore/lib/tc161\libc.a(lib_a-mprec.o)
                0x80003608                __lo0bits
 .text.__i2b    0x8000366e       0x10 c:/devel/hightec/toolchains/tricore/v4.9.1.0-infineon-1.1/bin/../lib/gcc/tricore/4.9.4/../../../../tricore/lib/tc161\libc.a(lib_a-mprec.o)
                0x8000366e                __i2b
 .text.__multiply
                0x8000367e      0x11a c:/devel/hightec/toolchains/tricore/v4.9.1.0-infineon-1.1/bin/../lib/gcc/tricore/4.9.4/../../../../tricore/lib/tc161\libc.a(lib_a-mprec.o)
                0x8000367e                __multiply
 .text.__pow5mult
                0x80003798       0x7c c:/devel/hightec/toolchains/tricore/v4.9.1.0-infineon-1.1/bin/../lib/gcc/tricore/4.9.4/../../../../tricore/lib/tc161\libc.a(lib_a-mprec.o)
                0x80003798                __pow5mult
 .text.__lshift
                0x80003814       0xba c:/devel/hightec/toolchains/tricore/v4.9.1.0-infineon-1.1/bin/../lib/gcc/tricore/4.9.4/../../../../tricore/lib/tc161\libc.a(lib_a-mprec.o)
                0x80003814                __lshift
 .text.__mcmp   0x800038ce       0x42 c:/devel/hightec/toolchains/tricore/v4.9.1.0-infineon-1.1/bin/../lib/gcc/tricore/4.9.4/../../../../tricore/lib/tc161\libc.a(lib_a-mprec.o)
                0x800038ce                __mcmp
 .text.__mdiff  0x80003910       0xca c:/devel/hightec/toolchains/tricore/v4.9.1.0-infineon-1.1/bin/../lib/gcc/tricore/4.9.4/../../../../tricore/lib/tc161\libc.a(lib_a-mprec.o)
                0x80003910                __mdiff
 .text.__d2b    0x800039da       0xa8 c:/devel/hightec/toolchains/tricore/v4.9.1.0-infineon-1.1/bin/../lib/gcc/tricore/4.9.4/../../../../tricore/lib/tc161\libc.a(lib_a-mprec.o)
                0x800039da                __d2b
 .text._realloc_r
                0x80003a82      0x3f0 c:/devel/hightec/toolchains/tricore/v4.9.1.0-infineon-1.1/bin/../lib/gcc/tricore/4.9.4/../../../../tricore/lib/tc161\libc.a(lib_a-reallocr.o)
                0x80003a82                _realloc_r
 .text.__fpclassifyd
                0x80003e72       0x42 c:/devel/hightec/toolchains/tricore/v4.9.1.0-infineon-1.1/bin/../lib/gcc/tricore/4.9.4/../../../../tricore/lib/tc161\libc.a(lib_a-s_fpclassify.o)
                0x80003e72                __fpclassifyd
 .text._sbrk_r  0x80003eb4       0x1e c:/devel/hightec/toolchains/tricore/v4.9.1.0-infineon-1.1/bin/../lib/gcc/tricore/4.9.4/../../../../tricore/lib/tc161\libc.a(lib_a-sbrkr.o)
                0x80003eb4                _sbrk_r
 .text.__sread  0x80003ed2       0x26 c:/devel/hightec/toolchains/tricore/v4.9.1.0-infineon-1.1/bin/../lib/gcc/tricore/4.9.4/../../../../tricore/lib/tc161\libc.a(lib_a-stdio.o)
                0x80003ed2                __sread
 .text.__swrite
                0x80003ef8       0x2c c:/devel/hightec/toolchains/tricore/v4.9.1.0-infineon-1.1/bin/../lib/gcc/tricore/4.9.4/../../../../tricore/lib/tc161\libc.a(lib_a-stdio.o)
                0x80003ef8                __swrite
 .text.__sseek  0x80003f24       0x2a c:/devel/hightec/toolchains/tricore/v4.9.1.0-infineon-1.1/bin/../lib/gcc/tricore/4.9.4/../../../../tricore/lib/tc161\libc.a(lib_a-stdio.o)
                0x80003f24                __sseek
 .text.__sclose
                0x80003f4e        0x8 c:/devel/hightec/toolchains/tricore/v4.9.1.0-infineon-1.1/bin/../lib/gcc/tricore/4.9.4/../../../../tricore/lib/tc161\libc.a(lib_a-stdio.o)
                0x80003f4e                __sclose
 .text.__sprint_r
                0x80003f56       0x1a c:/devel/hightec/toolchains/tricore/v4.9.1.0-infineon-1.1/bin/../lib/gcc/tricore/4.9.4/../../../../tricore/lib/tc161\libc.a(lib_a-vfiprintf.o)
                0x80003f56                __sprint_r
 .text._write_r
                0x80003f70       0x20 c:/devel/hightec/toolchains/tricore/v4.9.1.0-infineon-1.1/bin/../lib/gcc/tricore/4.9.4/../../../../tricore/lib/tc161\libc.a(lib_a-writer.o)
                0x80003f70                _write_r
 .text._calloc_r
                0x80003f90       0x62 c:/devel/hightec/toolchains/tricore/v4.9.1.0-infineon-1.1/bin/../lib/gcc/tricore/4.9.4/../../../../tricore/lib/tc161\libc.a(lib_a-callocr.o)
                0x80003f90                _calloc_r
 .text._close_r
                0x80003ff2       0x1e c:/devel/hightec/toolchains/tricore/v4.9.1.0-infineon-1.1/bin/../lib/gcc/tricore/4.9.4/../../../../tricore/lib/tc161\libc.a(lib_a-closer.o)
                0x80003ff2                _close_r
 .text._fclose_r
                0x80004010       0x86 c:/devel/hightec/toolchains/tricore/v4.9.1.0-infineon-1.1/bin/../lib/gcc/tricore/4.9.4/../../../../tricore/lib/tc161\libc.a(lib_a-fclose.o)
                0x80004010                _fclose_r
 .text.fclose   0x80004096        0xe c:/devel/hightec/toolchains/tricore/v4.9.1.0-infineon-1.1/bin/../lib/gcc/tricore/4.9.4/../../../../tricore/lib/tc161\libc.a(lib_a-fclose.o)
                0x80004096                fclose
 .text._fstat_r
                0x800040a4       0x20 c:/devel/hightec/toolchains/tricore/v4.9.1.0-infineon-1.1/bin/../lib/gcc/tricore/4.9.4/../../../../tricore/lib/tc161\libc.a(lib_a-fstatr.o)
                0x800040a4                _fstat_r
 .text._isatty_r
                0x800040c4       0x1e c:/devel/hightec/toolchains/tricore/v4.9.1.0-infineon-1.1/bin/../lib/gcc/tricore/4.9.4/../../../../tricore/lib/tc161\libc.a(lib_a-isattyr.o)
                0x800040c4                _isatty_r
 .text._lseek_r
                0x800040e2       0x1e c:/devel/hightec/toolchains/tricore/v4.9.1.0-infineon-1.1/bin/../lib/gcc/tricore/4.9.4/../../../../tricore/lib/tc161\libc.a(lib_a-lseekr.o)
                0x800040e2                _lseek_r
 .text._read_r  0x80004100       0x20 c:/devel/hightec/toolchains/tricore/v4.9.1.0-infineon-1.1/bin/../lib/gcc/tricore/4.9.4/../../../../tricore/lib/tc161\libc.a(lib_a-readr.o)
                0x80004100                _read_r
 .text.__errno  0x80004120        0xa c:/devel/hightec/toolchains/tricore/v4.9.1.0-infineon-1.1/bin/../lib/gcc/tricore/4.9.4/../../../../tricore/lib/tc161\libos.a(libos.o)
                0x80004120                __errno
 .text.isatty   0x8000412a        0x6 c:/devel/hightec/toolchains/tricore/v4.9.1.0-infineon-1.1/bin/../lib/gcc/tricore/4.9.4/../../../../tricore/lib/tc161\libos.a(libos.o)
                0x8000412a                isatty
 .text.fstat    0x80004130       0x20 c:/devel/hightec/toolchains/tricore/v4.9.1.0-infineon-1.1/bin/../lib/gcc/tricore/4.9.4/../../../../tricore/lib/tc161\libos.a(libos.o)
                0x80004130                fstat
 .text.close    0x80004150        0x8 c:/devel/hightec/toolchains/tricore/v4.9.1.0-infineon-1.1/bin/../lib/gcc/tricore/4.9.4/../../../../tricore/lib/tc161\libos.a(vio_close.o)
                0x80004150                close
 .text.lseek    0x80004158        0x8 c:/devel/hightec/toolchains/tricore/v4.9.1.0-infineon-1.1/bin/../lib/gcc/tricore/4.9.4/../../../../tricore/lib/tc161\libos.a(vio_lseek.o)
                0x80004158                lseek
 .text.read     0x80004160        0x8 c:/devel/hightec/toolchains/tricore/v4.9.1.0-infineon-1.1/bin/../lib/gcc/tricore/4.9.4/../../../../tricore/lib/tc161\libos.a(vio_read.o)
                0x80004160                read
 .text.__virtio_dummy_hnd
                0x80004168       0x10 c:/devel/hightec/toolchains/tricore/v4.9.1.0-infineon-1.1/bin/../lib/gcc/tricore/4.9.4/../../../../tricore/lib/tc161\libos.a(vio_virtio.o)
                0x80004168                __virtio_dummy_hnd
                0x8000416c                ___virtio
                0x8000416c                ___virtio_hnd
 .text.write    0x80004178        0x8 c:/devel/hightec/toolchains/tricore/v4.9.1.0-infineon-1.1/bin/../lib/gcc/tricore/4.9.4/../../../../tricore/lib/tc161\libos.a(vio_write.o)
                0x80004178                write
 .text.abort    0x80004180       0x12 c:/devel/hightec/toolchains/tricore/v4.9.1.0-infineon-1.1/bin/../lib/gcc/tricore/4.9.4/../../../../tricore/lib/tc161\libos.a(libos_abort.o)
                0x80004180                abort
 .text._exit    0x80004192       0x10 c:/devel/hightec/toolchains/tricore/v4.9.1.0-infineon-1.1/bin/../lib/gcc/tricore/4.9.4/../../../../tricore/lib/tc161\libos.a(libos_exit.o)
                0x80004192                _exit
 .text.sbrk     0x800041a2       0x3c c:/devel/hightec/toolchains/tricore/v4.9.1.0-infineon-1.1/bin/../lib/gcc/tricore/4.9.4/../../../../tricore/lib/tc161\libos.a(libos_sbrk.o)
                0x800041a2                sbrk
 .text._fpadd_parts
                0x800041de      0x19c c:/devel/hightec/toolchains/tricore/v4.9.1.0-infineon-1.1/bin/../lib/gcc/tricore/4.9.4/tc161\libgcc.a(_addsub_df.o)
 .text.__adddf3
                0x8000437a       0x38 c:/devel/hightec/toolchains/tricore/v4.9.1.0-infineon-1.1/bin/../lib/gcc/tricore/4.9.4/tc161\libgcc.a(_addsub_df.o)
                0x8000437a                __adddf3
 .text.__subdf3
                0x800043b2       0x40 c:/devel/hightec/toolchains/tricore/v4.9.1.0-infineon-1.1/bin/../lib/gcc/tricore/4.9.4/tc161\libgcc.a(_addsub_df.o)
                0x800043b2                __subdf3
 .text.__muldf3
                0x800043f2      0x1a4 c:/devel/hightec/toolchains/tricore/v4.9.1.0-infineon-1.1/bin/../lib/gcc/tricore/4.9.4/tc161\libgcc.a(_mul_df.o)
                0x800043f2                __muldf3
 .text.__divdf3
                0x80004596      0x118 c:/devel/hightec/toolchains/tricore/v4.9.1.0-infineon-1.1/bin/../lib/gcc/tricore/4.9.4/tc161\libgcc.a(_div_df.o)
                0x80004596                __divdf3
 .text.__eqdf2  0x800046ae       0x40 c:/devel/hightec/toolchains/tricore/v4.9.1.0-infineon-1.1/bin/../lib/gcc/tricore/4.9.4/tc161\libgcc.a(_eq_df.o)
                0x800046ae                __eqdf2
 .text.__nedf2  0x800046ee       0x40 c:/devel/hightec/toolchains/tricore/v4.9.1.0-infineon-1.1/bin/../lib/gcc/tricore/4.9.4/tc161\libgcc.a(_ne_df.o)
                0x800046ee                __nedf2
 .text.__gtdf2  0x8000472e       0x40 c:/devel/hightec/toolchains/tricore/v4.9.1.0-infineon-1.1/bin/../lib/gcc/tricore/4.9.4/tc161\libgcc.a(_gt_df.o)
                0x8000472e                __gtdf2
 .text.__gedf2  0x8000476e       0x40 c:/devel/hightec/toolchains/tricore/v4.9.1.0-infineon-1.1/bin/../lib/gcc/tricore/4.9.4/tc161\libgcc.a(_ge_df.o)
                0x8000476e                __gedf2
 .text.__ltdf2  0x800047ae       0x40 c:/devel/hightec/toolchains/tricore/v4.9.1.0-infineon-1.1/bin/../lib/gcc/tricore/4.9.4/tc161\libgcc.a(_lt_df.o)
                0x800047ae                __ltdf2
 .text.__floatsidf
                0x800047ee       0x48 c:/devel/hightec/toolchains/tricore/v4.9.1.0-infineon-1.1/bin/../lib/gcc/tricore/4.9.4/tc161\libgcc.a(_si_to_df.o)
                0x800047ee                __floatsidf
 .text.__fixdfsi
                0x80004836       0x4e c:/devel/hightec/toolchains/tricore/v4.9.1.0-infineon-1.1/bin/../lib/gcc/tricore/4.9.4/tc161\libgcc.a(_df_to_si.o)
                0x80004836                __fixdfsi
 .text.__floatunsidf
                0x80004884       0x32 c:/devel/hightec/toolchains/tricore/v4.9.1.0-infineon-1.1/bin/../lib/gcc/tricore/4.9.4/tc161\libgcc.a(_usi_to_df.o)
                0x80004884                __floatunsidf
 .text.__udivdi3
                0x800048b6       0xa0 c:/devel/hightec/toolchains/tricore/v4.9.1.0-infineon-1.1/bin/../lib/gcc/tricore/4.9.4/tc161\libgcc.a(udivdi3.o)
                0x800048b6                __udivdi3
 .text.__umoddi3
                0x80004956       0x26 c:/devel/hightec/toolchains/tricore/v4.9.1.0-infineon-1.1/bin/../lib/gcc/tricore/4.9.4/tc161\libgcc.a(umoddi3.o)
                0x80004956                __umoddi3
 .text.libgcc   0x8000497c       0x1a c:/devel/hightec/toolchains/tricore/v4.9.1.0-infineon-1.1/bin/../lib/gcc/tricore/4.9.4/tc161\libgcc.a(_ashldi3.o)
                0x8000497c                __ashldi3
 .text.libgcc   0x80004996       0x26 c:/devel/hightec/toolchains/tricore/v4.9.1.0-infineon-1.1/bin/../lib/gcc/tricore/4.9.4/tc161\libgcc.a(_lshrdi3.o)
                0x80004996                __lshrdi3
 .text.__pack_d
                0x800049bc      0x112 c:/devel/hightec/toolchains/tricore/v4.9.1.0-infineon-1.1/bin/../lib/gcc/tricore/4.9.4/tc161\libgcc.a(_pack_df.o)
                0x800049bc                __pack_d
 .text.__unpack_d
                0x80004ace       0xac c:/devel/hightec/toolchains/tricore/v4.9.1.0-infineon-1.1/bin/../lib/gcc/tricore/4.9.4/tc161\libgcc.a(_unpack_df.o)
                0x80004ace                __unpack_d
 .text.__fpcmp_parts_d
                0x80004b7a       0xa6 c:/devel/hightec/toolchains/tricore/v4.9.1.0-infineon-1.1/bin/../lib/gcc/tricore/4.9.4/tc161\libgcc.a(_fpcmp_parts_df.o)
                0x80004b7a                __fpcmp_parts_d
 .text.__udiv6432
                0x80004c20       0x9c c:/devel/hightec/toolchains/tricore/v4.9.1.0-infineon-1.1/bin/../lib/gcc/tricore/4.9.4/tc161\libgcc.a(udiv6432.o)
                0x80004c20                __udiv6432
 .text.__do_global_ctors_aux
                0x80004cbc       0x1e c:/devel/hightec/toolchains/tricore/v4.9.1.0-infineon-1.1/bin/../lib/gcc/tricore/4.9.4/tc161/crtend.o
 *(.pcp_c_ptr_init)
 *(.pcp_c_ptr_init.*)
 *(.gnu.linkonce.t.*)
 *(.gnu.warning)

.rodata         memory region -> PMU_PFLASH0
                0x80004ce0      0x1f0
 *(.rodata)
 .rodata        0x80004ce0        0x8 c:/devel/hightec/toolchains/tricore/v4.9.1.0-infineon-1.1/bin/../lib/gcc/tricore/4.9.4/../../../../tricore/lib/tc161\libc.a(lib_a-impure.o)
                0x80004ce0                _global_impure_ptr
 .rodata        0x80004ce8        0x2 c:/devel/hightec/toolchains/tricore/v4.9.1.0-infineon-1.1/bin/../lib/gcc/tricore/4.9.4/../../../../tricore/lib/tc161\libc.a(lib_a-puts.o)
 .rodata        0x80004cea       0x54 c:/devel/hightec/toolchains/tricore/v4.9.1.0-infineon-1.1/bin/../lib/gcc/tricore/4.9.4/../../../../tricore/lib/tc161\libc.a(lib_a-vfprintf.o)
 .rodata        0x80004d3e        0xf c:/devel/hightec/toolchains/tricore/v4.9.1.0-infineon-1.1/bin/../lib/gcc/tricore/4.9.4/../../../../tricore/lib/tc161\libc.a(lib_a-dtoa.o)
 *fill*         0x80004d4d        0x3 00
 .rodata        0x80004d50       0x44 c:/devel/hightec/toolchains/tricore/v4.9.1.0-infineon-1.1/bin/../lib/gcc/tricore/4.9.4/../../../../tricore/lib/tc161\libc.a(lib_a-locale.o)
 .rodata        0x80004d94      0x124 c:/devel/hightec/toolchains/tricore/v4.9.1.0-infineon-1.1/bin/../lib/gcc/tricore/4.9.4/../../../../tricore/lib/tc161\libc.a(lib_a-mprec.o)
                0x80004da0                __mprec_tinytens
                0x80004dc8                __mprec_bigtens
                0x80004df0                __mprec_tens
 .rodata        0x80004eb8       0x14 c:/devel/hightec/toolchains/tricore/v4.9.1.0-infineon-1.1/bin/../lib/gcc/tricore/4.9.4/tc161\libgcc.a(_thenan_df.o)
                0x80004eb8                __thenan_df
 *(.rodata.*)
 *(.gnu.linkonce.r.*)
                0x80004ed0                . = ALIGN (0x8)
 *fill*         0x80004ecc        0x4 00

.clear_sec      memory region -> PMU_PFLASH0
                0x80004ed0       0x28
                0x80004ed0                PROVIDE (__clear_table, .)
                0x80004ed0        0x4 LONG 0xd0000840 (0x0 + ADDR (.bss))
                0x80004ed4        0x4 LONG 0x50 SIZEOF (.bss)
                0x80004ed8        0x4 LONG 0xd0000840 (0x0 + ADDR (.sbss))
                0x80004edc        0x4 LONG 0x0 SIZEOF (.sbss)
                0x80004ee0        0x4 LONG 0xd0000000 (0x0 + ADDR (.zbss))
                0x80004ee4        0x4 LONG 0x0 SIZEOF (.zbss)
                0x80004ee8        0x4 LONG 0x0 __PCP_CODE_RAM_BEGIN
                0x80004eec        0x4 LONG 0x0 __PCP_CODE_RAM_SIZE
                0x80004ef0        0x4 LONG 0xffffffff
                0x80004ef4        0x4 LONG 0xffffffff

.copy_sec       memory region -> PMU_PFLASH0
                0x80004ef8       0x54
                0x80004ef8                PROVIDE (__copy_table, .)
                0x80004ef8        0x4 LONG 0x80004f98 LOADADDR (.data)
                0x80004efc        0x4 LONG 0xd0000000 (0x0 + ADDR (.data))
                0x80004f00        0x4 LONG 0x840 SIZEOF (.data)
                0x80004f04        0x4 LONG 0x800057d8 LOADADDR (.sdata)
                0x80004f08        0x4 LONG 0xd0000840 (0x0 + ADDR (.sdata))
                0x80004f0c        0x4 LONG 0x0 SIZEOF (.sdata)
                0x80004f10        0x4 LONG 0x80000400 LOADADDR (.zdata)
                0x80004f14        0x4 LONG 0xd0000000 (0x0 + ADDR (.zdata))
                0x80004f18        0x4 LONG 0x0 SIZEOF (.zdata)
                0x80004f1c        0x4 LONG 0x80000400 LOADADDR (.zrodata)
                0x80004f20        0x4 LONG 0xd0000000 (0x0 + ADDR (.zrodata))
                0x80004f24        0x4 LONG 0x0 SIZEOF (.zrodata)
                0x80004f28        0x4 LONG 0x80004f98 LOADADDR (.pcpdata)
                0x80004f2c        0x4 LONG 0x0 (0x0 + ADDR (.pcpdata))
                0x80004f30        0x4 LONG 0x0 SIZEOF (.pcpdata)
                0x80004f34        0x4 LONG 0x80004f98 LOADADDR (.pcptext)
                0x80004f38        0x4 LONG 0x0 (0x0 + ADDR (.pcptext))
                0x80004f3c        0x4 LONG 0x0 SIZEOF (.pcptext)
                0x80004f40        0x4 LONG 0xffffffff
                0x80004f44        0x4 LONG 0xffffffff
                0x80004f48        0x4 LONG 0xffffffff

.sdata2         memory region -> PMU_PFLASH0
                0x80004f50       0x1b
                0x8000cf50                PROVIDE (_SMALL_DATA2_, 0x8000)
 *(.sdata.rodata)
 *(.sdata.rodata.*)
 *(.srodata)
 .srodata       0x80004f50       0x1b main.o
 *(.srodata.*)
 *(.sdata2)
 *(.sdata2.*)
 *(.gnu.linkonce.sr.*)

.eh_frame       memory region -> PMU_PFLASH0
                0x80004f70        0x0
 *(.gcc_except_table)
                0x80004f70                __EH_FRAME_BEGIN__ = .
 *(.eh_frame)
                0x80004f70                __EH_FRAME_END__ = .

.jcr            memory region -> PMU_PFLASH0
                0x80004f70        0x4
 *(.jcr)
 .jcr           0x80004f70        0x0 c:/devel/hightec/toolchains/tricore/v4.9.1.0-infineon-1.1/bin/../lib/gcc/tricore/4.9.4/tc161/crtbegin.o
 .jcr           0x80004f70        0x4 c:/devel/hightec/toolchains/tricore/v4.9.1.0-infineon-1.1/bin/../lib/gcc/tricore/4.9.4/tc161/crtend.o

.ctors          memory region -> PMU_PFLASH0
                0x80004f74       0x14
                0x80004f74                __CTOR_LIST__ = .
                0x80004f74        0x4 LONG 0x2 (((__CTOR_END__ - __CTOR_LIST__) / 0x4) - 0x2)
 *crtbegin.o(.ctors)
 .ctors         0x80004f78        0x4 c:/devel/hightec/toolchains/tricore/v4.9.1.0-infineon-1.1/bin/../lib/gcc/tricore/4.9.4/tc161/crtbegin.o
 *(EXCLUDE_FILE(*crtend.o) .ctors)
 *(SORT(.ctors.*))
 *(.ctors)
 .ctors         0x80004f7c        0x4 c:/devel/hightec/toolchains/tricore/v4.9.1.0-infineon-1.1/bin/../lib/gcc/tricore/4.9.4/tc161/crtend.o
                0x80004f80        0x4 LONG 0x0
                0x80004f84                __CTOR_END__ = .
                0x80004f88                . = ALIGN (0x8)
 *fill*         0x80004f84        0x4 00

.dtors          memory region -> PMU_PFLASH0
                0x80004f88       0x10
                0x80004f88                __DTOR_LIST__ = .
                0x80004f88        0x4 LONG 0x2 (((__DTOR_END__ - __DTOR_LIST__) / 0x4) - 0x2)
 *crtbegin.o(.dtors)
 .dtors         0x80004f8c        0x4 c:/devel/hightec/toolchains/tricore/v4.9.1.0-infineon-1.1/bin/../lib/gcc/tricore/4.9.4/tc161/crtbegin.o
 *(EXCLUDE_FILE(*crtend.o) .dtors)
 *(SORT(.dtors.*))
 *(.dtors)
 .dtors         0x80004f90        0x4 c:/devel/hightec/toolchains/tricore/v4.9.1.0-infineon-1.1/bin/../lib/gcc/tricore/4.9.4/tc161/crtend.o
                0x80004f94        0x4 LONG 0x0
                0x80004f98                __DTOR_END__ = .
                0x80004f98                . = ALIGN (0x8)

.pcptext        memory region -> PCP_CMEM
                0x00000000        0x0 load address 0x80004f98
                0x00000000                PCODE_BASE = .
 *(.pcptext)
 *(.pcptext.*)
                0x00000000                . = ALIGN (0x8)
                0x00000000                PCODE_END = .

.pcpdata        memory region -> PCP_PRAM
                0x00000000        0x0 load address 0x80004f98
                0x00000000                PRAM_BASE = .
 *(.pcpdata)
 *(.pcpdata.*)
                0x00000000                . = ALIGN (0x8)
                0x00000000                PRAM_END = .

.data           memory region -> DMI_LDRAM
                0xd0000000      0x840 load address 0x80004f98
                0xd0000000                DATA_BASE = .
 *(.data)
 .data          0xd0000000      0x428 c:/devel/hightec/toolchains/tricore/v4.9.1.0-infineon-1.1/bin/../lib/gcc/tricore/4.9.4/../../../../tricore/lib/tc161\libc.a(lib_a-impure.o)
                0xd0000000                _impure_ptr
 .data          0xd0000428      0x410 c:/devel/hightec/toolchains/tricore/v4.9.1.0-infineon-1.1/bin/../lib/gcc/tricore/4.9.4/../../../../tricore/lib/tc161\libc.a(lib_a-mallocr.o)
                0xd0000428                __malloc_sbrk_base
                0xd000042c                __malloc_trim_threshold
                0xd0000430                __malloc_av_
 .data          0xd0000838        0x8 c:/devel/hightec/toolchains/tricore/v4.9.1.0-infineon-1.1/bin/../lib/gcc/tricore/4.9.4/../../../../tricore/lib/tc161\libos.a(libos_sbrk.o)
 *(.data.*)
 *(.gnu.linkonce.d.*)
                0xd0000840                DATA_END = .

.tm_clone_table memory region -> PMU_DFLASH0
                0xaf000000        0x0
 .tm_clone_table
                0xaf000000        0x0 c:/devel/hightec/toolchains/tricore/v4.9.1.0-infineon-1.1/bin/../lib/gcc/tricore/4.9.4/tc161/crtbegin.o
 .tm_clone_table
                0xaf000000        0x0 c:/devel/hightec/toolchains/tricore/v4.9.1.0-infineon-1.1/bin/../lib/gcc/tricore/4.9.4/tc161/crtend.o

.sdata          memory region -> DMI_LDRAM
                0xd0000840        0x0 load address 0x800057d8
                0xd0000840                SDATA_BASE = .
                0xd0000840                PROVIDE (__sdata_start, .)
                0xd0008840                PROVIDE (_SMALL_DATA_, 0x8000)
 *(.sdata)
 *(.sdata.*)
 *(.gnu.linkonce.s.*)

.sbss           memory region -> DMI_LDRAM
                0xd0000840        0x0 load address 0x800057d8
                0xd0000840                PROVIDE (__sbss_start, .)
 *(.sbss)
 *(.sbss.*)
 *(.gnu.linkonce.sb.*)

.bss            memory region -> DMI_LDRAM
                0xd0000840       0x50 load address 0x800057d8
                0xd0000840                BSS_BASE = .
 *(.bss)
 .bss           0xd0000840        0x8 c:/devel/hightec/toolchains/tricore/v4.9.1.0-infineon-1.1/bin/../lib/gcc/tricore/4.9.4/tc161/crtbegin.o
 .bss           0xd0000848       0x38 c:/devel/hightec/toolchains/tricore/v4.9.1.0-infineon-1.1/bin/../lib/gcc/tricore/4.9.4/../../../../tricore/lib/tc161\libc.a(lib_a-mallocr.o)
                0xd0000848                __malloc_current_mallinfo
                0xd0000870                __malloc_max_total_mem
                0xd0000874                __malloc_max_sbrked_mem
                0xd0000878                __malloc_top_pad
 .bss           0xd0000880        0x8 c:/devel/hightec/toolchains/tricore/v4.9.1.0-infineon-1.1/bin/../lib/gcc/tricore/4.9.4/../../../../tricore/lib/tc161\libc.a(lib_a-reent.o)
                0xd0000880                errno
 .bss           0xd0000888        0x8 c:/devel/hightec/toolchains/tricore/v4.9.1.0-infineon-1.1/bin/../lib/gcc/tricore/4.9.4/../../../../tricore/lib/tc161\libos.a(libos.o)
                0xd0000888                _my_errno
 *(.bss.*)
 *(.gnu.linkonce.b.*)
 *(COMMON)
                0xd0000890                . = ALIGN (0x8)

.ustack         memory region -> DMI_LDRAM
                0xd0000890     0x1000 load address 0x800057d8
                0xd0001890                . = (. + __USTACK_SIZE)
 *fill*         0xd0000890     0x1000 00
                0xd0001890                . = ALIGN (0x8)
                0xd0001890                __USTACK = .

.istack         memory region -> DMI_LDRAM
                0xd0001890      0x100 load address 0x800057d8
                0xd0001990                . = (. + __ISTACK_SIZE)
 *fill*         0xd0001890      0x100 00
                0xd0001990                . = ALIGN (0x8)
                0xd0001990                __ISTACK = .

.heap           memory region -> DMI_LDRAM
                0xd0001990     0x2000 load address 0x800057d8
                0xd0001990                __HEAP = .
                0xd0003990                . = (. + __HEAP_SIZE)
 *fill*         0xd0001990     0x2000 00
                0xd0003990                . = ALIGN (0x8)
                0xd0003990                __HEAP_END = .

.csa            memory region -> DMI_LDRAM
                0xd00039c0     0x4000 load address 0x80005800
                0xd00039c0                __CSA_BEGIN = .
                0xd00079c0                . = (. + __CSA_SIZE)
 *fill*         0xd00039c0     0x4000 00
                0xd00079c0                __CSA_END = .
                0x00004000                __CSA_SIZE = (__CSA_END - __CSA_BEGIN)
                0xd0003990                _end = __HEAP_END
                0xd0003990                PROVIDE (end, _end)
                0x00000001                _. = ASSERT (((__CSA_BEGIN & 0x3f) == 0x0), illegal CSA start address)
                0x00000001                _. = ASSERT (((__CSA_SIZE & 0x3f) == 0x0), illegal CSA size)
                0x00000001                _. = ASSERT (((__ISTACK & 0x7) == 0x0), ISTACK not doubleword aligned)
                0x00000001                _. = ASSERT (((__USTACK & 0x7) == 0x0), USTACK not doubleword aligned)
                0x00000001                _. = ASSERT (((__HEAP_END & 0x7) == 0x0), HEAP not doubleword aligned)
                [0x00000000]                NULL = DEFINED (NULL)?NULL:0x0

.comment        memory region -> *default*
                0x00000000       0x53
 *(.comment)
 .comment       0x00000000       0x53 c:/devel/hightec/toolchains/tricore/v4.9.1.0-infineon-1.1/bin/../lib/gcc/tricore/4.9.4/tc161/crtbegin.o
                                 0x54 (size before relaxing)
 .comment       0x00000000       0x54 main.o
 .comment       0x00000000       0x54 c:/devel/hightec/toolchains/tricore/v4.9.1.0-infineon-1.1/bin/../lib/gcc/tricore/4.9.4/../../../../tricore/lib/tc161\libc.a(lib_a-exit.o)
 .comment       0x00000000       0x54 c:/devel/hightec/toolchains/tricore/v4.9.1.0-infineon-1.1/bin/../lib/gcc/tricore/4.9.4/../../../../tricore/lib/tc161\libc.a(lib_a-impure.o)
 .comment       0x00000000       0x54 c:/devel/hightec/toolchains/tricore/v4.9.1.0-infineon-1.1/bin/../lib/gcc/tricore/4.9.4/../../../../tricore/lib/tc161\libc.a(lib_a-printf.o)
 .comment       0x00000000       0x54 c:/devel/hightec/toolchains/tricore/v4.9.1.0-infineon-1.1/bin/../lib/gcc/tricore/4.9.4/../../../../tricore/lib/tc161\libc.a(lib_a-puts.o)
 .comment       0x00000000       0x54 c:/devel/hightec/toolchains/tricore/v4.9.1.0-infineon-1.1/bin/../lib/gcc/tricore/4.9.4/../../../../tricore/lib/tc161\libc.a(lib_a-strlen.o)
 .comment       0x00000000       0x54 c:/devel/hightec/toolchains/tricore/v4.9.1.0-infineon-1.1/bin/../lib/gcc/tricore/4.9.4/../../../../tricore/lib/tc161\libc.a(lib_a-vfprintf.o)
 .comment       0x00000000       0x54 c:/devel/hightec/toolchains/tricore/v4.9.1.0-infineon-1.1/bin/../lib/gcc/tricore/4.9.4/../../../../tricore/lib/tc161\libc.a(lib_a-wsetup.o)
 .comment       0x00000000       0x54 c:/devel/hightec/toolchains/tricore/v4.9.1.0-infineon-1.1/bin/../lib/gcc/tricore/4.9.4/../../../../tricore/lib/tc161\libc.a(lib_a-__call_atexit.o)
 .comment       0x00000000       0x54 c:/devel/hightec/toolchains/tricore/v4.9.1.0-infineon-1.1/bin/../lib/gcc/tricore/4.9.4/../../../../tricore/lib/tc161\libc.a(lib_a-dtoa.o)
 .comment       0x00000000       0x54 c:/devel/hightec/toolchains/tricore/v4.9.1.0-infineon-1.1/bin/../lib/gcc/tricore/4.9.4/../../../../tricore/lib/tc161\libc.a(lib_a-fflush.o)
 .comment       0x00000000       0x54 c:/devel/hightec/toolchains/tricore/v4.9.1.0-infineon-1.1/bin/../lib/gcc/tricore/4.9.4/../../../../tricore/lib/tc161\libc.a(lib_a-findfp.o)
 .comment       0x00000000       0x54 c:/devel/hightec/toolchains/tricore/v4.9.1.0-infineon-1.1/bin/../lib/gcc/tricore/4.9.4/../../../../tricore/lib/tc161\libc.a(lib_a-freer.o)
 .comment       0x00000000       0x54 c:/devel/hightec/toolchains/tricore/v4.9.1.0-infineon-1.1/bin/../lib/gcc/tricore/4.9.4/../../../../tricore/lib/tc161\libc.a(lib_a-fvwrite.o)
 .comment       0x00000000       0x54 c:/devel/hightec/toolchains/tricore/v4.9.1.0-infineon-1.1/bin/../lib/gcc/tricore/4.9.4/../../../../tricore/lib/tc161\libc.a(lib_a-fwalk.o)
 .comment       0x00000000       0x54 c:/devel/hightec/toolchains/tricore/v4.9.1.0-infineon-1.1/bin/../lib/gcc/tricore/4.9.4/../../../../tricore/lib/tc161\libc.a(lib_a-locale.o)
 .comment       0x00000000       0x54 c:/devel/hightec/toolchains/tricore/v4.9.1.0-infineon-1.1/bin/../lib/gcc/tricore/4.9.4/../../../../tricore/lib/tc161\libc.a(lib_a-makebuf.o)
 .comment       0x00000000       0x54 c:/devel/hightec/toolchains/tricore/v4.9.1.0-infineon-1.1/bin/../lib/gcc/tricore/4.9.4/../../../../tricore/lib/tc161\libc.a(lib_a-mallocr.o)
 .comment       0x00000000       0x54 c:/devel/hightec/toolchains/tricore/v4.9.1.0-infineon-1.1/bin/../lib/gcc/tricore/4.9.4/../../../../tricore/lib/tc161\libc.a(lib_a-memchr.o)
 .comment       0x00000000       0x54 c:/devel/hightec/toolchains/tricore/v4.9.1.0-infineon-1.1/bin/../lib/gcc/tricore/4.9.4/../../../../tricore/lib/tc161\libc.a(lib_a-memcpy.o)
 .comment       0x00000000       0x54 c:/devel/hightec/toolchains/tricore/v4.9.1.0-infineon-1.1/bin/../lib/gcc/tricore/4.9.4/../../../../tricore/lib/tc161\libc.a(lib_a-memmove.o)
 .comment       0x00000000       0x54 c:/devel/hightec/toolchains/tricore/v4.9.1.0-infineon-1.1/bin/../lib/gcc/tricore/4.9.4/../../../../tricore/lib/tc161\libc.a(lib_a-memset.o)
 .comment       0x00000000       0x54 c:/devel/hightec/toolchains/tricore/v4.9.1.0-infineon-1.1/bin/../lib/gcc/tricore/4.9.4/../../../../tricore/lib/tc161\libc.a(lib_a-mlock.o)
 .comment       0x00000000       0x54 c:/devel/hightec/toolchains/tricore/v4.9.1.0-infineon-1.1/bin/../lib/gcc/tricore/4.9.4/../../../../tricore/lib/tc161\libc.a(lib_a-mprec.o)
 .comment       0x00000000       0x54 c:/devel/hightec/toolchains/tricore/v4.9.1.0-infineon-1.1/bin/../lib/gcc/tricore/4.9.4/../../../../tricore/lib/tc161\libc.a(lib_a-reallocr.o)
 .comment       0x00000000       0x54 c:/devel/hightec/toolchains/tricore/v4.9.1.0-infineon-1.1/bin/../lib/gcc/tricore/4.9.4/../../../../tricore/lib/tc161\libc.a(lib_a-s_fpclassify.o)
 .comment       0x00000000       0x54 c:/devel/hightec/toolchains/tricore/v4.9.1.0-infineon-1.1/bin/../lib/gcc/tricore/4.9.4/../../../../tricore/lib/tc161\libc.a(lib_a-sbrkr.o)
 .comment       0x00000000       0x54 c:/devel/hightec/toolchains/tricore/v4.9.1.0-infineon-1.1/bin/../lib/gcc/tricore/4.9.4/../../../../tricore/lib/tc161\libc.a(lib_a-stdio.o)
 .comment       0x00000000       0x54 c:/devel/hightec/toolchains/tricore/v4.9.1.0-infineon-1.1/bin/../lib/gcc/tricore/4.9.4/../../../../tricore/lib/tc161\libc.a(lib_a-strcmp.o)
 .comment       0x00000000       0x54 c:/devel/hightec/toolchains/tricore/v4.9.1.0-infineon-1.1/bin/../lib/gcc/tricore/4.9.4/../../../../tricore/lib/tc161\libc.a(lib_a-vfiprintf.o)
 .comment       0x00000000       0x54 c:/devel/hightec/toolchains/tricore/v4.9.1.0-infineon-1.1/bin/../lib/gcc/tricore/4.9.4/../../../../tricore/lib/tc161\libc.a(lib_a-writer.o)
 .comment       0x00000000       0x54 c:/devel/hightec/toolchains/tricore/v4.9.1.0-infineon-1.1/bin/../lib/gcc/tricore/4.9.4/../../../../tricore/lib/tc161\libc.a(lib_a-callocr.o)
 .comment       0x00000000       0x54 c:/devel/hightec/toolchains/tricore/v4.9.1.0-infineon-1.1/bin/../lib/gcc/tricore/4.9.4/../../../../tricore/lib/tc161\libc.a(lib_a-closer.o)
 .comment       0x00000000       0x54 c:/devel/hightec/toolchains/tricore/v4.9.1.0-infineon-1.1/bin/../lib/gcc/tricore/4.9.4/../../../../tricore/lib/tc161\libc.a(lib_a-fclose.o)
 .comment       0x00000000       0x54 c:/devel/hightec/toolchains/tricore/v4.9.1.0-infineon-1.1/bin/../lib/gcc/tricore/4.9.4/../../../../tricore/lib/tc161\libc.a(lib_a-fstatr.o)
 .comment       0x00000000       0x54 c:/devel/hightec/toolchains/tricore/v4.9.1.0-infineon-1.1/bin/../lib/gcc/tricore/4.9.4/../../../../tricore/lib/tc161\libc.a(lib_a-isattyr.o)
 .comment       0x00000000       0x54 c:/devel/hightec/toolchains/tricore/v4.9.1.0-infineon-1.1/bin/../lib/gcc/tricore/4.9.4/../../../../tricore/lib/tc161\libc.a(lib_a-lseekr.o)
 .comment       0x00000000       0x54 c:/devel/hightec/toolchains/tricore/v4.9.1.0-infineon-1.1/bin/../lib/gcc/tricore/4.9.4/../../../../tricore/lib/tc161\libc.a(lib_a-readr.o)
 .comment       0x00000000       0x54 c:/devel/hightec/toolchains/tricore/v4.9.1.0-infineon-1.1/bin/../lib/gcc/tricore/4.9.4/../../../../tricore/lib/tc161\libc.a(lib_a-reent.o)
 .comment       0x00000000       0x54 c:/devel/hightec/toolchains/tricore/v4.9.1.0-infineon-1.1/bin/../lib/gcc/tricore/4.9.4/../../../../tricore/lib/tc161\libos.a(libos.o)
 .comment       0x00000000       0x54 c:/devel/hightec/toolchains/tricore/v4.9.1.0-infineon-1.1/bin/../lib/gcc/tricore/4.9.4/../../../../tricore/lib/tc161\libos.a(vio_close.o)
 .comment       0x00000000       0x54 c:/devel/hightec/toolchains/tricore/v4.9.1.0-infineon-1.1/bin/../lib/gcc/tricore/4.9.4/../../../../tricore/lib/tc161\libos.a(vio_lseek.o)
 .comment       0x00000000       0x54 c:/devel/hightec/toolchains/tricore/v4.9.1.0-infineon-1.1/bin/../lib/gcc/tricore/4.9.4/../../../../tricore/lib/tc161\libos.a(vio_read.o)
 .comment       0x00000000       0x54 c:/devel/hightec/toolchains/tricore/v4.9.1.0-infineon-1.1/bin/../lib/gcc/tricore/4.9.4/../../../../tricore/lib/tc161\libos.a(vio_virtio.o)
 .comment       0x00000000       0x54 c:/devel/hightec/toolchains/tricore/v4.9.1.0-infineon-1.1/bin/../lib/gcc/tricore/4.9.4/../../../../tricore/lib/tc161\libos.a(vio_write.o)
 .comment       0x00000000       0x54 c:/devel/hightec/toolchains/tricore/v4.9.1.0-infineon-1.1/bin/../lib/gcc/tricore/4.9.4/../../../../tricore/lib/tc161\libos.a(libos_abort.o)
 .comment       0x00000000       0x54 c:/devel/hightec/toolchains/tricore/v4.9.1.0-infineon-1.1/bin/../lib/gcc/tricore/4.9.4/../../../../tricore/lib/tc161\libos.a(libos_exit.o)
 .comment       0x00000000       0x54 c:/devel/hightec/toolchains/tricore/v4.9.1.0-infineon-1.1/bin/../lib/gcc/tricore/4.9.4/../../../../tricore/lib/tc161\libos.a(libos_sbrk.o)
 .comment       0x00000000       0x54 c:/devel/hightec/toolchains/tricore/v4.9.1.0-infineon-1.1/bin/../lib/gcc/tricore/4.9.4/tc161\libgcc.a(_addsub_df.o)
 .comment       0x00000000       0x54 c:/devel/hightec/toolchains/tricore/v4.9.1.0-infineon-1.1/bin/../lib/gcc/tricore/4.9.4/tc161\libgcc.a(_mul_df.o)
 .comment       0x00000000       0x54 c:/devel/hightec/toolchains/tricore/v4.9.1.0-infineon-1.1/bin/../lib/gcc/tricore/4.9.4/tc161\libgcc.a(_div_df.o)
 .comment       0x00000000       0x54 c:/devel/hightec/toolchains/tricore/v4.9.1.0-infineon-1.1/bin/../lib/gcc/tricore/4.9.4/tc161\libgcc.a(_eq_df.o)
 .comment       0x00000000       0x54 c:/devel/hightec/toolchains/tricore/v4.9.1.0-infineon-1.1/bin/../lib/gcc/tricore/4.9.4/tc161\libgcc.a(_ne_df.o)
 .comment       0x00000000       0x54 c:/devel/hightec/toolchains/tricore/v4.9.1.0-infineon-1.1/bin/../lib/gcc/tricore/4.9.4/tc161\libgcc.a(_gt_df.o)
 .comment       0x00000000       0x54 c:/devel/hightec/toolchains/tricore/v4.9.1.0-infineon-1.1/bin/../lib/gcc/tricore/4.9.4/tc161\libgcc.a(_ge_df.o)
 .comment       0x00000000       0x54 c:/devel/hightec/toolchains/tricore/v4.9.1.0-infineon-1.1/bin/../lib/gcc/tricore/4.9.4/tc161\libgcc.a(_lt_df.o)
 .comment       0x00000000       0x54 c:/devel/hightec/toolchains/tricore/v4.9.1.0-infineon-1.1/bin/../lib/gcc/tricore/4.9.4/tc161\libgcc.a(_si_to_df.o)
 .comment       0x00000000       0x54 c:/devel/hightec/toolchains/tricore/v4.9.1.0-infineon-1.1/bin/../lib/gcc/tricore/4.9.4/tc161\libgcc.a(_df_to_si.o)
 .comment       0x00000000       0x54 c:/devel/hightec/toolchains/tricore/v4.9.1.0-infineon-1.1/bin/../lib/gcc/tricore/4.9.4/tc161\libgcc.a(_thenan_df.o)
 .comment       0x00000000       0x54 c:/devel/hightec/toolchains/tricore/v4.9.1.0-infineon-1.1/bin/../lib/gcc/tricore/4.9.4/tc161\libgcc.a(_usi_to_df.o)
 .comment       0x00000000       0x54 c:/devel/hightec/toolchains/tricore/v4.9.1.0-infineon-1.1/bin/../lib/gcc/tricore/4.9.4/tc161\libgcc.a(udivdi3.o)
 .comment       0x00000000       0x54 c:/devel/hightec/toolchains/tricore/v4.9.1.0-infineon-1.1/bin/../lib/gcc/tricore/4.9.4/tc161\libgcc.a(umoddi3.o)
 .comment       0x00000000       0x54 c:/devel/hightec/toolchains/tricore/v4.9.1.0-infineon-1.1/bin/../lib/gcc/tricore/4.9.4/tc161\libgcc.a(_pack_df.o)
 .comment       0x00000000       0x54 c:/devel/hightec/toolchains/tricore/v4.9.1.0-infineon-1.1/bin/../lib/gcc/tricore/4.9.4/tc161\libgcc.a(_unpack_df.o)
 .comment       0x00000000       0x54 c:/devel/hightec/toolchains/tricore/v4.9.1.0-infineon-1.1/bin/../lib/gcc/tricore/4.9.4/tc161\libgcc.a(_fpcmp_parts_df.o)
 .comment       0x00000000       0x54 c:/devel/hightec/toolchains/tricore/v4.9.1.0-infineon-1.1/bin/../lib/gcc/tricore/4.9.4/tc161\libgcc.a(udiv6432.o)
 .comment       0x00000000       0x54 c:/devel/hightec/toolchains/tricore/v4.9.1.0-infineon-1.1/bin/../lib/gcc/tricore/4.9.4/tc161/crtend.o

.debug
 *(.debug)

.line
 *(.line)

.debug_srcinfo
 *(.debug_srcinfo)

.debug_sfnames
 *(.debug_sfnames)

.debug_aranges  memory region -> *default*
                0x00000000      0xa98
 *(.debug_aranges)
 .debug_aranges
                0x00000000       0x20 main.o
 .debug_aranges
                0x00000020       0x20 c:/devel/hightec/toolchains/tricore/v4.9.1.0-infineon-1.1/bin/../lib/gcc/tricore/4.9.4/../../../../tricore/lib/tc161\libc.a(lib_a-exit.o)
 .debug_aranges
                0x00000040       0x18 c:/devel/hightec/toolchains/tricore/v4.9.1.0-infineon-1.1/bin/../lib/gcc/tricore/4.9.4/../../../../tricore/lib/tc161\libc.a(lib_a-impure.o)
 .debug_aranges
                0x00000058       0x28 c:/devel/hightec/toolchains/tricore/v4.9.1.0-infineon-1.1/bin/../lib/gcc/tricore/4.9.4/../../../../tricore/lib/tc161\libc.a(lib_a-printf.o)
 .debug_aranges
                0x00000080       0x28 c:/devel/hightec/toolchains/tricore/v4.9.1.0-infineon-1.1/bin/../lib/gcc/tricore/4.9.4/../../../../tricore/lib/tc161\libc.a(lib_a-puts.o)
 .debug_aranges
                0x000000a8       0x20 c:/devel/hightec/toolchains/tricore/v4.9.1.0-infineon-1.1/bin/../lib/gcc/tricore/4.9.4/../../../../tricore/lib/tc161\libc.a(lib_a-strlen.o)
 .debug_aranges
                0x000000c8       0x28 c:/devel/hightec/toolchains/tricore/v4.9.1.0-infineon-1.1/bin/../lib/gcc/tricore/4.9.4/../../../../tricore/lib/tc161\libc.a(lib_a-vfprintf.o)
 .debug_aranges
                0x000000f0       0x20 c:/devel/hightec/toolchains/tricore/v4.9.1.0-infineon-1.1/bin/../lib/gcc/tricore/4.9.4/../../../../tricore/lib/tc161\libc.a(lib_a-wsetup.o)
 .debug_aranges
                0x00000110       0x20 c:/devel/hightec/toolchains/tricore/v4.9.1.0-infineon-1.1/bin/../lib/gcc/tricore/4.9.4/../../../../tricore/lib/tc161\libc.a(lib_a-__call_atexit.o)
 .debug_aranges
                0x00000130       0x28 c:/devel/hightec/toolchains/tricore/v4.9.1.0-infineon-1.1/bin/../lib/gcc/tricore/4.9.4/../../../../tricore/lib/tc161\libc.a(lib_a-dtoa.o)
 .debug_aranges
                0x00000158       0x28 c:/devel/hightec/toolchains/tricore/v4.9.1.0-infineon-1.1/bin/../lib/gcc/tricore/4.9.4/../../../../tricore/lib/tc161\libc.a(lib_a-fflush.o)
 .debug_aranges
                0x00000180       0x80 c:/devel/hightec/toolchains/tricore/v4.9.1.0-infineon-1.1/bin/../lib/gcc/tricore/4.9.4/../../../../tricore/lib/tc161\libc.a(lib_a-findfp.o)
 .debug_aranges
                0x00000200       0x28 c:/devel/hightec/toolchains/tricore/v4.9.1.0-infineon-1.1/bin/../lib/gcc/tricore/4.9.4/../../../../tricore/lib/tc161\libc.a(lib_a-freer.o)
 .debug_aranges
                0x00000228       0x20 c:/devel/hightec/toolchains/tricore/v4.9.1.0-infineon-1.1/bin/../lib/gcc/tricore/4.9.4/../../../../tricore/lib/tc161\libc.a(lib_a-fvwrite.o)
 .debug_aranges
                0x00000248       0x28 c:/devel/hightec/toolchains/tricore/v4.9.1.0-infineon-1.1/bin/../lib/gcc/tricore/4.9.4/../../../../tricore/lib/tc161\libc.a(lib_a-fwalk.o)
 .debug_aranges
                0x00000270       0x50 c:/devel/hightec/toolchains/tricore/v4.9.1.0-infineon-1.1/bin/../lib/gcc/tricore/4.9.4/../../../../tricore/lib/tc161\libc.a(lib_a-locale.o)
 .debug_aranges
                0x000002c0       0x20 c:/devel/hightec/toolchains/tricore/v4.9.1.0-infineon-1.1/bin/../lib/gcc/tricore/4.9.4/../../../../tricore/lib/tc161\libc.a(lib_a-makebuf.o)
 .debug_aranges
                0x000002e0       0x20 c:/devel/hightec/toolchains/tricore/v4.9.1.0-infineon-1.1/bin/../lib/gcc/tricore/4.9.4/../../../../tricore/lib/tc161\libc.a(lib_a-mallocr.o)
 .debug_aranges
                0x00000300       0x20 c:/devel/hightec/toolchains/tricore/v4.9.1.0-infineon-1.1/bin/../lib/gcc/tricore/4.9.4/../../../../tricore/lib/tc161\libc.a(lib_a-memchr.o)
 .debug_aranges
                0x00000320       0x20 c:/devel/hightec/toolchains/tricore/v4.9.1.0-infineon-1.1/bin/../lib/gcc/tricore/4.9.4/../../../../tricore/lib/tc161\libc.a(lib_a-memcpy.o)
 .debug_aranges
                0x00000340       0x20 c:/devel/hightec/toolchains/tricore/v4.9.1.0-infineon-1.1/bin/../lib/gcc/tricore/4.9.4/../../../../tricore/lib/tc161\libc.a(lib_a-memmove.o)
 .debug_aranges
                0x00000360       0x20 c:/devel/hightec/toolchains/tricore/v4.9.1.0-infineon-1.1/bin/../lib/gcc/tricore/4.9.4/../../../../tricore/lib/tc161\libc.a(lib_a-memset.o)
 .debug_aranges
                0x00000380       0x28 c:/devel/hightec/toolchains/tricore/v4.9.1.0-infineon-1.1/bin/../lib/gcc/tricore/4.9.4/../../../../tricore/lib/tc161\libc.a(lib_a-mlock.o)
 .debug_aranges
                0x000003a8       0xb0 c:/devel/hightec/toolchains/tricore/v4.9.1.0-infineon-1.1/bin/../lib/gcc/tricore/4.9.4/../../../../tricore/lib/tc161\libc.a(lib_a-mprec.o)
 .debug_aranges
                0x00000458       0x20 c:/devel/hightec/toolchains/tricore/v4.9.1.0-infineon-1.1/bin/../lib/gcc/tricore/4.9.4/../../../../tricore/lib/tc161\libc.a(lib_a-reallocr.o)
 .debug_aranges
                0x00000478       0x20 c:/devel/hightec/toolchains/tricore/v4.9.1.0-infineon-1.1/bin/../lib/gcc/tricore/4.9.4/../../../../tricore/lib/tc161\libc.a(lib_a-s_fpclassify.o)
 .debug_aranges
                0x00000498       0x20 c:/devel/hightec/toolchains/tricore/v4.9.1.0-infineon-1.1/bin/../lib/gcc/tricore/4.9.4/../../../../tricore/lib/tc161\libc.a(lib_a-sbrkr.o)
 .debug_aranges
                0x000004b8       0x40 c:/devel/hightec/toolchains/tricore/v4.9.1.0-infineon-1.1/bin/../lib/gcc/tricore/4.9.4/../../../../tricore/lib/tc161\libc.a(lib_a-stdio.o)
 .debug_aranges
                0x000004f8       0x20 c:/devel/hightec/toolchains/tricore/v4.9.1.0-infineon-1.1/bin/../lib/gcc/tricore/4.9.4/../../../../tricore/lib/tc161\libc.a(lib_a-strcmp.o)
 .debug_aranges
                0x00000518       0x30 c:/devel/hightec/toolchains/tricore/v4.9.1.0-infineon-1.1/bin/../lib/gcc/tricore/4.9.4/../../../../tricore/lib/tc161\libc.a(lib_a-vfiprintf.o)
 .debug_aranges
                0x00000548       0x20 c:/devel/hightec/toolchains/tricore/v4.9.1.0-infineon-1.1/bin/../lib/gcc/tricore/4.9.4/../../../../tricore/lib/tc161\libc.a(lib_a-writer.o)
 .debug_aranges
                0x00000568       0x20 c:/devel/hightec/toolchains/tricore/v4.9.1.0-infineon-1.1/bin/../lib/gcc/tricore/4.9.4/../../../../tricore/lib/tc161\libc.a(lib_a-callocr.o)
 .debug_aranges
                0x00000588       0x20 c:/devel/hightec/toolchains/tricore/v4.9.1.0-infineon-1.1/bin/../lib/gcc/tricore/4.9.4/../../../../tricore/lib/tc161\libc.a(lib_a-closer.o)
 .debug_aranges
                0x000005a8       0x28 c:/devel/hightec/toolchains/tricore/v4.9.1.0-infineon-1.1/bin/../lib/gcc/tricore/4.9.4/../../../../tricore/lib/tc161\libc.a(lib_a-fclose.o)
 .debug_aranges
                0x000005d0       0x20 c:/devel/hightec/toolchains/tricore/v4.9.1.0-infineon-1.1/bin/../lib/gcc/tricore/4.9.4/../../../../tricore/lib/tc161\libc.a(lib_a-fstatr.o)
 .debug_aranges
                0x000005f0       0x20 c:/devel/hightec/toolchains/tricore/v4.9.1.0-infineon-1.1/bin/../lib/gcc/tricore/4.9.4/../../../../tricore/lib/tc161\libc.a(lib_a-isattyr.o)
 .debug_aranges
                0x00000610       0x20 c:/devel/hightec/toolchains/tricore/v4.9.1.0-infineon-1.1/bin/../lib/gcc/tricore/4.9.4/../../../../tricore/lib/tc161\libc.a(lib_a-lseekr.o)
 .debug_aranges
                0x00000630       0x20 c:/devel/hightec/toolchains/tricore/v4.9.1.0-infineon-1.1/bin/../lib/gcc/tricore/4.9.4/../../../../tricore/lib/tc161\libc.a(lib_a-readr.o)
 .debug_aranges
                0x00000650       0x30 c:/devel/hightec/toolchains/tricore/v4.9.1.0-infineon-1.1/bin/../lib/gcc/tricore/4.9.4/../../../../tricore/lib/tc161\libc.a(lib_a-reent.o)
 .debug_aranges
                0x00000680       0x68 c:/devel/hightec/toolchains/tricore/v4.9.1.0-infineon-1.1/bin/../lib/gcc/tricore/4.9.4/../../../../tricore/lib/tc161\libos.a(libos.o)
 .debug_aranges
                0x000006e8       0x20 c:/devel/hightec/toolchains/tricore/v4.9.1.0-infineon-1.1/bin/../lib/gcc/tricore/4.9.4/../../../../tricore/lib/tc161\libos.a(vio_close.o)
 .debug_aranges
                0x00000708       0x20 c:/devel/hightec/toolchains/tricore/v4.9.1.0-infineon-1.1/bin/../lib/gcc/tricore/4.9.4/../../../../tricore/lib/tc161\libos.a(vio_lseek.o)
 .debug_aranges
                0x00000728       0x20 c:/devel/hightec/toolchains/tricore/v4.9.1.0-infineon-1.1/bin/../lib/gcc/tricore/4.9.4/../../../../tricore/lib/tc161\libos.a(vio_read.o)
 .debug_aranges
                0x00000748       0x20 c:/devel/hightec/toolchains/tricore/v4.9.1.0-infineon-1.1/bin/../lib/gcc/tricore/4.9.4/../../../../tricore/lib/tc161\libos.a(vio_virtio.o)
 .debug_aranges
                0x00000768       0x20 c:/devel/hightec/toolchains/tricore/v4.9.1.0-infineon-1.1/bin/../lib/gcc/tricore/4.9.4/../../../../tricore/lib/tc161\libos.a(vio_write.o)
 .debug_aranges
                0x00000788       0x20 c:/devel/hightec/toolchains/tricore/v4.9.1.0-infineon-1.1/bin/../lib/gcc/tricore/4.9.4/../../../../tricore/lib/tc161\libos.a(libos_abort.o)
 .debug_aranges
                0x000007a8       0x20 c:/devel/hightec/toolchains/tricore/v4.9.1.0-infineon-1.1/bin/../lib/gcc/tricore/4.9.4/../../../../tricore/lib/tc161\libos.a(libos_exit.o)
 .debug_aranges
                0x000007c8       0x20 c:/devel/hightec/toolchains/tricore/v4.9.1.0-infineon-1.1/bin/../lib/gcc/tricore/4.9.4/../../../../tricore/lib/tc161\libos.a(libos_sbrk.o)
 .debug_aranges
                0x000007e8       0x30 c:/devel/hightec/toolchains/tricore/v4.9.1.0-infineon-1.1/bin/../lib/gcc/tricore/4.9.4/tc161\libgcc.a(_addsub_df.o)
 .debug_aranges
                0x00000818       0x20 c:/devel/hightec/toolchains/tricore/v4.9.1.0-infineon-1.1/bin/../lib/gcc/tricore/4.9.4/tc161\libgcc.a(_mul_df.o)
 .debug_aranges
                0x00000838       0x20 c:/devel/hightec/toolchains/tricore/v4.9.1.0-infineon-1.1/bin/../lib/gcc/tricore/4.9.4/tc161\libgcc.a(_div_df.o)
 .debug_aranges
                0x00000858       0x20 c:/devel/hightec/toolchains/tricore/v4.9.1.0-infineon-1.1/bin/../lib/gcc/tricore/4.9.4/tc161\libgcc.a(_eq_df.o)
 .debug_aranges
                0x00000878       0x20 c:/devel/hightec/toolchains/tricore/v4.9.1.0-infineon-1.1/bin/../lib/gcc/tricore/4.9.4/tc161\libgcc.a(_ne_df.o)
 .debug_aranges
                0x00000898       0x20 c:/devel/hightec/toolchains/tricore/v4.9.1.0-infineon-1.1/bin/../lib/gcc/tricore/4.9.4/tc161\libgcc.a(_gt_df.o)
 .debug_aranges
                0x000008b8       0x20 c:/devel/hightec/toolchains/tricore/v4.9.1.0-infineon-1.1/bin/../lib/gcc/tricore/4.9.4/tc161\libgcc.a(_ge_df.o)
 .debug_aranges
                0x000008d8       0x20 c:/devel/hightec/toolchains/tricore/v4.9.1.0-infineon-1.1/bin/../lib/gcc/tricore/4.9.4/tc161\libgcc.a(_lt_df.o)
 .debug_aranges
                0x000008f8       0x20 c:/devel/hightec/toolchains/tricore/v4.9.1.0-infineon-1.1/bin/../lib/gcc/tricore/4.9.4/tc161\libgcc.a(_si_to_df.o)
 .debug_aranges
                0x00000918       0x20 c:/devel/hightec/toolchains/tricore/v4.9.1.0-infineon-1.1/bin/../lib/gcc/tricore/4.9.4/tc161\libgcc.a(_df_to_si.o)
 .debug_aranges
                0x00000938       0x18 c:/devel/hightec/toolchains/tricore/v4.9.1.0-infineon-1.1/bin/../lib/gcc/tricore/4.9.4/tc161\libgcc.a(_thenan_df.o)
 .debug_aranges
                0x00000950       0x20 c:/devel/hightec/toolchains/tricore/v4.9.1.0-infineon-1.1/bin/../lib/gcc/tricore/4.9.4/tc161\libgcc.a(_usi_to_df.o)
 .debug_aranges
                0x00000970       0x20 c:/devel/hightec/toolchains/tricore/v4.9.1.0-infineon-1.1/bin/../lib/gcc/tricore/4.9.4/tc161\libgcc.a(udivdi3.o)
 .debug_aranges
                0x00000990       0x20 c:/devel/hightec/toolchains/tricore/v4.9.1.0-infineon-1.1/bin/../lib/gcc/tricore/4.9.4/tc161\libgcc.a(umoddi3.o)
 .debug_aranges
                0x000009b0       0x20 c:/devel/hightec/toolchains/tricore/v4.9.1.0-infineon-1.1/bin/../lib/gcc/tricore/4.9.4/tc161\libgcc.a(_ashldi3.o)
 .debug_aranges
                0x000009d0       0x20 c:/devel/hightec/toolchains/tricore/v4.9.1.0-infineon-1.1/bin/../lib/gcc/tricore/4.9.4/tc161\libgcc.a(_lshrdi3.o)
 .debug_aranges
                0x000009f0       0x20 c:/devel/hightec/toolchains/tricore/v4.9.1.0-infineon-1.1/bin/../lib/gcc/tricore/4.9.4/tc161\libgcc.a(_pack_df.o)
 .debug_aranges
                0x00000a10       0x20 c:/devel/hightec/toolchains/tricore/v4.9.1.0-infineon-1.1/bin/../lib/gcc/tricore/4.9.4/tc161\libgcc.a(_unpack_df.o)
 .debug_aranges
                0x00000a30       0x20 c:/devel/hightec/toolchains/tricore/v4.9.1.0-infineon-1.1/bin/../lib/gcc/tricore/4.9.4/tc161\libgcc.a(_fpcmp_parts_df.o)
 .debug_aranges
                0x00000a50       0x20 c:/devel/hightec/toolchains/tricore/v4.9.1.0-infineon-1.1/bin/../lib/gcc/tricore/4.9.4/tc161\libgcc.a(udiv6432.o)
 .debug_aranges
                0x00000a70       0x28 c:/devel/hightec/toolchains/tricore/v4.9.1.0-infineon-1.1/bin/../lib/gcc/tricore/4.9.4/tc161/crtn.o

.debug_pubnames
 *(.debug_pubnames)

.debug_info     memory region -> *default*
                0x00000000    0x287b0
 *(.debug_info)
 .debug_info    0x00000000      0x3c6 main.o
 .debug_info    0x000003c6      0xd0a c:/devel/hightec/toolchains/tricore/v4.9.1.0-infineon-1.1/bin/../lib/gcc/tricore/4.9.4/../../../../tricore/lib/tc161\libc.a(lib_a-exit.o)
 .debug_info    0x000010d0      0xca4 c:/devel/hightec/toolchains/tricore/v4.9.1.0-infineon-1.1/bin/../lib/gcc/tricore/4.9.4/../../../../tricore/lib/tc161\libc.a(lib_a-impure.o)
 .debug_info    0x00001d74      0xdd1 c:/devel/hightec/toolchains/tricore/v4.9.1.0-infineon-1.1/bin/../lib/gcc/tricore/4.9.4/../../../../tricore/lib/tc161\libc.a(lib_a-printf.o)
 .debug_info    0x00002b45      0xe36 c:/devel/hightec/toolchains/tricore/v4.9.1.0-infineon-1.1/bin/../lib/gcc/tricore/4.9.4/../../../../tricore/lib/tc161\libc.a(lib_a-puts.o)
 .debug_info    0x0000397b      0x2bc c:/devel/hightec/toolchains/tricore/v4.9.1.0-infineon-1.1/bin/../lib/gcc/tricore/4.9.4/../../../../tricore/lib/tc161\libc.a(lib_a-strlen.o)
 .debug_info    0x00003c37     0x1d95 c:/devel/hightec/toolchains/tricore/v4.9.1.0-infineon-1.1/bin/../lib/gcc/tricore/4.9.4/../../../../tricore/lib/tc161\libc.a(lib_a-vfprintf.o)
 .debug_info    0x000059cc      0xd45 c:/devel/hightec/toolchains/tricore/v4.9.1.0-infineon-1.1/bin/../lib/gcc/tricore/4.9.4/../../../../tricore/lib/tc161\libc.a(lib_a-wsetup.o)
 .debug_info    0x00006711      0xd76 c:/devel/hightec/toolchains/tricore/v4.9.1.0-infineon-1.1/bin/../lib/gcc/tricore/4.9.4/../../../../tricore/lib/tc161\libc.a(lib_a-__call_atexit.o)
 .debug_info    0x00007487     0x17b1 c:/devel/hightec/toolchains/tricore/v4.9.1.0-infineon-1.1/bin/../lib/gcc/tricore/4.9.4/../../../../tricore/lib/tc161\libc.a(lib_a-dtoa.o)
 .debug_info    0x00008c38      0xe89 c:/devel/hightec/toolchains/tricore/v4.9.1.0-infineon-1.1/bin/../lib/gcc/tricore/4.9.4/../../../../tricore/lib/tc161\libc.a(lib_a-fflush.o)
 .debug_info    0x00009ac1     0x11e9 c:/devel/hightec/toolchains/tricore/v4.9.1.0-infineon-1.1/bin/../lib/gcc/tricore/4.9.4/../../../../tricore/lib/tc161\libc.a(lib_a-findfp.o)
 .debug_info    0x0000acaa     0x10f9 c:/devel/hightec/toolchains/tricore/v4.9.1.0-infineon-1.1/bin/../lib/gcc/tricore/4.9.4/../../../../tricore/lib/tc161\libc.a(lib_a-freer.o)
 .debug_info    0x0000bda3     0x10df c:/devel/hightec/toolchains/tricore/v4.9.1.0-infineon-1.1/bin/../lib/gcc/tricore/4.9.4/../../../../tricore/lib/tc161\libc.a(lib_a-fvwrite.o)
 .debug_info    0x0000ce82      0xeed c:/devel/hightec/toolchains/tricore/v4.9.1.0-infineon-1.1/bin/../lib/gcc/tricore/4.9.4/../../../../tricore/lib/tc161\libc.a(lib_a-fwalk.o)
 .debug_info    0x0000dd6f     0x11df c:/devel/hightec/toolchains/tricore/v4.9.1.0-infineon-1.1/bin/../lib/gcc/tricore/4.9.4/../../../../tricore/lib/tc161\libc.a(lib_a-locale.o)
 .debug_info    0x0000ef4e      0xf84 c:/devel/hightec/toolchains/tricore/v4.9.1.0-infineon-1.1/bin/../lib/gcc/tricore/4.9.4/../../../../tricore/lib/tc161\libc.a(lib_a-makebuf.o)
 .debug_info    0x0000fed2     0x128c c:/devel/hightec/toolchains/tricore/v4.9.1.0-infineon-1.1/bin/../lib/gcc/tricore/4.9.4/../../../../tricore/lib/tc161\libc.a(lib_a-mallocr.o)
 .debug_info    0x0001115e      0x2f4 c:/devel/hightec/toolchains/tricore/v4.9.1.0-infineon-1.1/bin/../lib/gcc/tricore/4.9.4/../../../../tricore/lib/tc161\libc.a(lib_a-memchr.o)
 .debug_info    0x00011452      0x300 c:/devel/hightec/toolchains/tricore/v4.9.1.0-infineon-1.1/bin/../lib/gcc/tricore/4.9.4/../../../../tricore/lib/tc161\libc.a(lib_a-memcpy.o)
 .debug_info    0x00011752      0x309 c:/devel/hightec/toolchains/tricore/v4.9.1.0-infineon-1.1/bin/../lib/gcc/tricore/4.9.4/../../../../tricore/lib/tc161\libc.a(lib_a-memmove.o)
 .debug_info    0x00011a5b      0x2cb c:/devel/hightec/toolchains/tricore/v4.9.1.0-infineon-1.1/bin/../lib/gcc/tricore/4.9.4/../../../../tricore/lib/tc161\libc.a(lib_a-memset.o)
 .debug_info    0x00011d26      0xcd3 c:/devel/hightec/toolchains/tricore/v4.9.1.0-infineon-1.1/bin/../lib/gcc/tricore/4.9.4/../../../../tricore/lib/tc161\libc.a(lib_a-mlock.o)
 .debug_info    0x000129f9     0x1ad4 c:/devel/hightec/toolchains/tricore/v4.9.1.0-infineon-1.1/bin/../lib/gcc/tricore/4.9.4/../../../../tricore/lib/tc161\libc.a(lib_a-mprec.o)
 .debug_info    0x000144cd     0x118f c:/devel/hightec/toolchains/tricore/v4.9.1.0-infineon-1.1/bin/../lib/gcc/tricore/4.9.4/../../../../tricore/lib/tc161\libc.a(lib_a-reallocr.o)
 .debug_info    0x0001565c      0x2f0 c:/devel/hightec/toolchains/tricore/v4.9.1.0-infineon-1.1/bin/../lib/gcc/tricore/4.9.4/../../../../tricore/lib/tc161\libc.a(lib_a-s_fpclassify.o)
 .debug_info    0x0001594c      0xd00 c:/devel/hightec/toolchains/tricore/v4.9.1.0-infineon-1.1/bin/../lib/gcc/tricore/4.9.4/../../../../tricore/lib/tc161\libc.a(lib_a-sbrkr.o)
 .debug_info    0x0001664c      0xfd2 c:/devel/hightec/toolchains/tricore/v4.9.1.0-infineon-1.1/bin/../lib/gcc/tricore/4.9.4/../../../../tricore/lib/tc161\libc.a(lib_a-stdio.o)
 .debug_info    0x0001761e      0x2aa c:/devel/hightec/toolchains/tricore/v4.9.1.0-infineon-1.1/bin/../lib/gcc/tricore/4.9.4/../../../../tricore/lib/tc161\libc.a(lib_a-strcmp.o)
 .debug_info    0x000178c8     0x15fd c:/devel/hightec/toolchains/tricore/v4.9.1.0-infineon-1.1/bin/../lib/gcc/tricore/4.9.4/../../../../tricore/lib/tc161\libc.a(lib_a-vfiprintf.o)
 .debug_info    0x00018ec5      0xd32 c:/devel/hightec/toolchains/tricore/v4.9.1.0-infineon-1.1/bin/../lib/gcc/tricore/4.9.4/../../../../tricore/lib/tc161\libc.a(lib_a-writer.o)
 .debug_info    0x00019bf7      0xe22 c:/devel/hightec/toolchains/tricore/v4.9.1.0-infineon-1.1/bin/../lib/gcc/tricore/4.9.4/../../../../tricore/lib/tc161\libc.a(lib_a-callocr.o)
 .debug_info    0x0001aa19      0xcd7 c:/devel/hightec/toolchains/tricore/v4.9.1.0-infineon-1.1/bin/../lib/gcc/tricore/4.9.4/../../../../tricore/lib/tc161\libc.a(lib_a-closer.o)
 .debug_info    0x0001b6f0      0xe71 c:/devel/hightec/toolchains/tricore/v4.9.1.0-infineon-1.1/bin/../lib/gcc/tricore/4.9.4/../../../../tricore/lib/tc161\libc.a(lib_a-fclose.o)
 .debug_info    0x0001c561      0xedc c:/devel/hightec/toolchains/tricore/v4.9.1.0-infineon-1.1/bin/../lib/gcc/tricore/4.9.4/../../../../tricore/lib/tc161\libc.a(lib_a-fstatr.o)
 .debug_info    0x0001d43d      0xcda c:/devel/hightec/toolchains/tricore/v4.9.1.0-infineon-1.1/bin/../lib/gcc/tricore/4.9.4/../../../../tricore/lib/tc161\libc.a(lib_a-isattyr.o)
 .debug_info    0x0001e117      0xd2b c:/devel/hightec/toolchains/tricore/v4.9.1.0-infineon-1.1/bin/../lib/gcc/tricore/4.9.4/../../../../tricore/lib/tc161\libc.a(lib_a-lseekr.o)
 .debug_info    0x0001ee42      0xd28 c:/devel/hightec/toolchains/tricore/v4.9.1.0-infineon-1.1/bin/../lib/gcc/tricore/4.9.4/../../../../tricore/lib/tc161\libc.a(lib_a-readr.o)
 .debug_info    0x0001fb6a      0xe7a c:/devel/hightec/toolchains/tricore/v4.9.1.0-infineon-1.1/bin/../lib/gcc/tricore/4.9.4/../../../../tricore/lib/tc161\libc.a(lib_a-reent.o)
 .debug_info    0x000209e4      0x6f0 c:/devel/hightec/toolchains/tricore/v4.9.1.0-infineon-1.1/bin/../lib/gcc/tricore/4.9.4/../../../../tricore/lib/tc161\libos.a(libos.o)
 .debug_info    0x000210d4      0x1cf c:/devel/hightec/toolchains/tricore/v4.9.1.0-infineon-1.1/bin/../lib/gcc/tricore/4.9.4/../../../../tricore/lib/tc161\libos.a(vio_close.o)
 .debug_info    0x000212a3      0x1fb c:/devel/hightec/toolchains/tricore/v4.9.1.0-infineon-1.1/bin/../lib/gcc/tricore/4.9.4/../../../../tricore/lib/tc161\libos.a(vio_lseek.o)
 .debug_info    0x0002149e      0x2a6 c:/devel/hightec/toolchains/tricore/v4.9.1.0-infineon-1.1/bin/../lib/gcc/tricore/4.9.4/../../../../tricore/lib/tc161\libos.a(vio_read.o)
 .debug_info    0x00021744      0x1bf c:/devel/hightec/toolchains/tricore/v4.9.1.0-infineon-1.1/bin/../lib/gcc/tricore/4.9.4/../../../../tricore/lib/tc161\libos.a(vio_virtio.o)
 .debug_info    0x00021903      0x2a8 c:/devel/hightec/toolchains/tricore/v4.9.1.0-infineon-1.1/bin/../lib/gcc/tricore/4.9.4/../../../../tricore/lib/tc161\libos.a(vio_write.o)
 .debug_info    0x00021bab      0x26c c:/devel/hightec/toolchains/tricore/v4.9.1.0-infineon-1.1/bin/../lib/gcc/tricore/4.9.4/../../../../tricore/lib/tc161\libos.a(libos_abort.o)
 .debug_info    0x00021e17      0x2a0 c:/devel/hightec/toolchains/tricore/v4.9.1.0-infineon-1.1/bin/../lib/gcc/tricore/4.9.4/../../../../tricore/lib/tc161\libos.a(libos_exit.o)
 .debug_info    0x000220b7      0x33b c:/devel/hightec/toolchains/tricore/v4.9.1.0-infineon-1.1/bin/../lib/gcc/tricore/4.9.4/../../../../tricore/lib/tc161\libos.a(libos_sbrk.o)
 .debug_info    0x000223f2      0x855 c:/devel/hightec/toolchains/tricore/v4.9.1.0-infineon-1.1/bin/../lib/gcc/tricore/4.9.4/tc161\libgcc.a(_addsub_df.o)
 .debug_info    0x00022c47      0x7b7 c:/devel/hightec/toolchains/tricore/v4.9.1.0-infineon-1.1/bin/../lib/gcc/tricore/4.9.4/tc161\libgcc.a(_mul_df.o)
 .debug_info    0x000233fe      0x6d6 c:/devel/hightec/toolchains/tricore/v4.9.1.0-infineon-1.1/bin/../lib/gcc/tricore/4.9.4/tc161\libgcc.a(_div_df.o)
 .debug_info    0x00023ad4      0x5dd c:/devel/hightec/toolchains/tricore/v4.9.1.0-infineon-1.1/bin/../lib/gcc/tricore/4.9.4/tc161\libgcc.a(_eq_df.o)
 .debug_info    0x000240b1      0x5dd c:/devel/hightec/toolchains/tricore/v4.9.1.0-infineon-1.1/bin/../lib/gcc/tricore/4.9.4/tc161\libgcc.a(_ne_df.o)
 .debug_info    0x0002468e      0x5dd c:/devel/hightec/toolchains/tricore/v4.9.1.0-infineon-1.1/bin/../lib/gcc/tricore/4.9.4/tc161\libgcc.a(_gt_df.o)
 .debug_info    0x00024c6b      0x5dd c:/devel/hightec/toolchains/tricore/v4.9.1.0-infineon-1.1/bin/../lib/gcc/tricore/4.9.4/tc161\libgcc.a(_ge_df.o)
 .debug_info    0x00025248      0x5dd c:/devel/hightec/toolchains/tricore/v4.9.1.0-infineon-1.1/bin/../lib/gcc/tricore/4.9.4/tc161\libgcc.a(_lt_df.o)
 .debug_info    0x00025825      0x50c c:/devel/hightec/toolchains/tricore/v4.9.1.0-infineon-1.1/bin/../lib/gcc/tricore/4.9.4/tc161\libgcc.a(_si_to_df.o)
 .debug_info    0x00025d31      0x5a2 c:/devel/hightec/toolchains/tricore/v4.9.1.0-infineon-1.1/bin/../lib/gcc/tricore/4.9.4/tc161\libgcc.a(_df_to_si.o)
 .debug_info    0x000262d3      0x3db c:/devel/hightec/toolchains/tricore/v4.9.1.0-infineon-1.1/bin/../lib/gcc/tricore/4.9.4/tc161\libgcc.a(_thenan_df.o)
 .debug_info    0x000266ae      0x4f0 c:/devel/hightec/toolchains/tricore/v4.9.1.0-infineon-1.1/bin/../lib/gcc/tricore/4.9.4/tc161\libgcc.a(_usi_to_df.o)
 .debug_info    0x00026b9e      0x3b5 c:/devel/hightec/toolchains/tricore/v4.9.1.0-infineon-1.1/bin/../lib/gcc/tricore/4.9.4/tc161\libgcc.a(udivdi3.o)
 .debug_info    0x00026f53      0x33a c:/devel/hightec/toolchains/tricore/v4.9.1.0-infineon-1.1/bin/../lib/gcc/tricore/4.9.4/tc161\libgcc.a(umoddi3.o)
 .debug_info    0x0002728d       0xb9 c:/devel/hightec/toolchains/tricore/v4.9.1.0-infineon-1.1/bin/../lib/gcc/tricore/4.9.4/tc161\libgcc.a(_ashldi3.o)
 .debug_info    0x00027346       0xb9 c:/devel/hightec/toolchains/tricore/v4.9.1.0-infineon-1.1/bin/../lib/gcc/tricore/4.9.4/tc161\libgcc.a(_lshrdi3.o)
 .debug_info    0x000273ff      0x58d c:/devel/hightec/toolchains/tricore/v4.9.1.0-infineon-1.1/bin/../lib/gcc/tricore/4.9.4/tc161\libgcc.a(_pack_df.o)
 .debug_info    0x0002798c      0x50c c:/devel/hightec/toolchains/tricore/v4.9.1.0-infineon-1.1/bin/../lib/gcc/tricore/4.9.4/tc161\libgcc.a(_unpack_df.o)
 .debug_info    0x00027e98      0x4a2 c:/devel/hightec/toolchains/tricore/v4.9.1.0-infineon-1.1/bin/../lib/gcc/tricore/4.9.4/tc161\libgcc.a(_fpcmp_parts_df.o)
 .debug_info    0x0002833a      0x3f7 c:/devel/hightec/toolchains/tricore/v4.9.1.0-infineon-1.1/bin/../lib/gcc/tricore/4.9.4/tc161\libgcc.a(udiv6432.o)
 .debug_info    0x00028731       0x7f c:/devel/hightec/toolchains/tricore/v4.9.1.0-infineon-1.1/bin/../lib/gcc/tricore/4.9.4/tc161/crtn.o

.debug_abbrev   memory region -> *default*
                0x00000000     0x691e
 *(.debug_abbrev)
 .debug_abbrev  0x00000000      0x14c main.o
 .debug_abbrev  0x0000014c      0x1f8 c:/devel/hightec/toolchains/tricore/v4.9.1.0-infineon-1.1/bin/../lib/gcc/tricore/4.9.4/../../../../tricore/lib/tc161\libc.a(lib_a-exit.o)
 .debug_abbrev  0x00000344      0x184 c:/devel/hightec/toolchains/tricore/v4.9.1.0-infineon-1.1/bin/../lib/gcc/tricore/4.9.4/../../../../tricore/lib/tc161\libc.a(lib_a-impure.o)
 .debug_abbrev  0x000004c8      0x21b c:/devel/hightec/toolchains/tricore/v4.9.1.0-infineon-1.1/bin/../lib/gcc/tricore/4.9.4/../../../../tricore/lib/tc161\libc.a(lib_a-printf.o)
 .debug_abbrev  0x000006e3      0x22c c:/devel/hightec/toolchains/tricore/v4.9.1.0-infineon-1.1/bin/../lib/gcc/tricore/4.9.4/../../../../tricore/lib/tc161\libc.a(lib_a-puts.o)
 .debug_abbrev  0x0000090f       0x76 c:/devel/hightec/toolchains/tricore/v4.9.1.0-infineon-1.1/bin/../lib/gcc/tricore/4.9.4/../../../../tricore/lib/tc161\libc.a(lib_a-strlen.o)
 .debug_abbrev  0x00000985      0x370 c:/devel/hightec/toolchains/tricore/v4.9.1.0-infineon-1.1/bin/../lib/gcc/tricore/4.9.4/../../../../tricore/lib/tc161\libc.a(lib_a-vfprintf.o)
 .debug_abbrev  0x00000cf5      0x1f9 c:/devel/hightec/toolchains/tricore/v4.9.1.0-infineon-1.1/bin/../lib/gcc/tricore/4.9.4/../../../../tricore/lib/tc161\libc.a(lib_a-wsetup.o)
 .debug_abbrev  0x00000eee      0x1f8 c:/devel/hightec/toolchains/tricore/v4.9.1.0-infineon-1.1/bin/../lib/gcc/tricore/4.9.4/../../../../tricore/lib/tc161\libc.a(lib_a-__call_atexit.o)
 .debug_abbrev  0x000010e6      0x290 c:/devel/hightec/toolchains/tricore/v4.9.1.0-infineon-1.1/bin/../lib/gcc/tricore/4.9.4/../../../../tricore/lib/tc161\libc.a(lib_a-dtoa.o)
 .debug_abbrev  0x00001376      0x263 c:/devel/hightec/toolchains/tricore/v4.9.1.0-infineon-1.1/bin/../lib/gcc/tricore/4.9.4/../../../../tricore/lib/tc161\libc.a(lib_a-fflush.o)
 .debug_abbrev  0x000015d9      0x33b c:/devel/hightec/toolchains/tricore/v4.9.1.0-infineon-1.1/bin/../lib/gcc/tricore/4.9.4/../../../../tricore/lib/tc161\libc.a(lib_a-findfp.o)
 .debug_abbrev  0x00001914      0x24e c:/devel/hightec/toolchains/tricore/v4.9.1.0-infineon-1.1/bin/../lib/gcc/tricore/4.9.4/../../../../tricore/lib/tc161\libc.a(lib_a-freer.o)
 .debug_abbrev  0x00001b62      0x249 c:/devel/hightec/toolchains/tricore/v4.9.1.0-infineon-1.1/bin/../lib/gcc/tricore/4.9.4/../../../../tricore/lib/tc161\libc.a(lib_a-fvwrite.o)
 .debug_abbrev  0x00001dab      0x272 c:/devel/hightec/toolchains/tricore/v4.9.1.0-infineon-1.1/bin/../lib/gcc/tricore/4.9.4/../../../../tricore/lib/tc161\libc.a(lib_a-fwalk.o)
 .debug_abbrev  0x0000201d      0x2c8 c:/devel/hightec/toolchains/tricore/v4.9.1.0-infineon-1.1/bin/../lib/gcc/tricore/4.9.4/../../../../tricore/lib/tc161\libc.a(lib_a-locale.o)
 .debug_abbrev  0x000022e5      0x1fd c:/devel/hightec/toolchains/tricore/v4.9.1.0-infineon-1.1/bin/../lib/gcc/tricore/4.9.4/../../../../tricore/lib/tc161\libc.a(lib_a-makebuf.o)
 .debug_abbrev  0x000024e2      0x299 c:/devel/hightec/toolchains/tricore/v4.9.1.0-infineon-1.1/bin/../lib/gcc/tricore/4.9.4/../../../../tricore/lib/tc161\libc.a(lib_a-mallocr.o)
 .debug_abbrev  0x0000277b       0x84 c:/devel/hightec/toolchains/tricore/v4.9.1.0-infineon-1.1/bin/../lib/gcc/tricore/4.9.4/../../../../tricore/lib/tc161\libc.a(lib_a-memchr.o)
 .debug_abbrev  0x000027ff       0x8c c:/devel/hightec/toolchains/tricore/v4.9.1.0-infineon-1.1/bin/../lib/gcc/tricore/4.9.4/../../../../tricore/lib/tc161\libc.a(lib_a-memcpy.o)
 .debug_abbrev  0x0000288b       0x84 c:/devel/hightec/toolchains/tricore/v4.9.1.0-infineon-1.1/bin/../lib/gcc/tricore/4.9.4/../../../../tricore/lib/tc161\libc.a(lib_a-memmove.o)
 .debug_abbrev  0x0000290f       0x85 c:/devel/hightec/toolchains/tricore/v4.9.1.0-infineon-1.1/bin/../lib/gcc/tricore/4.9.4/../../../../tricore/lib/tc161\libc.a(lib_a-memset.o)
 .debug_abbrev  0x00002994      0x1a0 c:/devel/hightec/toolchains/tricore/v4.9.1.0-infineon-1.1/bin/../lib/gcc/tricore/4.9.4/../../../../tricore/lib/tc161\libc.a(lib_a-mlock.o)
 .debug_abbrev  0x00002b34      0x304 c:/devel/hightec/toolchains/tricore/v4.9.1.0-infineon-1.1/bin/../lib/gcc/tricore/4.9.4/../../../../tricore/lib/tc161\libc.a(lib_a-mprec.o)
 .debug_abbrev  0x00002e38      0x26b c:/devel/hightec/toolchains/tricore/v4.9.1.0-infineon-1.1/bin/../lib/gcc/tricore/4.9.4/../../../../tricore/lib/tc161\libc.a(lib_a-reallocr.o)
 .debug_abbrev  0x000030a3       0x75 c:/devel/hightec/toolchains/tricore/v4.9.1.0-infineon-1.1/bin/../lib/gcc/tricore/4.9.4/../../../../tricore/lib/tc161\libc.a(lib_a-s_fpclassify.o)
 .debug_abbrev  0x00003118      0x1f4 c:/devel/hightec/toolchains/tricore/v4.9.1.0-infineon-1.1/bin/../lib/gcc/tricore/4.9.4/../../../../tricore/lib/tc161\libc.a(lib_a-sbrkr.o)
 .debug_abbrev  0x0000330c      0x24c c:/devel/hightec/toolchains/tricore/v4.9.1.0-infineon-1.1/bin/../lib/gcc/tricore/4.9.4/../../../../tricore/lib/tc161\libc.a(lib_a-stdio.o)
 .debug_abbrev  0x00003558       0x5a c:/devel/hightec/toolchains/tricore/v4.9.1.0-infineon-1.1/bin/../lib/gcc/tricore/4.9.4/../../../../tricore/lib/tc161\libc.a(lib_a-strcmp.o)
 .debug_abbrev  0x000035b2      0x373 c:/devel/hightec/toolchains/tricore/v4.9.1.0-infineon-1.1/bin/../lib/gcc/tricore/4.9.4/../../../../tricore/lib/tc161\libc.a(lib_a-vfiprintf.o)
 .debug_abbrev  0x00003925      0x1e4 c:/devel/hightec/toolchains/tricore/v4.9.1.0-infineon-1.1/bin/../lib/gcc/tricore/4.9.4/../../../../tricore/lib/tc161\libc.a(lib_a-writer.o)
 .debug_abbrev  0x00003b09      0x1ee c:/devel/hightec/toolchains/tricore/v4.9.1.0-infineon-1.1/bin/../lib/gcc/tricore/4.9.4/../../../../tricore/lib/tc161\libc.a(lib_a-callocr.o)
 .debug_abbrev  0x00003cf7      0x1df c:/devel/hightec/toolchains/tricore/v4.9.1.0-infineon-1.1/bin/../lib/gcc/tricore/4.9.4/../../../../tricore/lib/tc161\libc.a(lib_a-closer.o)
 .debug_abbrev  0x00003ed6      0x29b c:/devel/hightec/toolchains/tricore/v4.9.1.0-infineon-1.1/bin/../lib/gcc/tricore/4.9.4/../../../../tricore/lib/tc161\libc.a(lib_a-fclose.o)
 .debug_abbrev  0x00004171      0x1df c:/devel/hightec/toolchains/tricore/v4.9.1.0-infineon-1.1/bin/../lib/gcc/tricore/4.9.4/../../../../tricore/lib/tc161\libc.a(lib_a-fstatr.o)
 .debug_abbrev  0x00004350      0x1df c:/devel/hightec/toolchains/tricore/v4.9.1.0-infineon-1.1/bin/../lib/gcc/tricore/4.9.4/../../../../tricore/lib/tc161\libc.a(lib_a-isattyr.o)
 .debug_abbrev  0x0000452f      0x1df c:/devel/hightec/toolchains/tricore/v4.9.1.0-infineon-1.1/bin/../lib/gcc/tricore/4.9.4/../../../../tricore/lib/tc161\libc.a(lib_a-lseekr.o)
 .debug_abbrev  0x0000470e      0x1df c:/devel/hightec/toolchains/tricore/v4.9.1.0-infineon-1.1/bin/../lib/gcc/tricore/4.9.4/../../../../tricore/lib/tc161\libc.a(lib_a-readr.o)
 .debug_abbrev  0x000048ed      0x279 c:/devel/hightec/toolchains/tricore/v4.9.1.0-infineon-1.1/bin/../lib/gcc/tricore/4.9.4/../../../../tricore/lib/tc161\libc.a(lib_a-reent.o)
 .debug_abbrev  0x00004b66      0x131 c:/devel/hightec/toolchains/tricore/v4.9.1.0-infineon-1.1/bin/../lib/gcc/tricore/4.9.4/../../../../tricore/lib/tc161\libos.a(libos.o)
 .debug_abbrev  0x00004c97       0x4c c:/devel/hightec/toolchains/tricore/v4.9.1.0-infineon-1.1/bin/../lib/gcc/tricore/4.9.4/../../../../tricore/lib/tc161\libos.a(vio_close.o)
 .debug_abbrev  0x00004ce3       0x4c c:/devel/hightec/toolchains/tricore/v4.9.1.0-infineon-1.1/bin/../lib/gcc/tricore/4.9.4/../../../../tricore/lib/tc161\libos.a(vio_lseek.o)
 .debug_abbrev  0x00004d2f       0x5e c:/devel/hightec/toolchains/tricore/v4.9.1.0-infineon-1.1/bin/../lib/gcc/tricore/4.9.4/../../../../tricore/lib/tc161\libos.a(vio_read.o)
 .debug_abbrev  0x00004d8d       0x2e c:/devel/hightec/toolchains/tricore/v4.9.1.0-infineon-1.1/bin/../lib/gcc/tricore/4.9.4/../../../../tricore/lib/tc161\libos.a(vio_virtio.o)
 .debug_abbrev  0x00004dbb       0x5e c:/devel/hightec/toolchains/tricore/v4.9.1.0-infineon-1.1/bin/../lib/gcc/tricore/4.9.4/../../../../tricore/lib/tc161\libos.a(vio_write.o)
 .debug_abbrev  0x00004e19       0x37 c:/devel/hightec/toolchains/tricore/v4.9.1.0-infineon-1.1/bin/../lib/gcc/tricore/4.9.4/../../../../tricore/lib/tc161\libos.a(libos_abort.o)
 .debug_abbrev  0x00004e50       0x64 c:/devel/hightec/toolchains/tricore/v4.9.1.0-infineon-1.1/bin/../lib/gcc/tricore/4.9.4/../../../../tricore/lib/tc161\libos.a(libos_exit.o)
 .debug_abbrev  0x00004eb4       0xc7 c:/devel/hightec/toolchains/tricore/v4.9.1.0-infineon-1.1/bin/../lib/gcc/tricore/4.9.4/../../../../tricore/lib/tc161\libos.a(libos_sbrk.o)
 .debug_abbrev  0x00004f7b      0x1e4 c:/devel/hightec/toolchains/tricore/v4.9.1.0-infineon-1.1/bin/../lib/gcc/tricore/4.9.4/tc161\libgcc.a(_addsub_df.o)
 .debug_abbrev  0x0000515f      0x217 c:/devel/hightec/toolchains/tricore/v4.9.1.0-infineon-1.1/bin/../lib/gcc/tricore/4.9.4/tc161\libgcc.a(_mul_df.o)
 .debug_abbrev  0x00005376      0x214 c:/devel/hightec/toolchains/tricore/v4.9.1.0-infineon-1.1/bin/../lib/gcc/tricore/4.9.4/tc161\libgcc.a(_div_df.o)
 .debug_abbrev  0x0000558a      0x19e c:/devel/hightec/toolchains/tricore/v4.9.1.0-infineon-1.1/bin/../lib/gcc/tricore/4.9.4/tc161\libgcc.a(_eq_df.o)
 .debug_abbrev  0x00005728      0x19e c:/devel/hightec/toolchains/tricore/v4.9.1.0-infineon-1.1/bin/../lib/gcc/tricore/4.9.4/tc161\libgcc.a(_ne_df.o)
 .debug_abbrev  0x000058c6      0x19e c:/devel/hightec/toolchains/tricore/v4.9.1.0-infineon-1.1/bin/../lib/gcc/tricore/4.9.4/tc161\libgcc.a(_gt_df.o)
 .debug_abbrev  0x00005a64      0x19e c:/devel/hightec/toolchains/tricore/v4.9.1.0-infineon-1.1/bin/../lib/gcc/tricore/4.9.4/tc161\libgcc.a(_ge_df.o)
 .debug_abbrev  0x00005c02      0x19e c:/devel/hightec/toolchains/tricore/v4.9.1.0-infineon-1.1/bin/../lib/gcc/tricore/4.9.4/tc161\libgcc.a(_lt_df.o)
 .debug_abbrev  0x00005da0      0x195 c:/devel/hightec/toolchains/tricore/v4.9.1.0-infineon-1.1/bin/../lib/gcc/tricore/4.9.4/tc161\libgcc.a(_si_to_df.o)
 .debug_abbrev  0x00005f35      0x18d c:/devel/hightec/toolchains/tricore/v4.9.1.0-infineon-1.1/bin/../lib/gcc/tricore/4.9.4/tc161\libgcc.a(_df_to_si.o)
 .debug_abbrev  0x000060c2       0xab c:/devel/hightec/toolchains/tricore/v4.9.1.0-infineon-1.1/bin/../lib/gcc/tricore/4.9.4/tc161\libgcc.a(_thenan_df.o)
 .debug_abbrev  0x0000616d      0x198 c:/devel/hightec/toolchains/tricore/v4.9.1.0-infineon-1.1/bin/../lib/gcc/tricore/4.9.4/tc161\libgcc.a(_usi_to_df.o)
 .debug_abbrev  0x00006305       0xb8 c:/devel/hightec/toolchains/tricore/v4.9.1.0-infineon-1.1/bin/../lib/gcc/tricore/4.9.4/tc161\libgcc.a(udivdi3.o)
 .debug_abbrev  0x000063bd       0x8a c:/devel/hightec/toolchains/tricore/v4.9.1.0-infineon-1.1/bin/../lib/gcc/tricore/4.9.4/tc161\libgcc.a(umoddi3.o)
 .debug_abbrev  0x00006447       0x14 c:/devel/hightec/toolchains/tricore/v4.9.1.0-infineon-1.1/bin/../lib/gcc/tricore/4.9.4/tc161\libgcc.a(_ashldi3.o)
 .debug_abbrev  0x0000645b       0x14 c:/devel/hightec/toolchains/tricore/v4.9.1.0-infineon-1.1/bin/../lib/gcc/tricore/4.9.4/tc161\libgcc.a(_lshrdi3.o)
 .debug_abbrev  0x0000646f      0x19d c:/devel/hightec/toolchains/tricore/v4.9.1.0-infineon-1.1/bin/../lib/gcc/tricore/4.9.4/tc161\libgcc.a(_pack_df.o)
 .debug_abbrev  0x0000660c      0x13a c:/devel/hightec/toolchains/tricore/v4.9.1.0-infineon-1.1/bin/../lib/gcc/tricore/4.9.4/tc161\libgcc.a(_unpack_df.o)
 .debug_abbrev  0x00006746      0x11d c:/devel/hightec/toolchains/tricore/v4.9.1.0-infineon-1.1/bin/../lib/gcc/tricore/4.9.4/tc161\libgcc.a(_fpcmp_parts_df.o)
 .debug_abbrev  0x00006863       0xa9 c:/devel/hightec/toolchains/tricore/v4.9.1.0-infineon-1.1/bin/../lib/gcc/tricore/4.9.4/tc161\libgcc.a(udiv6432.o)
 .debug_abbrev  0x0000690c       0x12 c:/devel/hightec/toolchains/tricore/v4.9.1.0-infineon-1.1/bin/../lib/gcc/tricore/4.9.4/tc161/crtn.o

.debug_line     memory region -> *default*
                0x00000000     0x6954
 *(.debug_line)
 .debug_line    0x00000000       0xa3 main.o
 .debug_line    0x000000a3      0x1b0 c:/devel/hightec/toolchains/tricore/v4.9.1.0-infineon-1.1/bin/../lib/gcc/tricore/4.9.4/../../../../tricore/lib/tc161\libc.a(lib_a-exit.o)
 .debug_line    0x00000253      0x127 c:/devel/hightec/toolchains/tricore/v4.9.1.0-infineon-1.1/bin/../lib/gcc/tricore/4.9.4/../../../../tricore/lib/tc161\libc.a(lib_a-impure.o)
 .debug_line    0x0000037a      0x1b1 c:/devel/hightec/toolchains/tricore/v4.9.1.0-infineon-1.1/bin/../lib/gcc/tricore/4.9.4/../../../../tricore/lib/tc161\libc.a(lib_a-printf.o)
 .debug_line    0x0000052b      0x1dd c:/devel/hightec/toolchains/tricore/v4.9.1.0-infineon-1.1/bin/../lib/gcc/tricore/4.9.4/../../../../tricore/lib/tc161\libc.a(lib_a-puts.o)
 .debug_line    0x00000708      0x124 c:/devel/hightec/toolchains/tricore/v4.9.1.0-infineon-1.1/bin/../lib/gcc/tricore/4.9.4/../../../../tricore/lib/tc161\libc.a(lib_a-strlen.o)
 .debug_line    0x0000082c      0x77e c:/devel/hightec/toolchains/tricore/v4.9.1.0-infineon-1.1/bin/../lib/gcc/tricore/4.9.4/../../../../tricore/lib/tc161\libc.a(lib_a-vfprintf.o)
 .debug_line    0x00000faa      0x1e8 c:/devel/hightec/toolchains/tricore/v4.9.1.0-infineon-1.1/bin/../lib/gcc/tricore/4.9.4/../../../../tricore/lib/tc161\libc.a(lib_a-wsetup.o)
 .debug_line    0x00001192      0x1f6 c:/devel/hightec/toolchains/tricore/v4.9.1.0-infineon-1.1/bin/../lib/gcc/tricore/4.9.4/../../../../tricore/lib/tc161\libc.a(lib_a-__call_atexit.o)
 .debug_line    0x00001388      0x67f c:/devel/hightec/toolchains/tricore/v4.9.1.0-infineon-1.1/bin/../lib/gcc/tricore/4.9.4/../../../../tricore/lib/tc161\libc.a(lib_a-dtoa.o)
 .debug_line    0x00001a07      0x24c c:/devel/hightec/toolchains/tricore/v4.9.1.0-infineon-1.1/bin/../lib/gcc/tricore/4.9.4/../../../../tricore/lib/tc161\libc.a(lib_a-fflush.o)
 .debug_line    0x00001c53      0x332 c:/devel/hightec/toolchains/tricore/v4.9.1.0-infineon-1.1/bin/../lib/gcc/tricore/4.9.4/../../../../tricore/lib/tc161\libc.a(lib_a-findfp.o)
 .debug_line    0x00001f85      0x257 c:/devel/hightec/toolchains/tricore/v4.9.1.0-infineon-1.1/bin/../lib/gcc/tricore/4.9.4/../../../../tricore/lib/tc161\libc.a(lib_a-freer.o)
 .debug_line    0x000021dc      0x2a2 c:/devel/hightec/toolchains/tricore/v4.9.1.0-infineon-1.1/bin/../lib/gcc/tricore/4.9.4/../../../../tricore/lib/tc161\libc.a(lib_a-fvwrite.o)
 .debug_line    0x0000247e      0x1cf c:/devel/hightec/toolchains/tricore/v4.9.1.0-infineon-1.1/bin/../lib/gcc/tricore/4.9.4/../../../../tricore/lib/tc161\libc.a(lib_a-fwalk.o)
 .debug_line    0x0000264d      0x221 c:/devel/hightec/toolchains/tricore/v4.9.1.0-infineon-1.1/bin/../lib/gcc/tricore/4.9.4/../../../../tricore/lib/tc161\libc.a(lib_a-locale.o)
 .debug_line    0x0000286e      0x20a c:/devel/hightec/toolchains/tricore/v4.9.1.0-infineon-1.1/bin/../lib/gcc/tricore/4.9.4/../../../../tricore/lib/tc161\libc.a(lib_a-makebuf.o)
 .debug_line    0x00002a78      0x2fe c:/devel/hightec/toolchains/tricore/v4.9.1.0-infineon-1.1/bin/../lib/gcc/tricore/4.9.4/../../../../tricore/lib/tc161\libc.a(lib_a-mallocr.o)
 .debug_line    0x00002d76      0x126 c:/devel/hightec/toolchains/tricore/v4.9.1.0-infineon-1.1/bin/../lib/gcc/tricore/4.9.4/../../../../tricore/lib/tc161\libc.a(lib_a-memchr.o)
 .debug_line    0x00002e9c      0x126 c:/devel/hightec/toolchains/tricore/v4.9.1.0-infineon-1.1/bin/../lib/gcc/tricore/4.9.4/../../../../tricore/lib/tc161\libc.a(lib_a-memcpy.o)
 .debug_line    0x00002fc2      0x12f c:/devel/hightec/toolchains/tricore/v4.9.1.0-infineon-1.1/bin/../lib/gcc/tricore/4.9.4/../../../../tricore/lib/tc161\libc.a(lib_a-memmove.o)
 .debug_line    0x000030f1      0x124 c:/devel/hightec/toolchains/tricore/v4.9.1.0-infineon-1.1/bin/../lib/gcc/tricore/4.9.4/../../../../tricore/lib/tc161\libc.a(lib_a-memset.o)
 .debug_line    0x00003215      0x145 c:/devel/hightec/toolchains/tricore/v4.9.1.0-infineon-1.1/bin/../lib/gcc/tricore/4.9.4/../../../../tricore/lib/tc161\libc.a(lib_a-mlock.o)
 .debug_line    0x0000335a      0x665 c:/devel/hightec/toolchains/tricore/v4.9.1.0-infineon-1.1/bin/../lib/gcc/tricore/4.9.4/../../../../tricore/lib/tc161\libc.a(lib_a-mprec.o)
 .debug_line    0x000039bf      0x244 c:/devel/hightec/toolchains/tricore/v4.9.1.0-infineon-1.1/bin/../lib/gcc/tricore/4.9.4/../../../../tricore/lib/tc161\libc.a(lib_a-reallocr.o)
 .debug_line    0x00003c03      0x153 c:/devel/hightec/toolchains/tricore/v4.9.1.0-infineon-1.1/bin/../lib/gcc/tricore/4.9.4/../../../../tricore/lib/tc161\libc.a(lib_a-s_fpclassify.o)
 .debug_line    0x00003d56      0x19a c:/devel/hightec/toolchains/tricore/v4.9.1.0-infineon-1.1/bin/../lib/gcc/tricore/4.9.4/../../../../tricore/lib/tc161\libc.a(lib_a-sbrkr.o)
 .debug_line    0x00003ef0      0x206 c:/devel/hightec/toolchains/tricore/v4.9.1.0-infineon-1.1/bin/../lib/gcc/tricore/4.9.4/../../../../tricore/lib/tc161\libc.a(lib_a-stdio.o)
 .debug_line    0x000040f6       0xd3 c:/devel/hightec/toolchains/tricore/v4.9.1.0-infineon-1.1/bin/../lib/gcc/tricore/4.9.4/../../../../tricore/lib/tc161\libc.a(lib_a-strcmp.o)