Archive member included because of file (symbol)

c:/devel/hightec/toolchains/tricore/v4.9.1.0-infineon-1.1/bin/../lib/gcc/tricore/4.9.4/../../../../tricore/lib/tc161\libc.a(lib_a-printf.o)
                              ../out/main.o (printf)
c:/devel/hightec/toolchains/tricore/v4.9.1.0-infineon-1.1/bin/../lib/gcc/tricore/4.9.4/../../../../tricore/lib/tc161\libc.a(lib_a-puts.o)
                              ../out/main.o (puts)
c:/devel/hightec/toolchains/tricore/v4.9.1.0-infineon-1.1/bin/../lib/gcc/tricore/4.9.4/../../../../tricore/lib/tc161\libc.a(lib_a-strlen.o)
                              c:/devel/hightec/toolchains/tricore/v4.9.1.0-infineon-1.1/bin/../lib/gcc/tricore/4.9.4/../../../../tricore/lib/tc161\libc.a(lib_a-puts.o) (strlen)
c:/devel/hightec/toolchains/tricore/v4.9.1.0-infineon-1.1/bin/../lib/gcc/tricore/4.9.4/../../../../tricore/lib/tc161\libc.a(lib_a-vfprintf.o)
                              c:/devel/hightec/toolchains/tricore/v4.9.1.0-infineon-1.1/bin/../lib/gcc/tricore/4.9.4/../../../../tricore/lib/tc161\libc.a(lib_a-printf.o) (_vfprintf_r)
c:/devel/hightec/toolchains/tricore/v4.9.1.0-infineon-1.1/bin/../lib/gcc/tricore/4.9.4/../../../../tricore/lib/tc161\libc.a(lib_a-wsetup.o)
                              c:/devel/hightec/toolchains/tricore/v4.9.1.0-infineon-1.1/bin/../lib/gcc/tricore/4.9.4/../../../../tricore/lib/tc161\libc.a(lib_a-vfprintf.o) (__swsetup_r)
c:/devel/hightec/toolchains/tricore/v4.9.1.0-infineon-1.1/bin/../lib/gcc/tricore/4.9.4/../../../../tricore/lib/tc161\libc.a(lib_a-dtoa.o)
                              c:/devel/hightec/toolchains/tricore/v4.9.1.0-infineon-1.1/bin/../lib/gcc/tricore/4.9.4/../../../../tricore/lib/tc161\libc.a(lib_a-vfprintf.o) (_dtoa_r)
c:/devel/hightec/toolchains/tricore/v4.9.1.0-infineon-1.1/bin/../lib/gcc/tricore/4.9.4/../../../../tricore/lib/tc161\libc.a(lib_a-fflush.o)
                              c:/devel/hightec/toolchains/tricore/v4.9.1.0-infineon-1.1/bin/../lib/gcc/tricore/4.9.4/../../../../tricore/lib/tc161\libc.a(lib_a-vfprintf.o) (_fflush_r)
c:/devel/hightec/toolchains/tricore/v4.9.1.0-infineon-1.1/bin/../lib/gcc/tricore/4.9.4/../../../../tricore/lib/tc161\libc.a(lib_a-findfp.o)
                              c:/devel/hightec/toolchains/tricore/v4.9.1.0-infineon-1.1/bin/../lib/gcc/tricore/4.9.4/../../../../tricore/lib/tc161\libc.a(lib_a-vfprintf.o) (__sinit)
c:/devel/hightec/toolchains/tricore/v4.9.1.0-infineon-1.1/bin/../lib/gcc/tricore/4.9.4/../../../../tricore/lib/tc161\libc.a(lib_a-freer.o)
                              c:/devel/hightec/toolchains/tricore/v4.9.1.0-infineon-1.1/bin/../lib/gcc/tricore/4.9.4/../../../../tricore/lib/tc161\libc.a(lib_a-wsetup.o) (_free_r)
c:/devel/hightec/toolchains/tricore/v4.9.1.0-infineon-1.1/bin/../lib/gcc/tricore/4.9.4/../../../../tricore/lib/tc161\libc.a(lib_a-fvwrite.o)
                              c:/devel/hightec/toolchains/tricore/v4.9.1.0-infineon-1.1/bin/../lib/gcc/tricore/4.9.4/../../../../tricore/lib/tc161\libc.a(lib_a-puts.o) (__sfvwrite_r)
c:/devel/hightec/toolchains/tricore/v4.9.1.0-infineon-1.1/bin/../lib/gcc/tricore/4.9.4/../../../../tricore/lib/tc161\libc.a(lib_a-fwalk.o)
                              c:/devel/hightec/toolchains/tricore/v4.9.1.0-infineon-1.1/bin/../lib/gcc/tricore/4.9.4/../../../../tricore/lib/tc161\libc.a(lib_a-findfp.o) (_fwalk)
c:/devel/hightec/toolchains/tricore/v4.9.1.0-infineon-1.1/bin/../lib/gcc/tricore/4.9.4/../../../../tricore/lib/tc161\libc.a(lib_a-impure.o)
                              c:/devel/hightec/toolchains/tricore/v4.9.1.0-infineon-1.1/bin/../lib/gcc/tricore/4.9.4/../../../../tricore/lib/tc161\libc.a(lib_a-fflush.o) (_global_impure_ptr)
c:/devel/hightec/toolchains/tricore/v4.9.1.0-infineon-1.1/bin/../lib/gcc/tricore/4.9.4/../../../../tricore/lib/tc161\libc.a(lib_a-locale.o)
                              c:/devel/hightec/toolchains/tricore/v4.9.1.0-infineon-1.1/bin/../lib/gcc/tricore/4.9.4/../../../../tricore/lib/tc161\libc.a(lib_a-vfprintf.o) (_localeconv_r)
c:/devel/hightec/toolchains/tricore/v4.9.1.0-infineon-1.1/bin/../lib/gcc/tricore/4.9.4/../../../../tricore/lib/tc161\libc.a(lib_a-makebuf.o)
                              c:/devel/hightec/toolchains/tricore/v4.9.1.0-infineon-1.1/bin/../lib/gcc/tricore/4.9.4/../../../../tricore/lib/tc161\libc.a(lib_a-wsetup.o) (__smakebuf_r)
c:/devel/hightec/toolchains/tricore/v4.9.1.0-infineon-1.1/bin/../lib/gcc/tricore/4.9.4/../../../../tricore/lib/tc161\libc.a(lib_a-mallocr.o)
                              c:/devel/hightec/toolchains/tricore/v4.9.1.0-infineon-1.1/bin/../lib/gcc/tricore/4.9.4/../../../../tricore/lib/tc161\libc.a(lib_a-findfp.o) (_malloc_r)
c:/devel/hightec/toolchains/tricore/v4.9.1.0-infineon-1.1/bin/../lib/gcc/tricore/4.9.4/../../../../tricore/lib/tc161\libc.a(lib_a-memchr.o)
                              c:/devel/hightec/toolchains/tricore/v4.9.1.0-infineon-1.1/bin/../lib/gcc/tricore/4.9.4/../../../../tricore/lib/tc161\libc.a(lib_a-vfprintf.o) (memchr)
[...]
Memory Configuration

Name             Origin             Length             Used               Free               Attributes
PMU_PFLASH0      0x80000000         0x00200000         0x0000571c         0x001fa8e4         xr !p
PMU_PFLASH1      0x00000000         0x00000000         0x00000000         0x00000000         xr !p
PMU_DFLASH0      0xaf000000         0x00020000         0x00000000         0x00020000         w !xp
PMI_SPRAM        0xc0000000         0x00002000         0x00000000         0x00002000         xr !p
DMI_LDRAM        0xd0000000         0x0002e000         0x000079c0         0x00026640         w !xp
PCP_PRAM         0x00000000         0x00000000         0x00000000         0x00000000         wp !x
PCP_CMEM         0x00000000         0x00000000         0x00000000         0x00000000         xrp
*default*        0x00000000         0xffffffff         0x0005c809         0xfffa37f6

List of aliases

PMU_PFLASH0     : CODE_MEM
DMI_LDRAM       : CSA_MEM ZDATA_MEM BSS_MEM SDATA_MEM DATA_MEM
PCP_PRAM        : PCP_DATA
PCP_CMEM        : PCP_CODE

Linker script and memory map

LOAD c:/devel/hightec/toolchains/tricore/v4.9.1.0-infineon-1.1/bin/../lib/gcc/tricore/4.9.4/crt0-tc23xx.o
LOAD ../out/factorial.o
LOAD ../out/hello.o
LOAD ../out/main.o
LOAD c:/devel/hightec/toolchains/tricore/v4.9.1.0-infineon-1.1/bin/../lib/gcc/tricore/4.9.4/../../../../tricore/lib/tc161\libstdc++.a
LOAD c:/devel/hightec/toolchains/tricore/v4.9.1.0-infineon-1.1/bin/../lib/gcc/tricore/4.9.4/../../../../tricore/lib/tc161\libm.a
LOAD c:/devel/hightec/toolchains/tricore/v4.9.1.0-infineon-1.1/bin/../lib/gcc/tricore/4.9.4/tc161\libgcc.a
LOAD c:/devel/hightec/toolchains/tricore/v4.9.1.0-infineon-1.1/bin/../lib/gcc/tricore/4.9.4/../../../../tricore/lib/tc161\libc.a
LOAD c:/devel/hightec/toolchains/tricore/v4.9.1.0-infineon-1.1/bin/../lib/gcc/tricore/4.9.4/../../../../tricore/lib/tc161\libos.a
LOAD c:/devel/hightec/toolchains/tricore/v4.9.1.0-infineon-1.1/bin/../lib/gcc/tricore/4.9.4/../../../../tricore/lib/tc161\libm.a
LOAD c:/devel/hightec/toolchains/tricore/v4.9.1.0-infineon-1.1/bin/../lib/gcc/tricore/4.9.4/../../../../tricore/lib/tc161\libc.a
LOAD c:/devel/hightec/toolchains/tricore/v4.9.1.0-infineon-1.1/bin/../lib/gcc/tricore/4.9.4/tc161\libgcc.a
LOAD c:/devel/hightec/toolchains/tricore/v4.9.1.0-infineon-1.1/bin/../lib/gcc/tricore/4.9.4/tc161/crtend.o
LOAD c:/devel/hightec/toolchains/tricore/v4.9.1.0-infineon-1.1/bin/../lib/gcc/tricore/4.9.4/tc161/crtn.o
                [0x00000100]                __ISTACK_SIZE = DEFINED (__ISTACK_SIZE)?__ISTACK_SIZE:0x1000
                [0x00001000]                __USTACK_SIZE = DEFINED (__USTACK_SIZE)?__USTACK_SIZE:0x5000
                [0x00004000]                __CSA_SIZE = DEFINED (__CSA_SIZE)?__CSA_SIZE:0x1000
                [0x00002000]                __HEAP_SIZE = DEFINED (__HEAP_SIZE)?__HEAP_SIZE:0x2000
LOAD c:/devel/hightec/toolchains/tricore/v4.9.1.0-infineon-1.1/bin/../lib/gcc/tricore/4.9.4/tc161/crti.o
LOAD c:/devel/hightec/toolchains/tricore/v4.9.1.0-infineon-1.1/bin/../lib/gcc/tricore/4.9.4/tc161/crtbegin.o
                0x00001000                __USTACK_SIZE = 0x1000
                0x00000100                __ISTACK_SIZE = 0x100
                0x00002000                __HEAP_MIN = 0x2000
                0x00004000                __CSA_SIZE = 0x4000
                0x00002300                __TRICORE_DERIVATE_MEMORY_MAP__ = 0x2300
                0x00000000                __EXT_CODE_RAM_BEGIN = 0x0
                0x00000000                __EXT_CODE_RAM_SIZE = 0x0
                0x00000000                __EXT_DATA_RAM_BEGIN = 0x0
                0x00000000                __EXT_DATA_RAM_SIZE = 0x0
                0x00000000                __RAM_END = (__EXT_DATA_RAM_BEGIN + __EXT_DATA_RAM_SIZE)
                0x80000000                __INT_CODE_FLASH_BEGIN = 0x80000000
                0x00200000                __INT_CODE_FLASH_SIZE = 0x200000
                0x00000000                __INT_CODE_FLASH_BANK1_BEGIN = 0x0
                0x00000000                __INT_CODE_FLASH_BANK1_SIZE = 0x0
                0xaf000000                __INT_DATA_FLASH_BEGIN = 0xaf000000
                0x00020000                __INT_DATA_FLASH_SIZE = 0x20000
                0xc0000000                __INT_CODE_RAM_BEGIN = 0xc0000000
                0x00002000                __INT_CODE_RAM_SIZE = 0x2000
                0xd0000000                __INT_DATA_RAM_BEGIN = 0xd0000000
                0x0002e000                __INT_DATA_RAM_SIZE = 0x2e000
                0x00000000                __PCP_CODE_RAM_BEGIN = 0x0
                0x00000000                __PCP_CODE_RAM_SIZE = 0x0
                0x00000000                __PCP_DATA_RAM_BEGIN = 0x0
                0x00000000                __PCP_DATA_RAM_SIZE = 0x0
                0x00000001                _. = ASSERT ((__TRICORE_DERIVATE_MEMORY_MAP__ == __TRICORE_DERIVATE_NAME__), Using wrong Memory Map. This Map is for TC23XX)

.startup        memory region -> PMU_PFLASH0
                0x80000000      0x400
 *(.startup_code)
 .startup_code  0x80000000      0x400 c:/devel/hightec/toolchains/tricore/v4.9.1.0-infineon-1.1/bin/../lib/gcc/tricore/4.9.4/crt0-tc23xx.o
                0x80000020                _start
                0x800001be                __init_csa
                0x80000232                __clear_table_func
                0x80000286                __copy_table_func
                0x80000300                first_trap_table
                0x80000400                . = ALIGN (0x8)

.zbss           memory region -> DMI_LDRAM
                0xd0000000        0x0
                0xd0000000                ZBSS_BASE = .
 *(.zbss)
 *(.zbss.*)
 *(.gnu.linkonce.zb.*)
 *(.bbss)
 *(.bbss.*)
                0xd0000000                ZBSS_END = .

.zdata          memory region -> DMI_LDRAM
                0xd0000000        0x0 load address 0x80000400
                0xd0000000                ZDATA_BASE = .
 *(.zdata)
 *(.zdata.*)
 *(.gnu.linkonce.z.*)
 *(.bdata)
 *(.bdata.*)
                0xd0000000                ZDATA_END = .

.zrodata        memory region -> DMI_LDRAM
                0xd0000000        0x0 load address 0x80000400
 *(.zrodata)
 *(.zrodata.*)
 *(.gnu.linkonce.zr.*)

.traptab
 *(.traptab)

.inttab
 *(.inttab)

.init           memory region -> PMU_PFLASH0
                0x80000400       0x12
 *(SORT(.init*))
 .init          0x80000400        0x0 c:/devel/hightec/toolchains/tricore/v4.9.1.0-infineon-1.1/bin/../lib/gcc/tricore/4.9.4/tc161/crti.o
                0x80000400                _init
 .init          0x80000400        0x4 c:/devel/hightec/toolchains/tricore/v4.9.1.0-infineon-1.1/bin/../lib/gcc/tricore/4.9.4/tc161/crtbegin.o
 .init          0x80000404        0x4 c:/devel/hightec/toolchains/tricore/v4.9.1.0-infineon-1.1/bin/../lib/gcc/tricore/4.9.4/tc161/crtend.o
 .init          0x80000408        0x2 c:/devel/hightec/toolchains/tricore/v4.9.1.0-infineon-1.1/bin/../lib/gcc/tricore/4.9.4/tc161/crtn.o
 *(SORT(.fini*))
 *fill*         0x8000040a        0x2 00000000
 .fini          0x8000040c        0x0 c:/devel/hightec/toolchains/tricore/v4.9.1.0-infineon-1.1/bin/../lib/gcc/tricore/4.9.4/tc161/crti.o
                0x8000040c                _fini
 .fini          0x8000040c        0x4 c:/devel/hightec/toolchains/tricore/v4.9.1.0-infineon-1.1/bin/../lib/gcc/tricore/4.9.4/tc161/crtbegin.o
 .fini          0x80000410        0x2 c:/devel/hightec/toolchains/tricore/v4.9.1.0-infineon-1.1/bin/../lib/gcc/tricore/4.9.4/tc161/crtn.o

.text           memory region -> PMU_PFLASH0
                0x80000418     0x4802
 *(.text)
 *(.text.*)
 .text.deregister_tm_clones
                0x80000418       0x28 c:/devel/hightec/toolchains/tricore/v4.9.1.0-infineon-1.1/bin/../lib/gcc/tricore/4.9.4/tc161/crtbegin.o
 .text.register_tm_clones
                0x80000440       0x2c c:/devel/hightec/toolchains/tricore/v4.9.1.0-infineon-1.1/bin/../lib/gcc/tricore/4.9.4/tc161/crtbegin.o
 .text.__do_global_dtors_aux
                0x8000046c       0x4c c:/devel/hightec/toolchains/tricore/v4.9.1.0-infineon-1.1/bin/../lib/gcc/tricore/4.9.4/tc161/crtbegin.o
 .text.frame_dummy
                0x800004b8       0x1e c:/devel/hightec/toolchains/tricore/v4.9.1.0-infineon-1.1/bin/../lib/gcc/tricore/4.9.4/tc161/crtbegin.o
 .text._Z11print_hellov
                0x800004d6        0x4 ../out/hello.o
                0x800004d6                print_hello()
 .text.main     0x800004da       0x56 ../out/main.o
                0x800004da                main
 .text.printf   0x80000530       0x14 c:/devel/hightec/toolchains/tricore/v4.9.1.0-infineon-1.1/bin/../lib/gcc/tricore/4.9.4/../../../../tricore/lib/tc161\libc.a(lib_a-printf.o)
                0x80000530                printf
 .text._puts_r  0x80000544       0x64 c:/devel/hightec/toolchains/tricore/v4.9.1.0-infineon-1.1/bin/../lib/gcc/tricore/4.9.4/../../../../tricore/lib/tc161\libc.a(lib_a-puts.o)
                0x80000544                _puts_r
 .text.puts     0x800005a8        0xe c:/devel/hightec/toolchains/tricore/v4.9.1.0-infineon-1.1/bin/../lib/gcc/tricore/4.9.4/../../../../tricore/lib/tc161\libc.a(lib_a-puts.o)
                0x800005a8                puts
 .text.strlen   0x800005b6       0x14 c:/devel/hightec/toolchains/tricore/v4.9.1.0-infineon-1.1/bin/../lib/gcc/tricore/4.9.4/../../../../tricore/lib/tc161\libc.a(lib_a-strlen.o)
                0x800005b6                strlen
 *fill*         0x800005ca        0x2 00000000
 .text._vfprintf_r
                0x800005cc     0x12a8 c:/devel/hightec/toolchains/tricore/v4.9.1.0-infineon-1.1/bin/../lib/gcc/tricore/4.9.4/../../../../tricore/lib/tc161\libc.a(lib_a-vfprintf.o)
                0x800005cc                _vfprintf_r
 .text.__swsetup_r
                0x80001874       0x92 c:/devel/hightec/toolchains/tricore/v4.9.1.0-infineon-1.1/bin/../lib/gcc/tricore/4.9.4/../../../../tricore/lib/tc161\libc.a(lib_a-wsetup.o)
                0x80001874                __swsetup_r
 .text.quorem   0x80001906      0x11a c:/devel/hightec/toolchains/tricore/v4.9.1.0-infineon-1.1/bin/../lib/gcc/tricore/4.9.4/../../../../tricore/lib/tc161\libc.a(lib_a-dtoa.o)
 .text._dtoa_r  0x80001a20      0xcd4 c:/devel/hightec/toolchains/tricore/v4.9.1.0-infineon-1.1/bin/../lib/gcc/tricore/4.9.4/../../../../tricore/lib/tc161\libc.a(lib_a-dtoa.o)
                0x80001a20                _dtoa_r
 .text._fflush_r
                0x800026f4      0x112 c:/devel/hightec/toolchains/tricore/v4.9.1.0-infineon-1.1/bin/../lib/gcc/tricore/4.9.4/../../../../tricore/lib/tc161\libc.a(lib_a-fflush.o)
                0x800026f4                _fflush_r
 .text._cleanup_r
                0x80002806        0xc c:/devel/hightec/toolchains/tricore/v4.9.1.0-infineon-1.1/bin/../lib/gcc/tricore/4.9.4/../../../../tricore/lib/tc161\libc.a(lib_a-findfp.o)
                0x80002806                _cleanup_r
 .text.__sinit  0x80002812       0xe2 c:/devel/hightec/toolchains/tricore/v4.9.1.0-infineon-1.1/bin/../lib/gcc/tricore/4.9.4/../../../../tricore/lib/tc161\libc.a(lib_a-findfp.o)
                0x80002812                __sinit
 .text.__sfp_lock_acquire
                0x800028f4        0x2 c:/devel/hightec/toolchains/tricore/v4.9.1.0-infineon-1.1/bin/../lib/gcc/tricore/4.9.4/../../../../tricore/lib/tc161\libc.a(lib_a-findfp.o)
                0x800028f4                __sfp_lock_acquire
 .text.__sfp_lock_release
                0x800028f6        0x2 c:/devel/hightec/toolchains/tricore/v4.9.1.0-infineon-1.1/bin/../lib/gcc/tricore/4.9.4/../../../../tricore/lib/tc161\libc.a(lib_a-findfp.o)
                0x800028f6                __sfp_lock_release
 .text._malloc_trim_r
                0x800028f8       0xba c:/devel/hightec/toolchains/tricore/v4.9.1.0-infineon-1.1/bin/../lib/gcc/tricore/4.9.4/../../../../tricore/lib/tc161\libc.a(lib_a-freer.o)
                0x800028f8                _malloc_trim_r
 .text._free_r  0x800029b2      0x1ac c:/devel/hightec/toolchains/tricore/v4.9.1.0-infineon-1.1/bin/../lib/gcc/tricore/4.9.4/../../../../tricore/lib/tc161\libc.a(lib_a-freer.o)
                0x800029b2                _free_r
 .text.__sfvwrite_r
                0x80002b5e      0x26c c:/devel/hightec/toolchains/tricore/v4.9.1.0-infineon-1.1/bin/../lib/gcc/tricore/4.9.4/../../../../tricore/lib/tc161\libc.a(lib_a-fvwrite.o)
                0x80002b5e                __sfvwrite_r
 .text._fwalk   0x80002dca       0x42 c:/devel/hightec/toolchains/tricore/v4.9.1.0-infineon-1.1/bin/../lib/gcc/tricore/4.9.4/../../../../tricore/lib/tc161\libc.a(lib_a-fwalk.o)
                0x80002dca                _fwalk
 .text._localeconv_r
                0x80002e0c        0xa c:/devel/hightec/toolchains/tricore/v4.9.1.0-infineon-1.1/bin/../lib/gcc/tricore/4.9.4/../../../../tricore/lib/tc161\libc.a(lib_a-locale.o)
                0x80002e0c                _localeconv_r
 .text.__smakebuf_r
                0x80002e16       0xd4 c:/devel/hightec/toolchains/tricore/v4.9.1.0-infineon-1.1/bin/../lib/gcc/tricore/4.9.4/../../../../tricore/lib/tc161\libc.a(lib_a-makebuf.o)
                0x80002e16                __smakebuf_r
 .text._malloc_r
                0x80002eea      0x49a c:/devel/hightec/toolchains/tricore/v4.9.1.0-infineon-1.1/bin/../lib/gcc/tricore/4.9.4/../../../../tricore/lib/tc161\libc.a(lib_a-mallocr.o)
                0x80002eea                _malloc_r
 .text.memchr   0x80003384       0x18 c:/devel/hightec/toolchains/tricore/v4.9.1.0-infineon-1.1/bin/../lib/gcc/tricore/4.9.4/../../../../tricore/lib/tc161\libc.a(lib_a-memchr.o)
                0x80003384                memchr
 .text.memcpy   0x8000339c       0x1c c:/devel/hightec/toolchains/tricore/v4.9.1.0-infineon-1.1/bin/../lib/gcc/tricore/4.9.4/../../../../tricore/lib/tc161\libc.a(lib_a-memcpy.o)
                0x8000339c                memcpy
 .text.memmove  0x800033b8       0x50 c:/devel/hightec/toolchains/tricore/v4.9.1.0-infineon-1.1/bin/../lib/gcc/tricore/4.9.4/../../../../tricore/lib/tc161\libc.a(lib_a-memmove.o)
                0x800033b8                memmove
 .text.memset   0x80003408       0x10 c:/devel/hightec/toolchains/tricore/v4.9.1.0-infineon-1.1/bin/../lib/gcc/tricore/4.9.4/../../../../tricore/lib/tc161\libc.a(lib_a-memset.o)
                0x80003408                memset
 .text.__malloc_lock
                0x80003418        0x2 c:/devel/hightec/toolchains/tricore/v4.9.1.0-infineon-1.1/bin/../lib/gcc/tricore/4.9.4/../../../../tricore/lib/tc161\libc.a(lib_a-mlock.o)
                0x80003418                __malloc_lock
 .text.__malloc_unlock
                0x8000341a        0x2 c:/devel/hightec/toolchains/tricore/v4.9.1.0-infineon-1.1/bin/../lib/gcc/tricore/4.9.4/../../../../tricore/lib/tc161\libc.a(lib_a-mlock.o)
                0x8000341a                __malloc_unlock
 .text._Balloc  0x8000341c       0x56 c:/devel/hightec/toolchains/tricore/v4.9.1.0-infineon-1.1/bin/../lib/gcc/tricore/4.9.4/../../../../tricore/lib/tc161\libc.a(lib_a-mprec.o)
                0x8000341c                _Balloc
 .text._Bfree   0x80003472       0x12 c:/devel/hightec/toolchains/tricore/v4.9.1.0-infineon-1.1/bin/../lib/gcc/tricore/4.9.4/../../../../tricore/lib/tc161\libc.a(lib_a-mprec.o)
                0x80003472                _Bfree
 .text.__multadd
                0x80003484       0x82 c:/devel/hightec/toolchains/tricore/v4.9.1.0-infineon-1.1/bin/../lib/gcc/tricore/4.9.4/../../../../tricore/lib/tc161\libc.a(lib_a-mprec.o)
                0x80003484                __multadd
 .text.__hi0bits
                0x80003506       0x42 c:/devel/hightec/toolchains/tricore/v4.9.1.0-infineon-1.1/bin/../lib/gcc/tricore/4.9.4/../../../../tricore/lib/tc161\libc.a(lib_a-mprec.o)
                0x80003506                __hi0bits
 .text.__lo0bits
                0x80003548       0x66 c:/devel/hightec/toolchains/tricore/v4.9.1.0-infineon-1.1/bin/../lib/gcc/tricore/4.9.4/../../../../tricore/lib/tc161\libc.a(lib_a-mprec.o)
                0x80003548                __lo0bits
 .text.__i2b    0x800035ae       0x10 c:/devel/hightec/toolchains/tricore/v4.9.1.0-infineon-1.1/bin/../lib/gcc/tricore/4.9.4/../../../../tricore/lib/tc161\libc.a(lib_a-mprec.o)
                0x800035ae                __i2b
 .text.__multiply
                0x800035be      0x11a c:/devel/hightec/toolchains/tricore/v4.9.1.0-infineon-1.1/bin/../lib/gcc/tricore/4.9.4/../../../../tricore/lib/tc161\libc.a(lib_a-mprec.o)
                0x800035be                __multiply
 .text.__pow5mult
                0x800036d8       0x7c c:/devel/hightec/toolchains/tricore/v4.9.1.0-infineon-1.1/bin/../lib/gcc/tricore/4.9.4/../../../../tricore/lib/tc161\libc.a(lib_a-mprec.o)
                0x800036d8                __pow5mult
 .text.__lshift
                0x80003754       0xba c:/devel/hightec/toolchains/tricore/v4.9.1.0-infineon-1.1/bin/../lib/gcc/tricore/4.9.4/../../../../tricore/lib/tc161\libc.a(lib_a-mprec.o)
                0x80003754                __lshift
 .text.__mcmp   0x8000380e       0x42 c:/devel/hightec/toolchains/tricore/v4.9.1.0-infineon-1.1/bin/../lib/gcc/tricore/4.9.4/../../../../tricore/lib/tc161\libc.a(lib_a-mprec.o)
                0x8000380e                __mcmp
 .text.__mdiff  0x80003850       0xca c:/devel/hightec/toolchains/tricore/v4.9.1.0-infineon-1.1/bin/../lib/gcc/tricore/4.9.4/../../../../tricore/lib/tc161\libc.a(lib_a-mprec.o)
                0x80003850                __mdiff
 .text.__d2b    0x8000391a       0xa8 c:/devel/hightec/toolchains/tricore/v4.9.1.0-infineon-1.1/bin/../lib/gcc/tricore/4.9.4/../../../../tricore/lib/tc161\libc.a(lib_a-mprec.o)
                0x8000391a                __d2b
 .text._realloc_r
                0x800039c2      0x3f0 c:/devel/hightec/toolchains/tricore/v4.9.1.0-infineon-1.1/bin/../lib/gcc/tricore/4.9.4/../../../../tricore/lib/tc161\libc.a(lib_a-reallocr.o)
                0x800039c2                _realloc_r
 .text.__fpclassifyd
                0x80003db2       0x42 c:/devel/hightec/toolchains/tricore/v4.9.1.0-infineon-1.1/bin/../lib/gcc/tricore/4.9.4/../../../../tricore/lib/tc161\libc.a(lib_a-s_fpclassify.o)
                0x80003db2                __fpclassifyd
 .text._sbrk_r  0x80003df4       0x1e c:/devel/hightec/toolchains/tricore/v4.9.1.0-infineon-1.1/bin/../lib/gcc/tricore/4.9.4/../../../../tricore/lib/tc161\libc.a(lib_a-sbrkr.o)
                0x80003df4                _sbrk_r
 .text.__sread  0x80003e12       0x26 c:/devel/hightec/toolchains/tricore/v4.9.1.0-infineon-1.1/bin/../lib/gcc/tricore/4.9.4/../../../../tricore/lib/tc161\libc.a(lib_a-stdio.o)
                0x80003e12                __sread
 .text.__swrite
                0x80003e38       0x2c c:/devel/hightec/toolchains/tricore/v4.9.1.0-infineon-1.1/bin/../lib/gcc/tricore/4.9.4/../../../../tricore/lib/tc161\libc.a(lib_a-stdio.o)
                0x80003e38                __swrite
 .text.__sseek  0x80003e64       0x2a c:/devel/hightec/toolchains/tricore/v4.9.1.0-infineon-1.1/bin/../lib/gcc/tricore/4.9.4/../../../../tricore/lib/tc161\libc.a(lib_a-stdio.o)
                0x80003e64                __sseek
 .text.__sclose
                0x80003e8e        0x8 c:/devel/hightec/toolchains/tricore/v4.9.1.0-infineon-1.1/bin/../lib/gcc/tricore/4.9.4/../../../../tricore/lib/tc161\libc.a(lib_a-stdio.o)
                0x80003e8e                __sclose
 .text.__sprint_r
                0x80003e96       0x1a c:/devel/hightec/toolchains/tricore/v4.9.1.0-infineon-1.1/bin/../lib/gcc/tricore/4.9.4/../../../../tricore/lib/tc161\libc.a(lib_a-vfiprintf.o)
                0x80003e96                __sprint_r
 .text._write_r
                0x80003eb0       0x20 c:/devel/hightec/toolchains/tricore/v4.9.1.0-infineon-1.1/bin/../lib/gcc/tricore/4.9.4/../../../../tricore/lib/tc161\libc.a(lib_a-writer.o)
                0x80003eb0                _write_r
 .text._calloc_r
                0x80003ed0       0x62 c:/devel/hightec/toolchains/tricore/v4.9.1.0-infineon-1.1/bin/../lib/gcc/tricore/4.9.4/../../../../tricore/lib/tc161\libc.a(lib_a-callocr.o)
                0x80003ed0                _calloc_r
 .text._close_r
                0x80003f32       0x1e c:/devel/hightec/toolchains/tricore/v4.9.1.0-infineon-1.1/bin/../lib/gcc/tricore/4.9.4/../../../../tricore/lib/tc161\libc.a(lib_a-closer.o)
                0x80003f32                _close_r
 .text._fclose_r
                0x80003f50       0x86 c:/devel/hightec/toolchains/tricore/v4.9.1.0-infineon-1.1/bin/../lib/gcc/tricore/4.9.4/../../../../tricore/lib/tc161\libc.a(lib_a-fclose.o)
                0x80003f50                _fclose_r
 .text.fclose   0x80003fd6        0xe c:/devel/hightec/toolchains/tricore/v4.9.1.0-infineon-1.1/bin/../lib/gcc/tricore/4.9.4/../../../../tricore/lib/tc161\libc.a(lib_a-fclose.o)
                0x80003fd6                fclose
 .text._fstat_r
                0x80003fe4       0x20 c:/devel/hightec/toolchains/tricore/v4.9.1.0-infineon-1.1/bin/../lib/gcc/tricore/4.9.4/../../../../tricore/lib/tc161\libc.a(lib_a-fstatr.o)
                0x80003fe4                _fstat_r
 .text._isatty_r
                0x80004004       0x1e c:/devel/hightec/toolchains/tricore/v4.9.1.0-infineon-1.1/bin/../lib/gcc/tricore/4.9.4/../../../../tricore/lib/tc161\libc.a(lib_a-isattyr.o)
                0x80004004                _isatty_r
 .text._lseek_r
                0x80004022       0x1e c:/devel/hightec/toolchains/tricore/v4.9.1.0-infineon-1.1/bin/../lib/gcc/tricore/4.9.4/../../../../tricore/lib/tc161\libc.a(lib_a-lseekr.o)
                0x80004022                _lseek_r
 .text._read_r  0x80004040       0x20 c:/devel/hightec/toolchains/tricore/v4.9.1.0-infineon-1.1/bin/../lib/gcc/tricore/4.9.4/../../../../tricore/lib/tc161\libc.a(lib_a-readr.o)
                0x80004040                _read_r
 .text.__errno  0x80004060        0xa c:/devel/hightec/toolchains/tricore/v4.9.1.0-infineon-1.1/bin/../lib/gcc/tricore/4.9.4/../../../../tricore/lib/tc161\libos.a(libos.o)
                0x80004060                __errno
 .text.isatty   0x8000406a        0x6 c:/devel/hightec/toolchains/tricore/v4.9.1.0-infineon-1.1/bin/../lib/gcc/tricore/4.9.4/../../../../tricore/lib/tc161\libos.a(libos.o)
                0x8000406a                isatty
 .text.fstat    0x80004070       0x20 c:/devel/hightec/toolchains/tricore/v4.9.1.0-infineon-1.1/bin/../lib/gcc/tricore/4.9.4/../../../../tricore/lib/tc161\libos.a(libos.o)
                0x80004070                fstat
 .text.close    0x80004090        0x8 c:/devel/hightec/toolchains/tricore/v4.9.1.0-infineon-1.1/bin/../lib/gcc/tricore/4.9.4/../../../../tricore/lib/tc161\libos.a(vio_close.o)
                0x80004090                close
 .text.lseek    0x80004098        0x8 c:/devel/hightec/toolchains/tricore/v4.9.1.0-infineon-1.1/bin/../lib/gcc/tricore/4.9.4/../../../../tricore/lib/tc161\libos.a(vio_lseek.o)
                0x80004098                lseek
 .text.read     0x800040a0        0x8 c:/devel/hightec/toolchains/tricore/v4.9.1.0-infineon-1.1/bin/../lib/gcc/tricore/4.9.4/../../../../tricore/lib/tc161\libos.a(vio_read.o)
                0x800040a0                read
 .text.__virtio_dummy_hnd
                0x800040a8       0x10 c:/devel/hightec/toolchains/tricore/v4.9.1.0-infineon-1.1/bin/../lib/gcc/tricore/4.9.4/../../../../tricore/lib/tc161\libos.a(vio_virtio.o)
                0x800040a8                __virtio_dummy_hnd
                0x800040ac                ___virtio
                0x800040ac                ___virtio_hnd
 .text.write    0x800040b8        0x8 c:/devel/hightec/toolchains/tricore/v4.9.1.0-infineon-1.1/bin/../lib/gcc/tricore/4.9.4/../../../../tricore/lib/tc161\libos.a(vio_write.o)
                0x800040b8                write
 .text.abort    0x800040c0       0x12 c:/devel/hightec/toolchains/tricore/v4.9.1.0-infineon-1.1/bin/../lib/gcc/tricore/4.9.4/../../../../tricore/lib/tc161\libos.a(libos_abort.o)
                0x800040c0                abort
 .text._exit    0x800040d2       0x10 c:/devel/hightec/toolchains/tricore/v4.9.1.0-infineon-1.1/bin/../lib/gcc/tricore/4.9.4/../../../../tricore/lib/tc161\libos.a(libos_exit.o)
                0x800040d2                _exit
 .text.sbrk     0x800040e2       0x3c c:/devel/hightec/toolchains/tricore/v4.9.1.0-infineon-1.1/bin/../lib/gcc/tricore/4.9.4/../../../../tricore/lib/tc161\libos.a(libos_sbrk.o)
                0x800040e2                sbrk
 .text._fpadd_parts
                0x8000411e      0x19c c:/devel/hightec/toolchains/tricore/v4.9.1.0-infineon-1.1/bin/../lib/gcc/tricore/4.9.4/tc161\libgcc.a(_addsub_df.o)
 .text.__adddf3
                0x800042ba       0x38 c:/devel/hightec/toolchains/tricore/v4.9.1.0-infineon-1.1/bin/../lib/gcc/tricore/4.9.4/tc161\libgcc.a(_addsub_df.o)
                0x800042ba                __adddf3
 .text.__subdf3
                0x800042f2       0x40 c:/devel/hightec/toolchains/tricore/v4.9.1.0-infineon-1.1/bin/../lib/gcc/tricore/4.9.4/tc161\libgcc.a(_addsub_df.o)
                0x800042f2                __subdf3
 .text.__muldf3
                0x80004332      0x1a4 c:/devel/hightec/toolchains/tricore/v4.9.1.0-infineon-1.1/bin/../lib/gcc/tricore/4.9.4/tc161\libgcc.a(_mul_df.o)
                0x80004332                __muldf3
 .text.__divdf3
                0x800044d6      0x118 c:/devel/hightec/toolchains/tricore/v4.9.1.0-infineon-1.1/bin/../lib/gcc/tricore/4.9.4/tc161\libgcc.a(_div_df.o)
                0x800044d6                __divdf3
 .text.__eqdf2  0x800045ee       0x40 c:/devel/hightec/toolchains/tricore/v4.9.1.0-infineon-1.1/bin/../lib/gcc/tricore/4.9.4/tc161\libgcc.a(_eq_df.o)
                0x800045ee                __eqdf2
 .text.__nedf2  0x8000462e       0x40 c:/devel/hightec/toolchains/tricore/v4.9.1.0-infineon-1.1/bin/../lib/gcc/tricore/4.9.4/tc161\libgcc.a(_ne_df.o)
                0x8000462e                __nedf2
 .text.__gtdf2  0x8000466e       0x40 c:/devel/hightec/toolchains/tricore/v4.9.1.0-infineon-1.1/bin/../lib/gcc/tricore/4.9.4/tc161\libgcc.a(_gt_df.o)
                0x8000466e                __gtdf2
 .text.__gedf2  0x800046ae       0x40 c:/devel/hightec/toolchains/tricore/v4.9.1.0-infineon-1.1/bin/../lib/gcc/tricore/4.9.4/tc161\libgcc.a(_ge_df.o)
                0x800046ae                __gedf2
 .text.__ltdf2  0x800046ee       0x40 c:/devel/hightec/toolchains/tricore/v4.9.1.0-infineon-1.1/bin/../lib/gcc/tricore/4.9.4/tc161\libgcc.a(_lt_df.o)
                0x800046ee                __ltdf2
 .text.__floatsidf
                0x8000472e       0x48 c:/devel/hightec/toolchains/tricore/v4.9.1.0-infineon-1.1/bin/../lib/gcc/tricore/4.9.4/tc161\libgcc.a(_si_to_df.o)
                0x8000472e                __floatsidf
 .text.__fixdfsi
                0x80004776       0x4e c:/devel/hightec/toolchains/tricore/v4.9.1.0-infineon-1.1/bin/../lib/gcc/tricore/4.9.4/tc161\libgcc.a(_df_to_si.o)
                0x80004776                __fixdfsi
 .text.__floatunsidf
                0x800047c4       0x32 c:/devel/hightec/toolchains/tricore/v4.9.1.0-infineon-1.1/bin/../lib/gcc/tricore/4.9.4/tc161\libgcc.a(_usi_to_df.o)
                0x800047c4                __floatunsidf
 .text.__udivdi3
                0x800047f6       0xa0 c:/devel/hightec/toolchains/tricore/v4.9.1.0-infineon-1.1/bin/../lib/gcc/tricore/4.9.4/tc161\libgcc.a(udivdi3.o)
                0x800047f6                __udivdi3
 .text.__umoddi3
                0x80004896       0x26 c:/devel/hightec/toolchains/tricore/v4.9.1.0-infineon-1.1/bin/../lib/gcc/tricore/4.9.4/tc161\libgcc.a(umoddi3.o)
                0x80004896                __umoddi3
 .text.libgcc   0x800048bc       0x1a c:/devel/hightec/toolchains/tricore/v4.9.1.0-infineon-1.1/bin/../lib/gcc/tricore/4.9.4/tc161\libgcc.a(_ashldi3.o)
                0x800048bc                __ashldi3
 .text.libgcc   0x800048d6       0x26 c:/devel/hightec/toolchains/tricore/v4.9.1.0-infineon-1.1/bin/../lib/gcc/tricore/4.9.4/tc161\libgcc.a(_lshrdi3.o)
                0x800048d6                __lshrdi3
 .text.__pack_d
                0x800048fc      0x112 c:/devel/hightec/toolchains/tricore/v4.9.1.0-infineon-1.1/bin/../lib/gcc/tricore/4.9.4/tc161\libgcc.a(_pack_df.o)
                0x800048fc                __pack_d
 .text.__unpack_d
                0x80004a0e       0xac c:/devel/hightec/toolchains/tricore/v4.9.1.0-infineon-1.1/bin/../lib/gcc/tricore/4.9.4/tc161\libgcc.a(_unpack_df.o)
                0x80004a0e                __unpack_d
 .text.__fpcmp_parts_d
                0x80004aba       0xa6 c:/devel/hightec/toolchains/tricore/v4.9.1.0-infineon-1.1/bin/../lib/gcc/tricore/4.9.4/tc161\libgcc.a(_fpcmp_parts_df.o)
                0x80004aba                __fpcmp_parts_d
 .text.__udiv6432
                0x80004b60       0x9c c:/devel/hightec/toolchains/tricore/v4.9.1.0-infineon-1.1/bin/../lib/gcc/tricore/4.9.4/tc161\libgcc.a(udiv6432.o)
                0x80004b60                __udiv6432
 .text.__do_global_ctors_aux
                0x80004bfc       0x1e c:/devel/hightec/toolchains/tricore/v4.9.1.0-infineon-1.1/bin/../lib/gcc/tricore/4.9.4/tc161/crtend.o
 *(.pcp_c_ptr_init)
 *(.pcp_c_ptr_init.*)
 *(.gnu.linkonce.t.*)
 *(.gnu.warning)

.rodata         memory region -> PMU_PFLASH0
                0x80004c20      0x1f0
 *(.rodata)
 .rodata        0x80004c20        0x2 c:/devel/hightec/toolchains/tricore/v4.9.1.0-infineon-1.1/bin/../lib/gcc/tricore/4.9.4/../../../../tricore/lib/tc161\libc.a(lib_a-puts.o)
 .rodata        0x80004c22       0x54 c:/devel/hightec/toolchains/tricore/v4.9.1.0-infineon-1.1/bin/../lib/gcc/tricore/4.9.4/../../../../tricore/lib/tc161\libc.a(lib_a-vfprintf.o)
 .rodata        0x80004c76        0xf c:/devel/hightec/toolchains/tricore/v4.9.1.0-infineon-1.1/bin/../lib/gcc/tricore/4.9.4/../../../../tricore/lib/tc161\libc.a(lib_a-dtoa.o)
 *fill*         0x80004c85        0x3 00
 .rodata        0x80004c88        0x8 c:/devel/hightec/toolchains/tricore/v4.9.1.0-infineon-1.1/bin/../lib/gcc/tricore/4.9.4/../../../../tricore/lib/tc161\libc.a(lib_a-impure.o)
                0x80004c88                _global_impure_ptr
 .rodata        0x80004c90       0x44 c:/devel/hightec/toolchains/tricore/v4.9.1.0-infineon-1.1/bin/../lib/gcc/tricore/4.9.4/../../../../tricore/lib/tc161\libc.a(lib_a-locale.o)
 .rodata        0x80004cd4      0x124 c:/devel/hightec/toolchains/tricore/v4.9.1.0-infineon-1.1/bin/../lib/gcc/tricore/4.9.4/../../../../tricore/lib/tc161\libc.a(lib_a-mprec.o)
                0x80004ce0                __mprec_tinytens
                0x80004d08                __mprec_bigtens
                0x80004d30                __mprec_tens
 .rodata        0x80004df8       0x14 c:/devel/hightec/toolchains/tricore/v4.9.1.0-infineon-1.1/bin/../lib/gcc/tricore/4.9.4/tc161\libgcc.a(_thenan_df.o)
                0x80004df8                __thenan_df
 *(.rodata.*)
 *(.gnu.linkonce.r.*)
                0x80004e10                . = ALIGN (0x8)
 *fill*         0x80004e0c        0x4 00

.clear_sec      memory region -> PMU_PFLASH0
                0x80004e10       0x28
                0x80004e10                PROVIDE (__clear_table, .)
                0x80004e10        0x4 LONG 0xd0000848 (0x0 + ADDR (.bss))
                0x80004e14        0x4 LONG 0x50 SIZEOF (.bss)
                0x80004e18        0x4 LONG 0xd0000848 (0x0 + ADDR (.sbss))
                0x80004e1c        0x4 LONG 0x0 SIZEOF (.sbss)
                0x80004e20        0x4 LONG 0xd0000000 (0x0 + ADDR (.zbss))
                0x80004e24        0x4 LONG 0x0 SIZEOF (.zbss)
                0x80004e28        0x4 LONG 0x0 __PCP_CODE_RAM_BEGIN
                0x80004e2c        0x4 LONG 0x0 __PCP_CODE_RAM_SIZE
                0x80004e30        0x4 LONG 0xffffffff
                0x80004e34        0x4 LONG 0xffffffff

.copy_sec       memory region -> PMU_PFLASH0
                0x80004e38       0x54
                0x80004e38                PROVIDE (__copy_table, .)
                0x80004e38        0x4 LONG 0x80004ed8 LOADADDR (.data)
                0x80004e3c        0x4 LONG 0xd0000000 (0x0 + ADDR (.data))
                0x80004e40        0x4 LONG 0x840 SIZEOF (.data)
                0x80004e44        0x4 LONG 0x80005718 LOADADDR (.sdata)
                0x80004e48        0x4 LONG 0xd0000840 (0x0 + ADDR (.sdata))
                0x80004e4c        0x4 LONG 0x4 SIZEOF (.sdata)
                0x80004e50        0x4 LONG 0x80000400 LOADADDR (.zdata)
                0x80004e54        0x4 LONG 0xd0000000 (0x0 + ADDR (.zdata))
                0x80004e58        0x4 LONG 0x0 SIZEOF (.zdata)
                0x80004e5c        0x4 LONG 0x80000400 LOADADDR (.zrodata)
                0x80004e60        0x4 LONG 0xd0000000 (0x0 + ADDR (.zrodata))
                0x80004e64        0x4 LONG 0x0 SIZEOF (.zrodata)
                0x80004e68        0x4 LONG 0x80004ed8 LOADADDR (.pcpdata)
                0x80004e6c        0x4 LONG 0x0 (0x0 + ADDR (.pcpdata))
                0x80004e70        0x4 LONG 0x0 SIZEOF (.pcpdata)
                0x80004e74        0x4 LONG 0x80004ed8 LOADADDR (.pcptext)
                0x80004e78        0x4 LONG 0x0 (0x0 + ADDR (.pcptext))
                0x80004e7c        0x4 LONG 0x0 SIZEOF (.pcptext)
                0x80004e80        0x4 LONG 0xffffffff
                0x80004e84        0x4 LONG 0xffffffff
                0x80004e88        0x4 LONG 0xffffffff

.sdata2         memory region -> PMU_PFLASH0
                0x80004e90       0x1e
                0x8000ce90                PROVIDE (_SMALL_DATA2_, 0x8000)
 *(.sdata.rodata)
 *(.sdata.rodata.*)
 *(.srodata)
 .srodata       0x80004e90       0x1e ../out/main.o
 *(.srodata.*)
 *(.sdata2)
 *(.sdata2.*)
 *(.gnu.linkonce.sr.*)

.eh_frame       memory region -> PMU_PFLASH0
                0x80004eb0        0x0
 *(.gcc_except_table)
                0x80004eb0                __EH_FRAME_BEGIN__ = .
 *(.eh_frame)
                0x80004eb0                __EH_FRAME_END__ = .

.jcr            memory region -> PMU_PFLASH0
                0x80004eb0        0x4
 *(.jcr)
 .jcr           0x80004eb0        0x0 c:/devel/hightec/toolchains/tricore/v4.9.1.0-infineon-1.1/bin/../lib/gcc/tricore/4.9.4/tc161/crtbegin.o
 .jcr           0x80004eb0        0x4 c:/devel/hightec/toolchains/tricore/v4.9.1.0-infineon-1.1/bin/../lib/gcc/tricore/4.9.4/tc161/crtend.o

.ctors          memory region -> PMU_PFLASH0
                0x80004eb4       0x14
                0x80004eb4                __CTOR_LIST__ = .
                0x80004eb4        0x4 LONG 0x2 (((__CTOR_END__ - __CTOR_LIST__) / 0x4) - 0x2)
 *crtbegin.o(.ctors)
 .ctors         0x80004eb8        0x4 c:/devel/hightec/toolchains/tricore/v4.9.1.0-infineon-1.1/bin/../lib/gcc/tricore/4.9.4/tc161/crtbegin.o
 *(EXCLUDE_FILE(*crtend.o) .ctors)
 *(SORT(.ctors.*))
 *(.ctors)
 .ctors         0x80004ebc        0x4 c:/devel/hightec/toolchains/tricore/v4.9.1.0-infineon-1.1/bin/../lib/gcc/tricore/4.9.4/tc161/crtend.o
                0x80004ec0        0x4 LONG 0x0
                0x80004ec4                __CTOR_END__ = .
                0x80004ec8                . = ALIGN (0x8)
 *fill*         0x80004ec4        0x4 00

.dtors          memory region -> PMU_PFLASH0
                0x80004ec8       0x10
                0x80004ec8                __DTOR_LIST__ = .
                0x80004ec8        0x4 LONG 0x2 (((__DTOR_END__ - __DTOR_LIST__) / 0x4) - 0x2)
 *crtbegin.o(.dtors)
 .dtors         0x80004ecc        0x4 c:/devel/hightec/toolchains/tricore/v4.9.1.0-infineon-1.1/bin/../lib/gcc/tricore/4.9.4/tc161/crtbegin.o
 *(EXCLUDE_FILE(*crtend.o) .dtors)
 *(SORT(.dtors.*))
 *(.dtors)
 .dtors         0x80004ed0        0x4 c:/devel/hightec/toolchains/tricore/v4.9.1.0-infineon-1.1/bin/../lib/gcc/tricore/4.9.4/tc161/crtend.o
                0x80004ed4        0x4 LONG 0x0
                0x80004ed8                __DTOR_END__ = .
                0x80004ed8                . = ALIGN (0x8)

.pcptext        memory region -> PCP_CMEM
                0x00000000        0x0 load address 0x80004ed8
                0x00000000                PCODE_BASE = .
 *(.pcptext)
 *(.pcptext.*)
                0x00000000                . = ALIGN (0x8)
                0x00000000                PCODE_END = .

.pcpdata        memory region -> PCP_PRAM
                0x00000000        0x0 load address 0x80004ed8
                0x00000000                PRAM_BASE = .
 *(.pcpdata)
 *(.pcpdata.*)
                0x00000000                . = ALIGN (0x8)
                0x00000000                PRAM_END = .

.data           memory region -> DMI_LDRAM
                0xd0000000      0x840 load address 0x80004ed8
                0xd0000000                DATA_BASE = .
 *(.data)
 .data          0xd0000000      0x428 c:/devel/hightec/toolchains/tricore/v4.9.1.0-infineon-1.1/bin/../lib/gcc/tricore/4.9.4/../../../../tricore/lib/tc161\libc.a(lib_a-impure.o)
                0xd0000000                _impure_ptr
 .data          0xd0000428      0x410 c:/devel/hightec/toolchains/tricore/v4.9.1.0-infineon-1.1/bin/../lib/gcc/tricore/4.9.4/../../../../tricore/lib/tc161\libc.a(lib_a-mallocr.o)
                0xd0000428                __malloc_sbrk_base
                0xd000042c                __malloc_trim_threshold
                0xd0000430                __malloc_av_
 .data          0xd0000838        0x8 c:/devel/hightec/toolchains/tricore/v4.9.1.0-infineon-1.1/bin/../lib/gcc/tricore/4.9.4/../../../../tricore/lib/tc161\libos.a(libos_sbrk.o)
 *(.data.*)
 *(.gnu.linkonce.d.*)
                0xd0000840                DATA_END = .

.tm_clone_table memory region -> PMU_DFLASH0
                0xaf000000        0x0
 .tm_clone_table
                0xaf000000        0x0 c:/devel/hightec/toolchains/tricore/v4.9.1.0-infineon-1.1/bin/../lib/gcc/tricore/4.9.4/tc161/crtbegin.o
 .tm_clone_table
                0xaf000000        0x0 c:/devel/hightec/toolchains/tricore/v4.9.1.0-infineon-1.1/bin/../lib/gcc/tricore/4.9.4/tc161/crtend.o

.sdata          memory region -> DMI_LDRAM
                0xd0000840        0x4 load address 0x80005718
                0xd0000840                SDATA_BASE = .
                0xd0000840                PROVIDE (__sdata_start, .)
                0xd0008840                PROVIDE (_SMALL_DATA_, 0x8000)
 *(.sdata)
 .sdata         0xd0000840        0x4 ../out/main.o
 *(.sdata.*)
 *(.gnu.linkonce.s.*)

.sbss           memory region -> DMI_LDRAM
                0xd0000848        0x0 load address 0x80005720
                0xd0000848                PROVIDE (__sbss_start, .)
 *(.sbss)
 *(.sbss.*)
 *(.gnu.linkonce.sb.*)

.bss            memory region -> DMI_LDRAM
                0xd0000848       0x50 load address 0x80005720
                0xd0000848                BSS_BASE = .
 *(.bss)
 .bss           0xd0000848        0x8 c:/devel/hightec/toolchains/tricore/v4.9.1.0-infineon-1.1/bin/../lib/gcc/tricore/4.9.4/tc161/crtbegin.o
 .bss           0xd0000850       0x38 c:/devel/hightec/toolchains/tricore/v4.9.1.0-infineon-1.1/bin/../lib/gcc/tricore/4.9.4/../../../../tricore/lib/tc161\libc.a(lib_a-mallocr.o)
                0xd0000850                __malloc_current_mallinfo
                0xd0000878                __malloc_max_total_mem
                0xd000087c                __malloc_max_sbrked_mem
                0xd0000880                __malloc_top_pad
 .bss           0xd0000888        0x8 c:/devel/hightec/toolchains/tricore/v4.9.1.0-infineon-1.1/bin/../lib/gcc/tricore/4.9.4/../../../../tricore/lib/tc161\libc.a(lib_a-reent.o)
                0xd0000888                errno
 .bss           0xd0000890        0x8 c:/devel/hightec/toolchains/tricore/v4.9.1.0-infineon-1.1/bin/../lib/gcc/tricore/4.9.4/../../../../tricore/lib/tc161\libos.a(libos.o)
                0xd0000890                _my_errno
 *(.bss.*)
 *(.gnu.linkonce.b.*)
 *(COMMON)
                0xd0000898                . = ALIGN (0x8)

.ustack         memory region -> DMI_LDRAM
                0xd0000898     0x1000 load address 0x80005720
                0xd0001898                . = (. + __USTACK_SIZE)
 *fill*         0xd0000898     0x1000 00
                0xd0001898                . = ALIGN (0x8)
                0xd0001898                __USTACK = .

.istack         memory region -> DMI_LDRAM
                0xd0001898      0x100 load address 0x80005720
                0xd0001998                . = (. + __ISTACK_SIZE)
 *fill*         0xd0001898      0x100 00
                0xd0001998                . = ALIGN (0x8)
                0xd0001998                __ISTACK = .

.heap           memory region -> DMI_LDRAM
                0xd0001998     0x2000 load address 0x80005720
                0xd0001998                __HEAP = .
                0xd0003998                . = (. + __HEAP_SIZE)
 *fill*         0xd0001998     0x2000 00
                0xd0003998                . = ALIGN (0x8)
                0xd0003998                __HEAP_END = .

.csa            memory region -> DMI_LDRAM
                0xd00039c0     0x4000 load address 0x80005740
                0xd00039c0                __CSA_BEGIN = .
                0xd00079c0                . = (. + __CSA_SIZE)
 *fill*         0xd00039c0     0x4000 00
                0xd00079c0                __CSA_END = .
                0x00004000                __CSA_SIZE = (__CSA_END - __CSA_BEGIN)
                0xd0003998                _end = __HEAP_END
                0xd0003998                PROVIDE (end, _end)
                0x00000001                _. = ASSERT (((__CSA_BEGIN & 0x3f) == 0x0), illegal CSA start address)
                0x00000001                _. = ASSERT (((__CSA_SIZE & 0x3f) == 0x0), illegal CSA size)
                0x00000001                _. = ASSERT (((__ISTACK & 0x7) == 0x0), ISTACK not doubleword aligned)
                0x00000001                _. = ASSERT (((__USTACK & 0x7) == 0x0), USTACK not doubleword aligned)
                0x00000001                _. = ASSERT (((__HEAP_END & 0x7) == 0x0), HEAP not doubleword aligned)
                [0x00000000]                NULL = DEFINED (NULL)?NULL:0x0

.comment        memory region -> *default*
                0x00000000       0x53
 *(.comment)
 .comment       0x00000000       0x53 c:/devel/hightec/toolchains/tricore/v4.9.1.0-infineon-1.1/bin/../lib/gcc/tricore/4.9.4/tc161/crtbegin.o
                                 0x54 (size before relaxing)
 .comment       0x00000000       0x54 ../out/factorial.o
 .comment       0x00000000       0x54 ../out/hello.o
 .comment       0x00000000       0x54 ../out/main.o
 .comment       0x00000000       0x54 c:/devel/hightec/toolchains/tricore/v4.9.1.0-infineon-1.1/bin/../lib/gcc/tricore/4.9.4/../../../../tricore/lib/tc161\libc.a(lib_a-printf.o)
 .comment       0x00000000       0x54 c:/devel/hightec/toolchains/tricore/v4.9.1.0-infineon-1.1/bin/../lib/gcc/tricore/4.9.4/../../../../tricore/lib/tc161\libc.a(lib_a-puts.o)
 .comment       0x00000000       0x54 c:/devel/hightec/toolchains/tricore/v4.9.1.0-infineon-1.1/bin/../lib/gcc/tricore/4.9.4/../../../../tricore/lib/tc161\libc.a(lib_a-strlen.o)
 .comment       0x00000000       0x54 c:/devel/hightec/toolchains/tricore/v4.9.1.0-infineon-1.1/bin/../lib/gcc/tricore/4.9.4/../../../../tricore/lib/tc161\libc.a(lib_a-vfprintf.o)
 .comment       0x00000000       0x54 c:/devel/hightec/toolchains/tricore/v4.9.1.0-infineon-1.1/bin/../lib/gcc/tricore/4.9.4/../../../../tricore/lib/tc161\libc.a(lib_a-wsetup.o)
 .comment       0x00000000       0x54 c:/devel/hightec/toolchains/tricore/v4.9.1.0-infineon-1.1/bin/../lib/gcc/tricore/4.9.4/../../../../tricore/lib/tc161\libc.a(lib_a-dtoa.o)
 .comment       0x00000000       0x54 c:/devel/hightec/toolchains/tricore/v4.9.1.0-infineon-1.1/bin/../lib/gcc/tricore/4.9.4/../../../../tricore/lib/tc161\libc.a(lib_a-fflush.o)
 .comment       0x00000000       0x54 c:/devel/hightec/toolchains/tricore/v4.9.1.0-infineon-1.1/bin/../lib/gcc/tricore/4.9.4/../../../../tricore/lib/tc161\libc.a(lib_a-findfp.o)
 .comment       0x00000000       0x54 c:/devel/hightec/toolchains/tricore/v4.9.1.0-infineon-1.1/bin/../lib/gcc/tricore/4.9.4/../../../../tricore/lib/tc161\libc.a(lib_a-freer.o)
 .comment       0x00000000       0x54 c:/devel/hightec/toolchains/tricore/v4.9.1.0-infineon-1.1/bin/../lib/gcc/tricore/4.9.4/../../../../tricore/lib/tc161\libc.a(lib_a-fvwrite.o)
 .comment       0x00000000       0x54 c:/devel/hightec/toolchains/tricore/v4.9.1.0-infineon-1.1/bin/../lib/gcc/tricore/4.9.4/../../../../tricore/lib/tc161\libc.a(lib_a-fwalk.o)
 .comment       0x00000000       0x54 c:/devel/hightec/toolchains/tricore/v4.9.1.0-infineon-1.1/bin/../lib/gcc/tricore/4.9.4/../../../../tricore/lib/tc161\libc.a(lib_a-impure.o)
 .comment       0x00000000       0x54 c:/devel/hightec/toolchains/tricore/v4.9.1.0-infineon-1.1/bin/../lib/gcc/tricore/4.9.4/../../../../tricore/lib/tc161\libc.a(lib_a-locale.o)
 .comment       0x00000000       0x54 c:/devel/hightec/toolchains/tricore/v4.9.1.0-infineon-1.1/bin/../lib/gcc/tricore/4.9.4/../../../../tricore/lib/tc161\libc.a(lib_a-makebuf.o)
 .comment       0x00000000       0x54 c:/devel/hightec/toolchains/tricore/v4.9.1.0-infineon-1.1/bin/../lib/gcc/tricore/4.9.4/../../../../tricore/lib/tc161\libc.a(lib_a-mallocr.o)
 .comment       0x00000000       0x54 c:/devel/hightec/toolchains/tricore/v4.9.1.0-infineon-1.1/bin/../lib/gcc/tricore/4.9.4/../../../../tricore/lib/tc161\libc.a(lib_a-memchr.o)
 .comment       0x00000000       0x54 c:/devel/hightec/toolchains/tricore/v4.9.1.0-infineon-1.1/bin/../lib/gcc/tricore/4.9.4/../../../../tricore/lib/tc161\libc.a(lib_a-memcpy.o)
 .comment       0x00000000       0x54 c:/devel/hightec/toolchains/tricore/v4.9.1.0-infineon-1.1/bin/../lib/gcc/tricore/4.9.4/../../../../tricore/lib/tc161\libc.a(lib_a-memmove.o)
 .comment       0x00000000       0x54 c:/devel/hightec/toolchains/tricore/v4.9.1.0-infineon-1.1/bin/../lib/gcc/tricore/4.9.4/../../../../tricore/lib/tc161\libc.a(lib_a-memset.o)
 .comment       0x00000000       0x54 c:/devel/hightec/toolchains/tricore/v4.9.1.0-infineon-1.1/bin/../lib/gcc/tricore/4.9.4/../../../../tricore/lib/tc161\libc.a(lib_a-mlock.o)
 .comment       0x00000000       0x54 c:/devel/hightec/toolchains/tricore/v4.9.1.0-infineon-1.1/bin/../lib/gcc/tricore/4.9.4/../../../../tricore/lib/tc161\libc.a(lib_a-mprec.o)
 .comment       0x00000000       0x54 c:/devel/hightec/toolchains/tricore/v4.9.1.0-infineon-1.1/bin/../lib/gcc/tricore/4.9.4/../../../../tricore/lib/tc161\libc.a(lib_a-reallocr.o)
 .comment       0x00000000       0x54 c:/devel/hightec/toolchains/tricore/v4.9.1.0-infineon-1.1/bin/../lib/gcc/tricore/4.9.4/../../../../tricore/lib/tc161\libc.a(lib_a-s_fpclassify.o)
 .comment       0x00000000       0x54 c:/devel/hightec/toolchains/tricore/v4.9.1.0-infineon-1.1/bin/../lib/gcc/tricore/4.9.4/../../../../tricore/lib/tc161\libc.a(lib_a-sbrkr.o)
 .comment       0x00000000       0x54 c:/devel/hightec/toolchains/tricore/v4.9.1.0-infineon-1.1/bin/../lib/gcc/tricore/4.9.4/../../../../tricore/lib/tc161\libc.a(lib_a-stdio.o)
 .comment       0x00000000       0x54 c:/devel/hightec/toolchains/tricore/v4.9.1.0-infineon-1.1/bin/../lib/gcc/tricore/4.9.4/../../../../tricore/lib/tc161\libc.a(lib_a-strcmp.o)
 .comment       0x00000000       0x54 c:/devel/hightec/toolchains/tricore/v4.9.1.0-infineon-1.1/bin/../lib/gcc/tricore/4.9.4/../../../../tricore/lib/tc161\libc.a(lib_a-vfiprintf.o)
 .comment       0x00000000       0x54 c:/devel/hightec/toolchains/tricore/v4.9.1.0-infineon-1.1/bin/../lib/gcc/tricore/4.9.4/../../../../tricore/lib/tc161\libc.a(lib_a-writer.o)
 .comment       0x00000000       0x54 c:/devel/hightec/toolchains/tricore/v4.9.1.0-infineon-1.1/bin/../lib/gcc/tricore/4.9.4/../../../../tricore/lib/tc161\libc.a(lib_a-callocr.o)
 .comment       0x00000000       0x54 c:/devel/hightec/toolchains/tricore/v4.9.1.0-infineon-1.1/bin/../lib/gcc/tricore/4.9.4/../../../../tricore/lib/tc161\libc.a(lib_a-closer.o)
 .comment       0x00000000       0x54 c:/devel/hightec/toolchains/tricore/v4.9.1.0-infineon-1.1/bin/../lib/gcc/tricore/4.9.4/../../../../tricore/lib/tc161\libc.a(lib_a-fclose.o)
 .comment       0x00000000       0x54 c:/devel/hightec/toolchains/tricore/v4.9.1.0-infineon-1.1/bin/../lib/gcc/tricore/4.9.4/../../../../tricore/lib/tc161\libc.a(lib_a-fstatr.o)
 .comment       0x00000000       0x54 c:/devel/hightec/toolchains/tricore/v4.9.1.0-infineon-1.1/bin/../lib/gcc/tricore/4.9.4/../../../../tricore/lib/tc161\libc.a(lib_a-isattyr.o)
 .comment       0x00000000       0x54 c:/devel/hightec/toolchains/tricore/v4.9.1.0-infineon-1.1/bin/../lib/gcc/tricore/4.9.4/../../../../tricore/lib/tc161\libc.a(lib_a-lseekr.o)
 .comment       0x00000000       0x54 c:/devel/hightec/toolchains/tricore/v4.9.1.0-infineon-1.1/bin/../lib/gcc/tricore/4.9.4/../../../../tricore/lib/tc161\libc.a(lib_a-readr.o)
 .comment       0x00000000       0x54 c:/devel/hightec/toolchains/tricore/v4.9.1.0-infineon-1.1/bin/../lib/gcc/tricore/4.9.4/../../../../tricore/lib/tc161\libc.a(lib_a-reent.o)
 .comment       0x00000000       0x54 c:/devel/hightec/toolchains/tricore/v4.9.1.0-infineon-1.1/bin/../lib/gcc/tricore/4.9.4/../../../../tricore/lib/tc161\libos.a(libos.o)
 .comment       0x00000000       0x54 c:/devel/hightec/toolchains/tricore/v4.9.1.0-infineon-1.1/bin/../lib/gcc/tricore/4.9.4/../../../../tricore/lib/tc161\libos.a(vio_close.o)
 .comment       0x00000000       0x54 c:/devel/hightec/toolchains/tricore/v4.9.1.0-infineon-1.1/bin/../lib/gcc/tricore/4.9.4/../../../../tricore/lib/tc161\libos.a(vio_lseek.o)
 .comment       0x00000000       0x54 c:/devel/hightec/toolchains/tricore/v4.9.1.0-infineon-1.1/bin/../lib/gcc/tricore/4.9.4/../../../../tricore/lib/tc161\libos.a(vio_read.o)
 .comment       0x00000000       0x54 c:/devel/hightec/toolchains/tricore/v4.9.1.0-infineon-1.1/bin/../lib/gcc/tricore/4.9.4/../../../../tricore/lib/tc161\libos.a(vio_virtio.o)
 .comment       0x00000000       0x54 c:/devel/hightec/toolchains/tricore/v4.9.1.0-infineon-1.1/bin/../lib/gcc/tricore/4.9.4/../../../../tricore/lib/tc161\libos.a(vio_write.o)
 .comment       0x00000000       0x54 c:/devel/hightec/toolchains/tricore/v4.9.1.0-infineon-1.1/bin/../lib/gcc/tricore/4.9.4/../../../../tricore/lib/tc161\libos.a(libos_abort.o)
 .comment       0x00000000       0x54 c:/devel/hightec/toolchains/tricore/v4.9.1.0-infineon-1.1/bin/../lib/gcc/tricore/4.9.4/../../../../tricore/lib/tc161\libos.a(libos_exit.o)
 .comment       0x00000000       0x54 c:/devel/hightec/toolchains/tricore/v4.9.1.0-infineon-1.1/bin/../lib/gcc/tricore/4.9.4/../../../../tricore/lib/tc161\libos.a(libos_sbrk.o)
 .comment       0x00000000       0x54 c:/devel/hightec/toolchains/tricore/v4.9.1.0-infineon-1.1/bin/../lib/gcc/tricore/4.9.4/tc161\libgcc.a(_addsub_df.o)
 .comment       0x00000000       0x54 c:/devel/hightec/toolchains/tricore/v4.9.1.0-infineon-1.1/bin/../lib/gcc/tricore/4.9.4/tc161\libgcc.a(_mul_df.o)
 .comment       0x00000000       0x54 c:/devel/hightec/toolchains/tricore/v4.9.1.0-infineon-1.1/bin/../lib/gcc/tricore/4.9.4/tc161\libgcc.a(_div_df.o)
 .comment       0x00000000       0x54 c:/devel/hightec/toolchains/tricore/v4.9.1.0-infineon-1.1/bin/../lib/gcc/tricore/4.9.4/tc161\libgcc.a(_eq_df.o)
 .comment       0x00000000       0x54 c:/devel/hightec/toolchains/tricore/v4.9.1.0-infineon-1.1/bin/../lib/gcc/tricore/4.9.4/tc161\libgcc.a(_ne_df.o)
 .comment       0x00000000       0x54 c:/devel/hightec/toolchains/tricore/v4.9.1.0-infineon-1.1/bin/../lib/gcc/tricore/4.9.4/tc161\libgcc.a(_gt_df.o)
 .comment       0x00000000       0x54 c:/devel/hightec/toolchains/tricore/v4.9.1.0-infineon-1.1/bin/../lib/gcc/tricore/4.9.4/tc161\libgcc.a(_ge_df.o)
 .comment       0x00000000       0x54 c:/devel/hightec/toolchains/tricore/v4.9.1.0-infineon-1.1/bin/../lib/gcc/tricore/4.9.4/tc161\libgcc.a(_lt_df.o)
 .comment       0x00000000       0x54 c:/devel/hightec/toolchains/tricore/v4.9.1.0-infineon-1.1/bin/../lib/gcc/tricore/4.9.4/tc161\libgcc.a(_si_to_df.o)
 .comment       0x00000000       0x54 c:/devel/hightec/toolchains/tricore/v4.9.1.0-infineon-1.1/bin/../lib/gcc/tricore/4.9.4/tc161\libgcc.a(_df_to_si.o)
 .comment       0x00000000       0x54 c:/devel/hightec/toolchains/tricore/v4.9.1.0-infineon-1.1/bin/../lib/gcc/tricore/4.9.4/tc161\libgcc.a(_thenan_df.o)
 .comment       0x00000000       0x54 c:/devel/hightec/toolchains/tricore/v4.9.1.0-infineon-1.1/bin/../lib/gcc/tricore/4.9.4/tc161\libgcc.a(_usi_to_df.o)
 .comment       0x00000000       0x54 c:/devel/hightec/toolchains/tricore/v4.9.1.0-infineon-1.1/bin/../lib/gcc/tricore/4.9.4/tc161\libgcc.a(udivdi3.o)
 .comment       0x00000000       0x54 c:/devel/hightec/toolchains/tricore/v4.9.1.0-infineon-1.1/bin/../lib/gcc/tricore/4.9.4/tc161\libgcc.a(umoddi3.o)
 .comment       0x00000000       0x54 c:/devel/hightec/toolchains/tricore/v4.9.1.0-infineon-1.1/bin/../lib/gcc/tricore/4.9.4/tc161\libgcc.a(_pack_df.o)
 .comment       0x00000000       0x54 c:/devel/hightec/toolchains/tricore/v4.9.1.0-infineon-1.1/bin/../lib/gcc/tricore/4.9.4/tc161\libgcc.a(_unpack_df.o)
 .comment       0x00000000       0x54 c:/devel/hightec/toolchains/tricore/v4.9.1.0-infineon-1.1/bin/../lib/gcc/tricore/4.9.4/tc161\libgcc.a(_fpcmp_parts_df.o)
 .comment       0x00000000       0x54 c:/devel/hightec/toolchains/tricore/v4.9.1.0-infineon-1.1/bin/../lib/gcc/tricore/4.9.4/tc161\libgcc.a(udiv6432.o)
 .comment       0x00000000       0x54 c:/devel/hightec/toolchains/tricore/v4.9.1.0-infineon-1.1/bin/../lib/gcc/tricore/4.9.4/tc161/crtend.o

.debug
 *(.debug)

.line
 *(.line)

.debug_srcinfo
 *(.debug_srcinfo)

.debug_sfnames
 *(.debug_sfnames)

.debug_aranges  memory region -> *default*
                0x00000000      0xa98
 *(.debug_aranges)
 .debug_aranges
                0x00000000       0x20 ../out/factorial.o
 .debug_aranges
                0x00000020       0x20 ../out/hello.o
 .debug_aranges
                0x00000040       0x20 ../out/main.o
 .debug_aranges
                0x00000060       0x28 c:/devel/hightec/toolchains/tricore/v4.9.1.0-infineon-1.1/bin/../lib/gcc/tricore/4.9.4/../../../../tricore/lib/tc161\libc.a(lib_a-printf.o)
 .debug_aranges
                0x00000088       0x28 c:/devel/hightec/toolchains/tricore/v4.9.1.0-infineon-1.1/bin/../lib/gcc/tricore/4.9.4/../../../../tricore/lib/tc161\libc.a(lib_a-puts.o)
 .debug_aranges
                0x000000b0       0x20 c:/devel/hightec/toolchains/tricore/v4.9.1.0-infineon-1.1/bin/../lib/gcc/tricore/4.9.4/../../../../tricore/lib/tc161\libc.a(lib_a-strlen.o)
 .debug_aranges
                0x000000d0       0x28 c:/devel/hightec/toolchains/tricore/v4.9.1.0-infineon-1.1/bin/../lib/gcc/tricore/4.9.4/../../../../tricore/lib/tc161\libc.a(lib_a-vfprintf.o)
 .debug_aranges
                0x000000f8       0x20 c:/devel/hightec/toolchains/tricore/v4.9.1.0-infineon-1.1/bin/../lib/gcc/tricore/4.9.4/../../../../tricore/lib/tc161\libc.a(lib_a-wsetup.o)
 .debug_aranges
                0x00000118       0x28 c:/devel/hightec/toolchains/tricore/v4.9.1.0-infineon-1.1/bin/../lib/gcc/tricore/4.9.4/../../../../tricore/lib/tc161\libc.a(lib_a-dtoa.o)
 .debug_aranges
                0x00000140       0x28 c:/devel/hightec/toolchains/tricore/v4.9.1.0-infineon-1.1/bin/../lib/gcc/tricore/4.9.4/../../../../tricore/lib/tc161\libc.a(lib_a-fflush.o)
 .debug_aranges
                0x00000168       0x80 c:/devel/hightec/toolchains/tricore/v4.9.1.0-infineon-1.1/bin/../lib/gcc/tricore/4.9.4/../../../../tricore/lib/tc161\libc.a(lib_a-findfp.o)
 .debug_aranges
                0x000001e8       0x28 c:/devel/hightec/toolchains/tricore/v4.9.1.0-infineon-1.1/bin/../lib/gcc/tricore/4.9.4/../../../../tricore/lib/tc161\libc.a(lib_a-freer.o)
 .debug_aranges
                0x00000210       0x20 c:/devel/hightec/toolchains/tricore/v4.9.1.0-infineon-1.1/bin/../lib/gcc/tricore/4.9.4/../../../../tricore/lib/tc161\libc.a(lib_a-fvwrite.o)
 .debug_aranges
                0x00000230       0x28 c:/devel/hightec/toolchains/tricore/v4.9.1.0-infineon-1.1/bin/../lib/gcc/tricore/4.9.4/../../../../tricore/lib/tc161\libc.a(lib_a-fwalk.o)
 .debug_aranges
                0x00000258       0x18 c:/devel/hightec/toolchains/tricore/v4.9.1.0-infineon-1.1/bin/../lib/gcc/tricore/4.9.4/../../../../tricore/lib/tc161\libc.a(lib_a-impure.o)
 .debug_aranges
                0x00000270       0x50 c:/devel/hightec/toolchains/tricore/v4.9.1.0-infineon-1.1/bin/../lib/gcc/tricore/4.9.4/../../../../tricore/lib/tc161\libc.a(lib_a-locale.o)
 .debug_aranges
                0x000002c0       0x20 c:/devel/hightec/toolchains/tricore/v4.9.1.0-infineon-1.1/bin/../lib/gcc/tricore/4.9.4/../../../../tricore/lib/tc161\libc.a(lib_a-makebuf.o)
 .debug_aranges
                0x000002e0       0x20 c:/devel/hightec/toolchains/tricore/v4.9.1.0-infineon-1.1/bin/../lib/gcc/tricore/4.9.4/../../../../tricore/lib/tc161\libc.a(lib_a-mallocr.o)
 .debug_aranges
                0x00000300       0x20 c:/devel/hightec/toolchains/tricore/v4.9.1.0-infineon-1.1/bin/../lib/gcc/tricore/4.9.4/../../../../tricore/lib/tc161\libc.a(lib_a-memchr.o)
 .debug_aranges
                0x00000320       0x20 c:/devel/hightec/toolchains/tricore/v4.9.1.0-infineon-1.1/bin/../lib/gcc/tricore/4.9.4/../../../../tricore/lib/tc161\libc.a(lib_a-memcpy.o)
 .debug_aranges
                0x00000340       0x20 c:/devel/hightec/toolchains/tricore/v4.9.1.0-infineon-1.1/bin/../lib/gcc/tricore/4.9.4/../../../../tricore/lib/tc161\libc.a(lib_a-memmove.o)
 .debug_aranges
                0x00000360       0x20 c:/devel/hightec/toolchains/tricore/v4.9.1.0-infineon-1.1/bin/../lib/gcc/tricore/4.9.4/../../../../tricore/lib/tc161\libc.a(lib_a-memset.o)
 .debug_aranges
                0x00000380       0x28 c:/devel/hightec/toolchains/tricore/v4.9.1.0-infineon-1.1/bin/../lib/gcc/tricore/4.9.4/../../../../tricore/lib/tc161\libc.a(lib_a-mlock.o)
 .debug_aranges
                0x000003a8       0xb0 c:/devel/hightec/toolchains/tricore/v4.9.1.0-infineon-1.1/bin/../lib/gcc/tricore/4.9.4/../../../../tricore/lib/tc161\libc.a(lib_a-mprec.o)
 .debug_aranges
                0x00000458       0x20 c:/devel/hightec/toolchains/tricore/v4.9.1.0-infineon-1.1/bin/../lib/gcc/tricore/4.9.4/../../../../tricore/lib/tc161\libc.a(lib_a-reallocr.o)
 .debug_aranges
                0x00000478       0x20 c:/devel/hightec/toolchains/tricore/v4.9.1.0-infineon-1.1/bin/../lib/gcc/tricore/4.9.4/../../../../tricore/lib/tc161\libc.a(lib_a-s_fpclassify.o)
 .debug_aranges
                0x00000498       0x20 c:/devel/hightec/toolchains/tricore/v4.9.1.0-infineon-1.1/bin/../lib/gcc/tricore/4.9.4/../../../../tricore/lib/tc161\libc.a(lib_a-sbrkr.o)
 .debug_aranges
                0x000004b8       0x40 c:/devel/hightec/toolchains/tricore/v4.9.1.0-infineon-1.1/bin/../lib/gcc/tricore/4.9.4/../../../../tricore/lib/tc161\libc.a(lib_a-stdio.o)
 .debug_aranges
                0x000004f8       0x20 c:/devel/hightec/toolchains/tricore/v4.9.1.0-infineon-1.1/bin/../lib/gcc/tricore/4.9.4/../../../../tricore/lib/tc161\libc.a(lib_a-strcmp.o)
 .debug_aranges
                0x00000518       0x30 c:/devel/hightec/toolchains/tricore/v4.9.1.0-infineon-1.1/bin/../lib/gcc/tricore/4.9.4/../../../../tricore/lib/tc161\libc.a(lib_a-vfiprintf.o)
 .debug_aranges
                0x00000548       0x20 c:/devel/hightec/toolchains/tricore/v4.9.1.0-infineon-1.1/bin/../lib/gcc/tricore/4.9.4/../../../../tricore/lib/tc161\libc.a(lib_a-writer.o)
 .debug_aranges
                0x00000568       0x20 c:/devel/hightec/toolchains/tricore/v4.9.1.0-infineon-1.1/bin/../lib/gcc/tricore/4.9.4/../../../../tricore/lib/tc161\libc.a(lib_a-callocr.o)
 .debug_aranges
                0x00000588       0x20 c:/devel/hightec/toolchains/tricore/v4.9.1.0-infineon-1.1/bin/../lib/gcc/tricore/4.9.4/../../../../tricore/lib/tc161\libc.a(lib_a-closer.o)
 .debug_aranges
                0x000005a8       0x28 c:/devel/hightec/toolchains/tricore/v4.9.1.0-infineon-1.1/bin/../lib/gcc/tricore/4.9.4/../../../../tricore/lib/tc161\libc.a(lib_a-fclose.o)
 .debug_aranges
                0x000005d0       0x20 c:/devel/hightec/toolchains/tricore/v4.9.1.0-infineon-1.1/bin/../lib/gcc/tricore/4.9.4/../../../../tricore/lib/tc161\libc.a(lib_a-fstatr.o)
 .debug_aranges
                0x000005f0       0x20 c:/devel/hightec/toolchains/tricore/v4.9.1.0-infineon-1.1/bin/../lib/gcc/tricore/4.9.4/../../../../tricore/lib/tc161\libc.a(lib_a-isattyr.o)
 .debug_aranges
                0x00000610       0x20 c:/devel/hightec/toolchains/tricore/v4.9.1.0-infineon-1.1/bin/../lib/gcc/tricore/4.9.4/../../../../tricore/lib/tc161\libc.a(lib_a-lseekr.o)
 .debug_aranges
                0x00000630       0x20 c:/devel/hightec/toolchains/tricore/v4.9.1.0-infineon-1.1/bin/../lib/gcc/tricore/4.9.4/../../../../tricore/lib/tc161\libc.a(lib_a-readr.o)
 .debug_aranges
                0x00000650       0x30 c:/devel/hightec/toolchains/tricore/v4.9.1.0-infineon-1.1/bin/../lib/gcc/tricore/4.9.4/../../../../tricore/lib/tc161\libc.a(lib_a-reent.o)
 .debug_aranges
                0x00000680       0x68 c:/devel/hightec/toolchains/tricore/v4.9.1.0-infineon-1.1/bin/../lib/gcc/tricore/4.9.4/../../../../tricore/lib/tc161\libos.a(libos.o)
 .debug_aranges
                0x000006e8       0x20 c:/devel/hightec/toolchains/tricore/v4.9.1.0-infineon-1.1/bin/../lib/gcc/tricore/4.9.4/../../../../tricore/lib/tc161\libos.a(vio_close.o)
 .debug_aranges
                0x00000708       0x20 c:/devel/hightec/toolchains/tricore/v4.9.1.0-infineon-1.1/bin/../lib/gcc/tricore/4.9.4/../../../../tricore/lib/tc161\libos.a(vio_lseek.o)
 .debug_aranges
                0x00000728       0x20 c:/devel/hightec/toolchains/tricore/v4.9.1.0-infineon-1.1/bin/../lib/gcc/tricore/4.9.4/../../../../tricore/lib/tc161\libos.a(vio_read.o)
 .debug_aranges
                0x00000748       0x20 c:/devel/hightec/toolchains/tricore/v4.9.1.0-infineon-1.1/bin/../lib/gcc/tricore/4.9.4/../../../../tricore/lib/tc161\libos.a(vio_virtio.o)
 .debug_aranges
                0x00000768       0x20 c:/devel/hightec/toolchains/tricore/v4.9.1.0-infineon-1.1/bin/../lib/gcc/tricore/4.9.4/../../../../tricore/lib/tc161\libos.a(vio_write.o)
 .debug_aranges
                0x00000788       0x20 c:/devel/hightec/toolchains/tricore/v4.9.1.0-infineon-1.1/bin/../lib/gcc/tricore/4.9.4/../../../../tricore/lib/tc161\libos.a(libos_abort.o)
 .debug_aranges
                0x000007a8       0x20 c:/devel/hightec/toolchains/tricore/v4.9.1.0-infineon-1.1/bin/../lib/gcc/tricore/4.9.4/../../../../tricore/lib/tc161\libos.a(libos_exit.o)
 .debug_aranges
                0x000007c8       0x20 c:/devel/hightec/toolchains/tricore/v4.9.1.0-infineon-1.1/bin/../lib/gcc/tricore/4.9.4/../../../../tricore/lib/tc161\libos.a(libos_sbrk.o)
 .debug_aranges
                0x000007e8       0x30 c:/devel/hightec/toolchains/tricore/v4.9.1.0-infineon-1.1/bin/../lib/gcc/tricore/4.9.4/tc161\libgcc.a(_addsub_df.o)
 .debug_aranges
                0x00000818       0x20 c:/devel/hightec/toolchains/tricore/v4.9.1.0-infineon-1.1/bin/../lib/gcc/tricore/4.9.4/tc161\libgcc.a(_mul_df.o)
 .debug_aranges
                0x00000838       0x20 c:/devel/hightec/toolchains/tricore/v4.9.1.0-infineon-1.1/bin/../lib/gcc/tricore/4.9.4/tc161\libgcc.a(_div_df.o)
 .debug_aranges
                0x00000858       0x20 c:/devel/hightec/toolchains/tricore/v4.9.1.0-infineon-1.1/bin/../lib/gcc/tricore/4.9.4/tc161\libgcc.a(_eq_df.o)
 .debug_aranges
                0x00000878       0x20 c:/devel/hightec/toolchains/tricore/v4.9.1.0-infineon-1.1/bin/../lib/gcc/tricore/4.9.4/tc161\libgcc.a(_ne_df.o)
 .debug_aranges
                0x00000898       0x20 c:/devel/hightec/toolchains/tricore/v4.9.1.0-infineon-1.1/bin/../lib/gcc/tricore/4.9.4/tc161\libgcc.a(_gt_df.o)
 .debug_aranges
                0x000008b8       0x20 c:/devel/hightec/toolchains/tricore/v4.9.1.0-infineon-1.1/bin/../lib/gcc/tricore/4.9.4/tc161\libgcc.a(_ge_df.o)
 .debug_aranges
                0x000008d8       0x20 c:/devel/hightec/toolchains/tricore/v4.9.1.0-infineon-1.1/bin/../lib/gcc/tricore/4.9.4/tc161\libgcc.a(_lt_df.o)
 .debug_aranges
                0x000008f8       0x20 c:/devel/hightec/toolchains/tricore/v4.9.1.0-infineon-1.1/bin/../lib/gcc/tricore/4.9.4/tc161\libgcc.a(_si_to_df.o)
 .debug_aranges
                0x00000918       0x20 c:/devel/hightec/toolchains/tricore/v4.9.1.0-infineon-1.1/bin/../lib/gcc/tricore/4.9.4/tc161\libgcc.a(_df_to_si.o)
 .debug_aranges
                0x00000938       0x18 c:/devel/hightec/toolchains/tricore/v4.9.1.0-infineon-1.1/bin/../lib/gcc/tricore/4.9.4/tc161\libgcc.a(_thenan_df.o)
 .debug_aranges
                0x00000950       0x20 c:/devel/hightec/toolchains/tricore/v4.9.1.0-infineon-1.1/bin/../lib/gcc/tricore/4.9.4/tc161\libgcc.a(_usi_to_df.o)
 .debug_aranges
                0x00000970       0x20 c:/devel/hightec/toolchains/tricore/v4.9.1.0-infineon-1.1/bin/../lib/gcc/tricore/4.9.4/tc161\libgcc.a(udivdi3.o)
 .debug_aranges
                0x00000990       0x20 c:/devel/hightec/toolchains/tricore/v4.9.1.0-infineon-1.1/bin/../lib/gcc/tricore/4.9.4/tc161\libgcc.a(umoddi3.o)
 .debug_aranges
                0x000009b0       0x20 c:/devel/hightec/toolchains/tricore/v4.9.1.0-infineon-1.1/bin/../lib/gcc/tricore/4.9.4/tc161\libgcc.a(_ashldi3.o)
 .debug_aranges
                0x000009d0       0x20 c:/devel/hightec/toolchains/tricore/v4.9.1.0-infineon-1.1/bin/../lib/gcc/tricore/4.9.4/tc161\libgcc.a(_lshrdi3.o)
 .debug_aranges
                0x000009f0       0x20 c:/devel/hightec/toolchains/tricore/v4.9.1.0-infineon-1.1/bin/../lib/gcc/tricore/4.9.4/tc161\libgcc.a(_pack_df.o)
 .debug_aranges
                0x00000a10       0x20 c:/devel/hightec/toolchains/tricore/v4.9.1.0-infineon-1.1/bin/../lib/gcc/tricore/4.9.4/tc161\libgcc.a(_unpack_df.o)
 .debug_aranges
                0x00000a30       0x20 c:/devel/hightec/toolchains/tricore/v4.9.1.0-infineon-1.1/bin/../lib/gcc/tricore/4.9.4/tc161\libgcc.a(_fpcmp_parts_df.o)
 .debug_aranges
                0x00000a50       0x20 c:/devel/hightec/toolchains/tricore/v4.9.1.0-infineon-1.1/bin/../lib/gcc/tricore/4.9.4/tc161\libgcc.a(udiv6432.o)
 .debug_aranges
                0x00000a70       0x28 c:/devel/hightec/toolchains/tricore/v4.9.1.0-infineon-1.1/bin/../lib/gcc/tricore/4.9.4/tc161/crtn.o

.debug_pubnames
 *(.debug_pubnames)

.debug_info     memory region -> *default*
                0x00000000    0x26f3b
 *(.debug_info)
 .debug_info    0x00000000      0x1a4 ../out/factorial.o
 .debug_info    0x000001a4      0x197 ../out/hello.o
 .debug_info    0x0000033b      0x296 ../out/main.o
 .debug_info    0x000005d1      0xdd1 c:/devel/hightec/toolchains/tricore/v4.9.1.0-infineon-1.1/bin/../lib/gcc/tricore/4.9.4/../../../../tricore/lib/tc161\libc.a(lib_a-printf.o)
 .debug_info    0x000013a2      0xe36 c:/devel/hightec/toolchains/tricore/v4.9.1.0-infineon-1.1/bin/../lib/gcc/tricore/4.9.4/../../../../tricore/lib/tc161\libc.a(lib_a-puts.o)
 .debug_info    0x000021d8      0x2bc c:/devel/hightec/toolchains/tricore/v4.9.1.0-infineon-1.1/bin/../lib/gcc/tricore/4.9.4/../../../../tricore/lib/tc161\libc.a(lib_a-strlen.o)
 .debug_info    0x00002494     0x1d95 c:/devel/hightec/toolchains/tricore/v4.9.1.0-infineon-1.1/bin/../lib/gcc/tricore/4.9.4/../../../../tricore/lib/tc161\libc.a(lib_a-vfprintf.o)
 .debug_info    0x00004229      0xd45 c:/devel/hightec/toolchains/tricore/v4.9.1.0-infineon-1.1/bin/../lib/gcc/tricore/4.9.4/../../../../tricore/lib/tc161\libc.a(lib_a-wsetup.o)
 .debug_info    0x00004f6e     0x17b1 c:/devel/hightec/toolchains/tricore/v4.9.1.0-infineon-1.1/bin/../lib/gcc/tricore/4.9.4/../../../../tricore/lib/tc161\libc.a(lib_a-dtoa.o)
 .debug_info    0x0000671f      0xe89 c:/devel/hightec/toolchains/tricore/v4.9.1.0-infineon-1.1/bin/../lib/gcc/tricore/4.9.4/../../../../tricore/lib/tc161\libc.a(lib_a-fflush.o)
 .debug_info    0x000075a8     0x11e9 c:/devel/hightec/toolchains/tricore/v4.9.1.0-infineon-1.1/bin/../lib/gcc/tricore/4.9.4/../../../../tricore/lib/tc161\libc.a(lib_a-findfp.o)
 .debug_info    0x00008791     0x10f9 c:/devel/hightec/toolchains/tricore/v4.9.1.0-infineon-1.1/bin/../lib/gcc/tricore/4.9.4/../../../../tricore/lib/tc161\libc.a(lib_a-freer.o)
 .debug_info    0x0000988a     0x10df c:/devel/hightec/toolchains/tricore/v4.9.1.0-infineon-1.1/bin/../lib/gcc/tricore/4.9.4/../../../../tricore/lib/tc161\libc.a(lib_a-fvwrite.o)
 .debug_info    0x0000a969      0xeed c:/devel/hightec/toolchains/tricore/v4.9.1.0-infineon-1.1/bin/../lib/gcc/tricore/4.9.4/../../../../tricore/lib/tc161\libc.a(lib_a-fwalk.o)
 .debug_info    0x0000b856      0xca4 c:/devel/hightec/toolchains/tricore/v4.9.1.0-infineon-1.1/bin/../lib/gcc/tricore/4.9.4/../../../../tricore/lib/tc161\libc.a(lib_a-impure.o)
 .debug_info    0x0000c4fa     0x11df c:/devel/hightec/toolchains/tricore/v4.9.1.0-infineon-1.1/bin/../lib/gcc/tricore/4.9.4/../../../../tricore/lib/tc161\libc.a(lib_a-locale.o)
 .debug_info    0x0000d6d9      0xf84 c:/devel/hightec/toolchains/tricore/v4.9.1.0-infineon-1.1/bin/../lib/gcc/tricore/4.9.4/../../../../tricore/lib/tc161\libc.a(lib_a-makebuf.o)
 .debug_info    0x0000e65d     0x128c c:/devel/hightec/toolchains/tricore/v4.9.1.0-infineon-1.1/bin/../lib/gcc/tricore/4.9.4/../../../../tricore/lib/tc161\libc.a(lib_a-mallocr.o)
 .debug_info    0x0000f8e9      0x2f4 c:/devel/hightec/toolchains/tricore/v4.9.1.0-infineon-1.1/bin/../lib/gcc/tricore/4.9.4/../../../../tricore/lib/tc161\libc.a(lib_a-memchr.o)
 .debug_info    0x0000fbdd      0x300 c:/devel/hightec/toolchains/tricore/v4.9.1.0-infineon-1.1/bin/../lib/gcc/tricore/4.9.4/../../../../tricore/lib/tc161\libc.a(lib_a-memcpy.o)
 .debug_info    0x0000fedd      0x309 c:/devel/hightec/toolchains/tricore/v4.9.1.0-infineon-1.1/bin/../lib/gcc/tricore/4.9.4/../../../../tricore/lib/tc161\libc.a(lib_a-memmove.o)
 .debug_info    0x000101e6      0x2cb c:/devel/hightec/toolchains/tricore/v4.9.1.0-infineon-1.1/bin/../lib/gcc/tricore/4.9.4/../../../../tricore/lib/tc161\libc.a(lib_a-memset.o)
 .debug_info    0x000104b1      0xcd3 c:/devel/hightec/toolchains/tricore/v4.9.1.0-infineon-1.1/bin/../lib/gcc/tricore/4.9.4/../../../../tricore/lib/tc161\libc.a(lib_a-mlock.o)
 .debug_info    0x00011184     0x1ad4 c:/devel/hightec/toolchains/tricore/v4.9.1.0-infineon-1.1/bin/../lib/gcc/tricore/4.9.4/../../../../tricore/lib/tc161\libc.a(lib_a-mprec.o)
 .debug_info    0x00012c58     0x118f c:/devel/hightec/toolchains/tricore/v4.9.1.0-infineon-1.1/bin/../lib/gcc/tricore/4.9.4/../../../../tricore/lib/tc161\libc.a(lib_a-reallocr.o)
 .debug_info    0x00013de7      0x2f0 c:/devel/hightec/toolchains/tricore/v4.9.1.0-infineon-1.1/bin/../lib/gcc/tricore/4.9.4/../../../../tricore/lib/tc161\libc.a(lib_a-s_fpclassify.o)
 .debug_info    0x000140d7      0xd00 c:/devel/hightec/toolchains/tricore/v4.9.1.0-infineon-1.1/bin/../lib/gcc/tricore/4.9.4/../../../../tricore/lib/tc161\libc.a(lib_a-sbrkr.o)
 .debug_info    0x00014dd7      0xfd2 c:/devel/hightec/toolchains/tricore/v4.9.1.0-infineon-1.1/bin/../lib/gcc/tricore/4.9.4/../../../../tricore/lib/tc161\libc.a(lib_a-stdio.o)
 .debug_info    0x00015da9      0x2aa c:/devel/hightec/toolchains/tricore/v4.9.1.0-infineon-1.1/bin/../lib/gcc/tricore/4.9.4/../../../../tricore/lib/tc161\libc.a(lib_a-strcmp.o)
 .debug_info    0x00016053     0x15fd c:/devel/hightec/toolchains/tricore/v4.9.1.0-infineon-1.1/bin/../lib/gcc/tricore/4.9.4/../../../../tricore/lib/tc161\libc.a(lib_a-vfiprintf.o)
 .debug_info    0x00017650      0xd32 c:/devel/hightec/toolchains/tricore/v4.9.1.0-infineon-1.1/bin/../lib/gcc/tricore/4.9.4/../../../../tricore/lib/tc161\libc.a(lib_a-writer.o)
 .debug_info    0x00018382      0xe22 c:/devel/hightec/toolchains/tricore/v4.9.1.0-infineon-1.1/bin/../lib/gcc/tricore/4.9.4/../../../../tricore/lib/tc161\libc.a(lib_a-callocr.o)
 .debug_info    0x000191a4      0xcd7 c:/devel/hightec/toolchains/tricore/v4.9.1.0-infineon-1.1/bin/../lib/gcc/tricore/4.9.4/../../../../tricore/lib/tc161\libc.a(lib_a-closer.o)
 .debug_info    0x00019e7b      0xe71 c:/devel/hightec/toolchains/tricore/v4.9.1.0-infineon-1.1/bin/../lib/gcc/tricore/4.9.4/../../../../tricore/lib/tc161\libc.a(lib_a-fclose.o)
 .debug_info    0x0001acec      0xedc c:/devel/hightec/toolchains/tricore/v4.9.1.0-infineon-1.1/bin/../lib/gcc/tricore/4.9.4/../../../../tricore/lib/tc161\libc.a(lib_a-fstatr.o)
 .debug_info    0x0001bbc8      0xcda c:/devel/hightec/toolchains/tricore/v4.9.1.0-infineon-1.1/bin/../lib/gcc/tricore/4.9.4/../../../../tricore/lib/tc161\libc.a(lib_a-isattyr.o)
 .debug_info    0x0001c8a2      0xd2b c:/devel/hightec/toolchains/tricore/v4.9.1.0-infineon-1.1/bin/../lib/gcc/tricore/4.9.4/../../../../tricore/lib/tc161\libc.a(lib_a-lseekr.o)
 .debug_info    0x0001d5cd      0xd28 c:/devel/hightec/toolchains/tricore/v4.9.1.0-infineon-1.1/bin/../lib/gcc/tricore/4.9.4/../../../../tricore/lib/tc161\libc.a(lib_a-readr.o)
 .debug_info    0x0001e2f5      0xe7a c:/devel/hightec/toolchains/tricore/v4.9.1.0-infineon-1.1/bin/../lib/gcc/tricore/4.9.4/../../../../tricore/lib/tc161\libc.a(lib_a-reent.o)
 .debug_info    0x0001f16f      0x6f0 c:/devel/hightec/toolchains/tricore/v4.9.1.0-infineon-1.1/bin/../lib/gcc/tricore/4.9.4/../../../../tricore/lib/tc161\libos.a(libos.o)
 .debug_info    0x0001f85f      0x1cf c:/devel/hightec/toolchains/tricore/v4.9.1.0-infineon-1.1/bin/../lib/gcc/tricore/4.9.4/../../../../tricore/lib/tc161\libos.a(vio_close.o)
 .debug_info    0x0001fa2e      0x1fb c:/devel/hightec/toolchains/tricore/v4.9.1.0-infineon-1.1/bin/../lib/gcc/tricore/4.9.4/../../../../tricore/lib/tc161\libos.a(vio_lseek.o)
 .debug_info    0x0001fc29      0x2a6 c:/devel/hightec/toolchains/tricore/v4.9.1.0-infineon-1.1/bin/../lib/gcc/tricore/4.9.4/../../../../tricore/lib/tc161\libos.a(vio_read.o)
 .debug_info    0x0001fecf      0x1bf c:/devel/hightec/toolchains/tricore/v4.9.1.0-infineon-1.1/bin/../lib/gcc/tricore/4.9.4/../../../../tricore/lib/tc161\libos.a(vio_virtio.o)
 .debug_info    0x0002008e      0x2a8 c:/devel/hightec/toolchains/tricore/v4.9.1.0-infineon-1.1/bin/../lib/gcc/tricore/4.9.4/../../../../tricore/lib/tc161\libos.a(vio_write.o)
 .debug_info    0x00020336      0x26c c:/devel/hightec/toolchains/tricore/v4.9.1.0-infineon-1.1/bin/../lib/gcc/tricore/4.9.4/../../../../tricore/lib/tc161\libos.a(libos_abort.o)
 .debug_info    0x000205a2      0x2a0 c:/devel/hightec/toolchains/tricore/v4.9.1.0-infineon-1.1/bin/../lib/gcc/tricore/4.9.4/../../../../tricore/lib/tc161\libos.a(libos_exit.o)
 .debug_info    0x00020842      0x33b c:/devel/hightec/toolchains/tricore/v4.9.1.0-infineon-1.1/bin/../lib/gcc/tricore/4.9.4/../../../../tricore/lib/tc161\libos.a(libos_sbrk.o)
 .debug_info    0x00020b7d      0x855 c:/devel/hightec/toolchains/tricore/v4.9.1.0-infineon-1.1/bin/../lib/gcc/tricore/4.9.4/tc161\libgcc.a(_addsub_df.o)
 .debug_info    0x000213d2      0x7b7 c:/devel/hightec/toolchains/tricore/v4.9.1.0-infineon-1.1/bin/../lib/gcc/tricore/4.9.4/tc161\libgcc.a(_mul_df.o)
 .debug_info    0x00021b89      0x6d6 c:/devel/hightec/toolchains/tricore/v4.9.1.0-infineon-1.1/bin/../lib/gcc/tricore/4.9.4/tc161\libgcc.a(_div_df.o)
 .debug_info    0x0002225f      0x5dd c:/devel/hightec/toolchains/tricore/v4.9.1.0-infineon-1.1/bin/../lib/gcc/tricore/4.9.4/tc161\libgcc.a(_eq_df.o)
 .debug_info    0x0002283c      0x5dd c:/devel/hightec/toolchains/tricore/v4.9.1.0-infineon-1.1/bin/../lib/gcc/tricore/4.9.4/tc161\libgcc.a(_ne_df.o)
 .debug_info    0x00022e19      0x5dd c:/devel/hightec/toolchains/tricore/v4.9.1.0-infineon-1.1/bin/../lib/gcc/tricore/4.9.4/tc161\libgcc.a(_gt_df.o)
 .debug_info    0x000233f6      0x5dd c:/devel/hightec/toolchains/tricore/v4.9.1.0-infineon-1.1/bin/../lib/gcc/tricore/4.9.4/tc161\libgcc.a(_ge_df.o)
 .debug_info    0x000239d3      0x5dd c:/devel/hightec/toolchains/tricore/v4.9.1.0-infineon-1.1/bin/../lib/gcc/tricore/4.9.4/tc161\libgcc.a(_lt_df.o)
 .debug_info    0x00023fb0      0x50c c:/devel/hightec/toolchains/tricore/v4.9.1.0-infineon-1.1/bin/../lib/gcc/tricore/4.9.4/tc161\libgcc.a(_si_to_df.o)
 .debug_info    0x000244bc      0x5a2 c:/devel/hightec/toolchains/tricore/v4.9.1.0-infineon-1.1/bin/../lib/gcc/tricore/4.9.4/tc161\libgcc.a(_df_to_si.o)
 .debug_info    0x00024a5e      0x3db c:/devel/hightec/toolchains/tricore/v4.9.1.0-infineon-1.1/bin/../lib/gcc/tricore/4.9.4/tc161\libgcc.a(_thenan_df.o)
 .debug_info    0x00024e39      0x4f0 c:/devel/hightec/toolchains/tricore/v4.9.1.0-infineon-1.1/bin/../lib/gcc/tricore/4.9.4/tc161\libgcc.a(_usi_to_df.o)
 .debug_info    0x00025329      0x3b5 c:/devel/hightec/toolchains/tricore/v4.9.1.0-infineon-1.1/bin/../lib/gcc/tricore/4.9.4/tc161\libgcc.a(udivdi3.o)
 .debug_info    0x000256de      0x33a c:/devel/hightec/toolchains/tricore/v4.9.1.0-infineon-1.1/bin/../lib/gcc/tricore/4.9.4/tc161\libgcc.a(umoddi3.o)
 .debug_info    0x00025a18       0xb9 c:/devel/hightec/toolchains/tricore/v4.9.1.0-infineon-1.1/bin/../lib/gcc/tricore/4.9.4/tc161\libgcc.a(_ashldi3.o)
 .debug_info    0x00025ad1       0xb9 c:/devel/hightec/toolchains/tricore/v4.9.1.0-infineon-1.1/bin/../lib/gcc/tricore/4.9.4/tc161\libgcc.a(_lshrdi3.o)
 .debug_info    0x00025b8a      0x58d c:/devel/hightec/toolchains/tricore/v4.9.1.0-infineon-1.1/bin/../lib/gcc/tricore/4.9.4/tc161\libgcc.a(_pack_df.o)
 .debug_info    0x00026117      0x50c c:/devel/hightec/toolchains/tricore/v4.9.1.0-infineon-1.1/bin/../lib/gcc/tricore/4.9.4/tc161\libgcc.a(_unpack_df.o)
 .debug_info    0x00026623      0x4a2 c:/devel/hightec/toolchains/tricore/v4.9.1.0-infineon-1.1/bin/../lib/gcc/tricore/4.9.4/tc161\libgcc.a(_fpcmp_parts_df.o)
 .debug_info    0x00026ac5      0x3f7 c:/devel/hightec/toolchains/tricore/v4.9.1.0-infineon-1.1/bin/../lib/gcc/tricore/4.9.4/tc161\libgcc.a(udiv6432.o)
 .debug_info    0x00026ebc       0x7f c:/devel/hightec/toolchains/tricore/v4.9.1.0-infineon-1.1/bin/../lib/gcc/tricore/4.9.4/tc161/crtn.o

.debug_abbrev   memory region -> *default*
                0x00000000     0x64de
 *(.debug_abbrev)
 .debug_abbrev  0x00000000       0x4d ../out/factorial.o
 .debug_abbrev  0x0000004d       0x45 ../out/hello.o
 .debug_abbrev  0x00000092       0x6a ../out/main.o
 .debug_abbrev  0x000000fc      0x21b c:/devel/hightec/toolchains/tricore/v4.9.1.0-infineon-1.1/bin/../lib/gcc/tricore/4.9.4/../../../../tricore/lib/tc161\libc.a(lib_a-printf.o)
 .debug_abbrev  0x00000317      0x22c c:/devel/hightec/toolchains/tricore/v4.9.1.0-infineon-1.1/bin/../lib/gcc/tricore/4.9.4/../../../../tricore/lib/tc161\libc.a(lib_a-puts.o)
 .debug_abbrev  0x00000543       0x76 c:/devel/hightec/toolchains/tricore/v4.9.1.0-infineon-1.1/bin/../lib/gcc/tricore/4.9.4/../../../../tricore/lib/tc161\libc.a(lib_a-strlen.o)
 .debug_abbrev  0x000005b9      0x370 c:/devel/hightec/toolchains/tricore/v4.9.1.0-infineon-1.1/bin/../lib/gcc/tricore/4.9.4/../../../../tricore/lib/tc161\libc.a(lib_a-vfprintf.o)
 .debug_abbrev  0x00000929      0x1f9 c:/devel/hightec/toolchains/tricore/v4.9.1.0-infineon-1.1/bin/../lib/gcc/tricore/4.9.4/../../../../tricore/lib/tc161\libc.a(lib_a-wsetup.o)
 .debug_abbrev  0x00000b22      0x290 c:/devel/hightec/toolchains/tricore/v4.9.1.0-infineon-1.1/bin/../lib/gcc/tricore/4.9.4/../../../../tricore/lib/tc161\libc.a(lib_a-dtoa.o)
 .debug_abbrev  0x00000db2      0x263 c:/devel/hightec/toolchains/tricore/v4.9.1.0-infineon-1.1/bin/../lib/gcc/tricore/4.9.4/../../../../tricore/lib/tc161\libc.a(lib_a-fflush.o)
 .debug_abbrev  0x00001015      0x33b c:/devel/hightec/toolchains/tricore/v4.9.1.0-infineon-1.1/bin/../lib/gcc/tricore/4.9.4/../../../../tricore/lib/tc161\libc.a(lib_a-findfp.o)
 .debug_abbrev  0x00001350      0x24e c:/devel/hightec/toolchains/tricore/v4.9.1.0-infineon-1.1/bin/../lib/gcc/tricore/4.9.4/../../../../tricore/lib/tc161\libc.a(lib_a-freer.o)
 .debug_abbrev  0x0000159e      0x249 c:/devel/hightec/toolchains/tricore/v4.9.1.0-infineon-1.1/bin/../lib/gcc/tricore/4.9.4/../../../../tricore/lib/tc161\libc.a(lib_a-fvwrite.o)
 .debug_abbrev  0x000017e7      0x272 c:/devel/hightec/toolchains/tricore/v4.9.1.0-infineon-1.1/bin/../lib/gcc/tricore/4.9.4/../../../../tricore/lib/tc161\libc.a(lib_a-fwalk.o)
 .debug_abbrev  0x00001a59      0x184 c:/devel/hightec/toolchains/tricore/v4.9.1.0-infineon-1.1/bin/../lib/gcc/tricore/4.9.4/../../../../tricore/lib/tc161\libc.a(lib_a-impure.o)
 .debug_abbrev  0x00001bdd      0x2c8 c:/devel/hightec/toolchains/tricore/v4.9.1.0-infineon-1.1/bin/../lib/gcc/tricore/4.9.4/../../../../tricore/lib/tc161\libc.a(lib_a-locale.o)
 .debug_abbrev  0x00001ea5      0x1fd c:/devel/hightec/toolchains/tricore/v4.9.1.0-infineon-1.1/bin/../lib/gcc/tricore/4.9.4/../../../../tricore/lib/tc161\libc.a(lib_a-makebuf.o)
 .debug_abbrev  0x000020a2      0x299 c:/devel/hightec/toolchains/tricore/v4.9.1.0-infineon-1.1/bin/../lib/gcc/tricore/4.9.4/../../../../tricore/lib/tc161\libc.a(lib_a-mallocr.o)
 .debug_abbrev  0x0000233b       0x84 c:/devel/hightec/toolchains/tricore/v4.9.1.0-infineon-1.1/bin/../lib/gcc/tricore/4.9.4/../../../../tricore/lib/tc161\libc.a(lib_a-memchr.o)
 .debug_abbrev  0x000023bf       0x8c c:/devel/hightec/toolchains/tricore/v4.9.1.0-infineon-1.1/bin/../lib/gcc/tricore/4.9.4/../../../../tricore/lib/tc161\libc.a(lib_a-memcpy.o)
 .debug_abbrev  0x0000244b       0x84 c:/devel/hightec/toolchains/tricore/v4.9.1.0-infineon-1.1/bin/../lib/gcc/tricore/4.9.4/../../../../tricore/lib/tc161\libc.a(lib_a-memmove.o)
 .debug_abbrev  0x000024cf       0x85 c:/devel/hightec/toolchains/tricore/v4.9.1.0-infineon-1.1/bin/../lib/gcc/tricore/4.9.4/../../../../tricore/lib/tc161\libc.a(lib_a-memset.o)
 .debug_abbrev  0x00002554      0x1a0 c:/devel/hightec/toolchains/tricore/v4.9.1.0-infineon-1.1/bin/../lib/gcc/tricore/4.9.4/../../../../tricore/lib/tc161\libc.a(lib_a-mlock.o)
 .debug_abbrev  0x000026f4      0x304 c:/devel/hightec/toolchains/tricore/v4.9.1.0-infineon-1.1/bin/../lib/gcc/tricore/4.9.4/../../../../tricore/lib/tc161\libc.a(lib_a-mprec.o)
 .debug_abbrev  0x000029f8      0x26b c:/devel/hightec/toolchains/tricore/v4.9.1.0-infineon-1.1/bin/../lib/gcc/tricore/4.9.4/../../../../tricore/lib/tc161\libc.a(lib_a-reallocr.o)
 .debug_abbrev  0x00002c63       0x75 c:/devel/hightec/toolchains/tricore/v4.9.1.0-infineon-1.1/bin/../lib/gcc/tricore/4.9.4/../../../../tricore/lib/tc161\libc.a(lib_a-s_fpclassify.o)
 .debug_abbrev  0x00002cd8      0x1f4 c:/devel/hightec/toolchains/tricore/v4.9.1.0-infineon-1.1/bin/../lib/gcc/tricore/4.9.4/../../../../tricore/lib/tc161\libc.a(lib_a-sbrkr.o)
 .debug_abbrev  0x00002ecc      0x24c c:/devel/hightec/toolchains/tricore/v4.9.1.0-infineon-1.1/bin/../lib/gcc/tricore/4.9.4/../../../../tricore/lib/tc161\libc.a(lib_a-stdio.o)
 .debug_abbrev  0x00003118       0x5a c:/devel/hightec/toolchains/tricore/v4.9.1.0-infineon-1.1/bin/../lib/gcc/tricore/4.9.4/../../../../tricore/lib/tc161\libc.a(lib_a-strcmp.o)
 .debug_abbrev  0x00003172      0x373 c:/devel/hightec/toolchains/tricore/v4.9.1.0-infineon-1.1/bin/../lib/gcc/tricore/4.9.4/../../../../tricore/lib/tc161\libc.a(lib_a-vfiprintf.o)
 .debug_abbrev  0x000034e5      0x1e4 c:/devel/hightec/toolchains/tricore/v4.9.1.0-infineon-1.1/bin/../lib/gcc/tricore/4.9.4/../../../../tricore/lib/tc161\libc.a(lib_a-writer.o)
 .debug_abbrev  0x000036c9      0x1ee c:/devel/hightec/toolchains/tricore/v4.9.1.0-infineon-1.1/bin/../lib/gcc/tricore/4.9.4/../../../../tricore/lib/tc161\libc.a(lib_a-callocr.o)
 .debug_abbrev  0x000038b7      0x1df c:/devel/hightec/toolchains/tricore/v4.9.1.0-infineon-1.1/bin/../lib/gcc/tricore/4.9.4/../../../../tricore/lib/tc161\libc.a(lib_a-closer.o)
 .debug_abbrev  0x00003a96      0x29b c:/devel/hightec/toolchains/tricore/v4.9.1.0-infineon-1.1/bin/../lib/gcc/tricore/4.9.4/../../../../tricore/lib/tc161\libc.a(lib_a-fclose.o)
 .debug_abbrev  0x00003d31      0x1df c:/devel/hightec/toolchains/tricore/v4.9.1.0-infineon-1.1/bin/../lib/gcc/tricore/4.9.4/../../../../tricore/lib/tc161\libc.a(lib_a-fstatr.o)
 .debug_abbrev  0x00003f10      0x1df c:/devel/hightec/toolchains/tricore/v4.9.1.0-infineon-1.1/bin/../lib/gcc/tricore/4.9.4/../../../../tricore/lib/tc161\libc.a(lib_a-isattyr.o)
 .debug_abbrev  0x000040ef      0x1df c:/devel/hightec/toolchains/tricore/v4.9.1.0-infineon-1.1/bin/../lib/gcc/tricore/4.9.4/../../../../tricore/lib/tc161\libc.a(lib_a-lseekr.o)
 .debug_abbrev  0x000042ce      0x1df c:/devel/hightec/toolchains/tricore/v4.9.1.0-infineon-1.1/bin/../lib/gcc/tricore/4.9.4/../../../../tricore/lib/tc161\libc.a(lib_a-readr.o)
 .debug_abbrev  0x000044ad      0x279 c:/devel/hightec/toolchains/tricore/v4.9.1.0-infineon-1.1/bin/../lib/gcc/tricore/4.9.4/../../../../tricore/lib/tc161\libc.a(lib_a-reent.o)
 .debug_abbrev  0x00004726      0x131 c:/devel/hightec/toolchains/tricore/v4.9.1.0-infineon-1.1/bin/../lib/gcc/tricore/4.9.4/../../../../tricore/lib/tc161\libos.a(libos.o)
 .debug_abbrev  0x00004857       0x4c c:/devel/hightec/toolchains/tricore/v4.9.1.0-infineon-1.1/bin/../lib/gcc/tricore/4.9.4/../../../../tricore/lib/tc161\libos.a(vio_close.o)
 .debug_abbrev  0x000048a3       0x4c c:/devel/hightec/toolchains/tricore/v4.9.1.0-infineon-1.1/bin/../lib/gcc/tricore/4.9.4/../../../../tricore/lib/tc161\libos.a(vio_lseek.o)
 .debug_abbrev  0x000048ef       0x5e c:/devel/hightec/toolchains/tricore/v4.9.1.0-infineon-1.1/bin/../lib/gcc/tricore/4.9.4/../../../../tricore/lib/tc161\libos.a(vio_read.o)
 .debug_abbrev  0x0000494d       0x2e c:/devel/hightec/toolchains/tricore/v4.9.1.0-infineon-1.1/bin/../lib/gcc/tricore/4.9.4/../../../../tricore/lib/tc161\libos.a(vio_virtio.o)
 .debug_abbrev  0x0000497b       0x5e c:/devel/hightec/toolchains/tricore/v4.9.1.0-infineon-1.1/bin/../lib/gcc/tricore/4.9.4/../../../../tricore/lib/tc161\libos.a(vio_write.o)
 .debug_abbrev  0x000049d9       0x37 c:/devel/hightec/toolchains/tricore/v4.9.1.0-infineon-1.1/bin/../lib/gcc/tricore/4.9.4/../../../../tricore/lib/tc161\libos.a(libos_abort.o)
 .debug_abbrev  0x00004a10       0x64 c:/devel/hightec/toolchains/tricore/v4.9.1.0-infineon-1.1/bin/../lib/gcc/tricore/4.9.4/../../../../tricore/lib/tc161\libos.a(libos_exit.o)
 .debug_abbrev  0x00004a74       0xc7 c:/devel/hightec/toolchains/tricore/v4.9.1.0-infineon-1.1/bin/../lib/gcc/tricore/4.9.4/../../../../tricore/lib/tc161\libos.a(libos_sbrk.o)
 .debug_abbrev  0x00004b3b      0x1e4 c:/devel/hightec/toolchains/tricore/v4.9.1.0-infineon-1.1/bin/../lib/gcc/tricore/4.9.4/tc161\libgcc.a(_addsub_df.o)
 .debug_abbrev  0x00004d1f      0x217 c:/devel/hightec/toolchains/tricore/v4.9.1.0-infineon-1.1/bin/../lib/gcc/tricore/4.9.4/tc161\libgcc.a(_mul_df.o)
 .debug_abbrev  0x00004f36      0x214 c:/devel/hightec/toolchains/tricore/v4.9.1.0-infineon-1.1/bin/../lib/gcc/tricore/4.9.4/tc161\libgcc.a(_div_df.o)
 .debug_abbrev  0x0000514a      0x19e c:/devel/hightec/toolchains/tricore/v4.9.1.0-infineon-1.1/bin/../lib/gcc/tricore/4.9.4/tc161\libgcc.a(_eq_df.o)
 .debug_abbrev  0x000052e8      0x19e c:/devel/hightec/toolchains/tricore/v4.9.1.0-infineon-1.1/bin/../lib/gcc/tricore/4.9.4/tc161\libgcc.a(_ne_df.o)
 .debug_abbrev  0x00005486      0x19e c:/devel/hightec/toolchains/tricore/v4.9.1.0-infineon-1.1/bin/../lib/gcc/tricore/4.9.4/tc161\libgcc.a(_gt_df.o)
 .debug_abbrev  0x00005624      0x19e c:/devel/hightec/toolchains/tricore/v4.9.1.0-infineon-1.1/bin/../lib/gcc/tricore/4.9.4/tc161\libgcc.a(_ge_df.o)
 .debug_abbrev  0x000057c2      0x19e c:/devel/hightec/toolchains/tricore/v4.9.1.0-infineon-1.1/bin/../lib/gcc/tricore/4.9.4/tc161\libgcc.a(_lt_df.o)
 .debug_abbrev  0x00005960      0x195 c:/devel/hightec/toolchains/tricore/v4.9.1.0-infineon-1.1/bin/../lib/gcc/tricore/4.9.4/tc161\libgcc.a(_si_to_df.o)
 .debug_abbrev  0x00005af5      0x18d c:/devel/hightec/toolchains/tricore/v4.9.1.0-infineon-1.1/bin/../lib/gcc/tricore/4.9.4/tc161\libgcc.a(_df_to_si.o)
 .debug_abbrev  0x00005c82       0xab c:/devel/hightec/toolchains/tricore/v4.9.1.0-infineon-1.1/bin/../lib/gcc/tricore/4.9.4/tc161\libgcc.a(_thenan_df.o)
 .debug_abbrev  0x00005d2d      0x198 c:/devel/hightec/toolchains/tricore/v4.9.1.0-infineon-1.1/bin/../lib/gcc/tricore/4.9.4/tc161\libgcc.a(_usi_to_df.o)
 .debug_abbrev  0x00005ec5       0xb8 c:/devel/hightec/toolchains/tricore/v4.9.1.0-infineon-1.1/bin/../lib/gcc/tricore/4.9.4/tc161\libgcc.a(udivdi3.o)
 .debug_abbrev  0x00005f7d       0x8a c:/devel/hightec/toolchains/tricore/v4.9.1.0-infineon-1.1/bin/../lib/gcc/tricore/4.9.4/tc161\libgcc.a(umoddi3.o)
 .debug_abbrev  0x00006007       0x14 c:/devel/hightec/toolchains/tricore/v4.9.1.0-infineon-1.1/bin/../lib/gcc/tricore/4.9.4/tc161\libgcc.a(_ashldi3.o)
 .debug_abbrev  0x0000601b       0x14 c:/devel/hightec/toolchains/tricore/v4.9.1.0-infineon-1.1/bin/../lib/gcc/tricore/4.9.4/tc161\libgcc.a(_lshrdi3.o)
 .debug_abbrev  0x0000602f      0x19d c:/devel/hightec/toolchains/tricore/v4.9.1.0-infineon-1.1/bin/../lib/gcc/tricore/4.9.4/tc161\libgcc.a(_pack_df.o)
 .debug_abbrev  0x000061cc      0x13a c:/devel/hightec/toolchains/tricore/v4.9.1.0-infineon-1.1/bin/../lib/gcc/tricore/4.9.4/tc161\libgcc.a(_unpack_df.o)
 .debug_abbrev  0x00006306      0x11d c:/devel/hightec/toolchains/tricore/v4.9.1.0-infineon-1.1/bin/../lib/gcc/tricore/4.9.4/tc161\libgcc.a(_fpcmp_parts_df.o)
 .debug_abbrev  0x00006423       0xa9 c:/devel/hightec/toolchains/tricore/v4.9.1.0-infineon-1.1/bin/../lib/gcc/tricore/4.9.4/tc161\libgcc.a(udiv6432.o)
 .debug_abbrev  0x000064cc       0x12 c:/devel/hightec/toolchains/tricore/v4.9.1.0-infineon-1.1/bin/../lib/gcc/tricore/4.9.4/tc161/crtn.o

.debug_line     memory region -> *default*
                0x00000000     0x65ea
 *(.debug_line)
 .debug_line    0x00000000       0x46 ../out/factorial.o
 .debug_line    0x00000046       0x4d ../out/hello.o
 .debug_line    0x00000093       0x4c ../out/main.o
 .debug_line    0x000000df      0x1b1 c:/devel/hightec/toolchains/tricore/v4.9.1.0-infineon-1.1/bin/../lib/gcc/tricore/4.9.4/../../../../tricore/lib/tc161\libc.a(lib_a-printf.o)
 .debug_line    0x00000290      0x1dd c:/devel/hightec/toolchains/tricore/v4.9.1.0-infineon-1.1/bin/../lib/gcc/tricore/4.9.4/../../../../tricore/lib/tc161\libc.a(lib_a-puts.o)
 .debug_line    0x0000046d      0x124 c:/devel/hightec/toolchains/tricore/v4.9.1.0-infineon-1.1/bin/../lib/gcc/tricore/4.9.4/../../../../tricore/lib/tc161\libc.a(lib_a-strlen.o)
 .debug_line    0x00000591      0x77e c:/devel/hightec/toolchains/tricore/v4.9.1.0-infineon-1.1/bin/../lib/gcc/tricore/4.9.4/../../../../tricore/lib/tc161\libc.a(lib_a-vfprintf.o)
 .debug_line    0x00000d0f      0x1e8 c:/devel/hightec/toolchains/tricore/v4.9.1.0-infineon-1.1/bin/../lib/gcc/tricore/4.9.4/../../../../tricore/lib/tc161\libc.a(lib_a-wsetup.o)
 .debug_line    0x00000ef7      0x67f c:/devel/hightec/toolchains/tricore/v4.9.1.0-infineon-1.1/bin/../lib/gcc/tricore/4.9.4/../../../../tricore/lib/tc161\libc.a(lib_a-dtoa.o)
 .debug_line    0x00001576      0x24c c:/devel/hightec/toolchains/tricore/v4.9.1.0-infineon-1.1/bin/../lib/gcc/tricore/4.9.4/../../../../tricore/lib/tc161\libc.a(lib_a-fflush.o)
 .debug_line    0x000017c2      0x332 c:/devel/hightec/toolchains/tricore/v4.9.1.0-infineon-1.1/bin/../lib/gcc/tricore/4.9.4/../../../../tricore/lib/tc161\libc.a(lib_a-findfp.o)
 .debug_line    0x00001af4      0x257 c:/devel/hightec/toolchains/tricore/v4.9.1.0-infineon-1.1/bin/../lib/gcc/tricore/4.9.4/../../../../tricore/lib/tc161\libc.a(lib_a-freer.o)
 .debug_line    0x00001d4b      0x2a2 c:/devel/hightec/toolchains/tricore/v4.9.1.0-infineon-1.1/bin/../lib/gcc/tricore/4.9.4/../../../../tricore/lib/tc161\libc.a(lib_a-fvwrite.o)
 .debug_line    0x00001fed      0x1cf c:/devel/hightec/toolchains/tricore/v4.9.1.0-infineon-1.1/bin/../lib/gcc/tricore/4.9.4/../../../../tricore/lib/tc161\libc.a(lib_a-fwalk.o)
 .debug_line    0x000021bc      0x127 c:/devel/hightec/toolchains/tricore/v4.9.1.0-infineon-1.1/bin/../lib/gcc/tricore/4.9.4/../../../../tricore/lib/tc161\libc.a(lib_a-impure.o)
 .debug_line    0x000022e3      0x221 c:/devel/hightec/toolchains/tricore/v4.9.1.0-infineon-1.1/bin/../lib/gcc/tricore/4.9.4/../../../../tricore/lib/tc161\libc.a(lib_a-locale.o)
 .debug_line    0x00002504      0x20a c:/devel/hightec/toolchains/tricore/v4.9.1.0-infineon-1.1/bin/../lib/gcc/tricore/4.9.4/../../../../tricore/lib/tc161\libc.a(lib_a-makebuf.o)
 .debug_line    0x0000270e      0x2fe c:/devel/hightec/toolchains/tricore/v4.9.1.0-infineon-1.1/bin/../lib/gcc/tricore/4.9.4/../../../../tricore/lib/tc161\libc.a(lib_a-mallocr.o)
 .debug_line    0x00002a0c      0x126 c:/devel/hightec/toolchains/tricore/v4.9.1.0-infineon-1.1/bin/../lib/gcc/tricore/4.9.4/../../../../tricore/lib/tc161\libc.a(lib_a-memchr.o)
 .debug_line    0x00002b32      0x126 c:/devel/hightec/toolchains/tricore/v4.9.1.0-infineon-1.1/bin/../lib/gcc/tricore/4.9.4/../../../../tricore/lib/tc161\libc.a(lib_a-memcpy.o)
 .debug_line    0x00002c58      0x12f c:/devel/hightec/toolchains/tricore/v4.9.1.0-infineon-1.1/bin/../lib/gcc/tricore/4.9.4/../../../../tricore/lib/tc161\libc.a(lib_a-memmove.o)
 .debug_line    0x00002d87      0x124 c:/devel/hightec/toolchains/tricore/v4.9.1.0-infineon-1.1/bin/../lib/gcc/tricore/4.9.4/../../../../tricore/lib/tc161\libc.a(lib_a-memset.o)
 .debug_line    0x00002eab      0x145 c:/devel/hightec/toolchains/tricore/v4.9.1.0-infineon-1.1/bin/../lib/gcc/tricore/4.9.4/../../../../tricore/lib/tc161\libc.a(lib_a-mlock.o)
 .debug_line    0x00002ff0      0x665 c:/devel/hightec/toolchains/tricore/v4.9.1.0-infineon-1.1/bin/../lib/gcc/tricore/4.9.4/../../../../tricore/lib/tc161\libc.a(lib_a-mprec.o)
 .debug_line    0x00003655      0x244 c:/devel/hightec/toolchains/tricore/v4.9.1.0-infineon-1.1/bin/../lib/gcc/tricore/4.9.4/../../../../tricore/lib/tc161\libc.a(lib_a-reallocr.o)
 .debug_line    0x00003899      0x153 c:/devel/hightec/toolchains/tricore/v4.9.1.0-infineon-1.1/bin/../lib/gcc/tricore/4.9.4/../../../../tricore/lib/tc161\libc.a(lib_a-s_fpclassify.o)
 .debug_line    0x000039ec      0x19a c:/devel/hightec/toolchains/tricore/v4.9.1.0-infineon-1.1/bin/../lib/gcc/tricore/4.9.4/../../../../tricore/lib/tc161\libc.a(lib_a-sbrkr.o)
 .debug_line    0x00003b86      0x206 c:/devel/hightec/toolchains/tricore/v4.9.1.0-infineon-1.1/bin/../lib/gcc/tricore/4.9.4/../../../../tricore/lib/tc161\libc.a(lib_a-stdio.o)
 .debug_line    0x00003d8c       0xd3 c:/devel/hightec/toolchains/tricore/v4.9.1.0-infineon-1.1/bin/../lib/gcc/tricore/4.9.4/../../../../tricore/lib/tc161\libc.a(lib_a-strcmp.o)
 .debug_line    0x00003e5f      0x545 c:/devel/hightec/toolchains/tricore/v4.9.1.0-infineon-1.1/bin/../lib/gcc/tricore/4.9.4/../../../../tricore/lib/tc161\libc.a(lib_a-vfiprintf.o)
 .debug_line    0x000043a4      0x1a9 c:/devel/hightec/toolchains/tricore/v4.9.1.0-infineon-1.1/bin/../lib/gcc/tricore/4.9.4/../../../../tricore/lib/tc161\libc.a(lib_a-writer.o)
 .debug_line    0x0000454d      0x165 c:/devel/hightec/toolchains/tricore/v4.9.1.0-infineon-1.1/bin/../lib/gcc/tricore/4.9.4/../../../../tricore/lib/tc161\libc.a(lib_a-callocr.o)
 .debug_line    0x000046b2      0x1a7 c:/devel/hightec/toolchains/tricore/v4.9.1.0-infineon-1.1/bin/../lib/gcc/tricore/4.9.4/../../../../tricore/lib/tc161\libc.a(lib_a-closer.o)
 .debug_line    0x00004859      0x1da c:/devel/hightec/toolchains/tricore/v4.9.1.0-infineon-1.1/bin/../lib/gcc/tricore/4.9.4/../../../../tricore/lib/tc161\libc.a(lib_a-fclose.o)
 .debug_line    0x00004a33      0x1b2 c:/devel/hightec/toolchains/tricore/v4.9.1.0-infineon-1.1/bin/../lib/gcc/tricore/4.9.4/../../../../tricore/lib/tc161\libc.a(lib_a-fstatr.o)
 .debug_line    0x00004be5      0x1a8 c:/devel/hightec/toolchains/tricore/v4.9.1.0-infineon-1.1/bin/../lib/gcc/tricore/4.9.4/../../../../tricore/lib/tc161\libc.a(lib_a-isattyr.o)