Archive member included to satisfy reference by file (symbol)

c:/mingw/bin/../lib/gcc/mingw32/6.3.0/../../../libmingw32.a(CRTglob.o)
                              c:/mingw/bin/../lib/gcc/mingw32/6.3.0/../../../crt2.o (_CRT_glob)
c:/mingw/bin/../lib/gcc/mingw32/6.3.0/../../../libmingw32.a(setargv.o)
                              c:/mingw/bin/../lib/gcc/mingw32/6.3.0/../../../crt2.o (_setargv)
c:/mingw/bin/../lib/gcc/mingw32/6.3.0/../../../libmingw32.a(CRTfmode.o)
                              c:/mingw/bin/../lib/gcc/mingw32/6.3.0/../../../crt2.o (_CRT_fmode)
c:/mingw/bin/../lib/gcc/mingw32/6.3.0/../../../libmingw32.a(cpu_features.o)
                              c:/mingw/bin/../lib/gcc/mingw32/6.3.0/../../../crt2.o (__cpu_features_init)
c:/mingw/bin/../lib/gcc/mingw32/6.3.0/../../../libmingw32.a(CRT_fp10.o)
                              c:/mingw/bin/../lib/gcc/mingw32/6.3.0/../../../crt2.o (_CRT_fenv)
c:/mingw/bin/../lib/gcc/mingw32/6.3.0/../../../libmingw32.a(txtmode.o)
                              c:/mingw/bin/../lib/gcc/mingw32/6.3.0/../../../crt2.o (_fmode)
c:/mingw/bin/../lib/gcc/mingw32/6.3.0/../../../libmingw32.a(gccmain.o)
                              c:/mingw/bin/../lib/gcc/mingw32/6.3.0/../../../crt2.o (__main)
c:/mingw/bin/../lib/gcc/mingw32/6.3.0/../../../libmingw32.a(tlssup.o)
                              c:/mingw/bin/../lib/gcc/mingw32/6.3.0/../../../crt2.o (__dyn_tls_init_callback)
c:/mingw/bin/../lib/gcc/mingw32/6.3.0/../../../libmingw32.a(tlsthrd.o)
                              c:/mingw/bin/../lib/gcc/mingw32/6.3.0/../../../libmingw32.a(tlssup.o) (__mingw_TLScallback)
c:/mingw/bin/../lib/gcc/mingw32/6.3.0/../../../libmingw32.a(pseudo-reloc.o)
                              c:/mingw/bin/../lib/gcc/mingw32/6.3.0/../../../crt2.o (_pei386_runtime_relocator)
c:/mingw/bin/../lib/gcc/mingw32/6.3.0/../../../libmingw32.a(pseudo-reloc-list.o)
                              c:/mingw/bin/../lib/gcc/mingw32/6.3.0/../../../libmingw32.a(pseudo-reloc.o) (__RUNTIME_PSEUDO_RELOC_LIST__)
c:/mingw/bin/../lib/gcc/mingw32/6.3.0/../../../libmingw32.a(crtst.o)
                              c:/mingw/bin/../lib/gcc/mingw32/6.3.0/../../../libmingw32.a(tlssup.o) (_CRT_MT)
c:/mingw/bin/../lib/gcc/mingw32/6.3.0/libgcc_s.a(d000106.o)
                              c:/mingw/bin/../lib/gcc/mingw32/6.3.0/crtbegin.o (__register_frame_info)
c:/mingw/bin/../lib/gcc/mingw32/6.3.0/libgcc_s.a(d000037.o)
                              c:/mingw/bin/../lib/gcc/mingw32/6.3.0/crtbegin.o (__deregister_frame_info)
c:/mingw/bin/../lib/gcc/mingw32/6.3.0/libgcc_s.a(d000000.o)
                              c:/mingw/bin/../lib/gcc/mingw32/6.3.0/libgcc_s.a(d000106.o) (_head_libgcc_s_dw2_1_dll)
c:/mingw/bin/../lib/gcc/mingw32/6.3.0/libgcc_s.a(d000122.o)
                              c:/mingw/bin/../lib/gcc/mingw32/6.3.0/libgcc_s.a(d000000.o) (libgcc_s_dw2_1_dll_iname)
c:/mingw/bin/../lib/gcc/mingw32/6.3.0/libgcc.a(_chkstk_ms.o)
                              c:/mingw/bin/../lib/gcc/mingw32/6.3.0/../../../libmingw32.a(setargv.o) (__chkstk_ms)
c:/mingw/bin/../lib/gcc/mingw32/6.3.0/libgcc.a(_ctors.o)
                              c:/mingw/bin/../lib/gcc/mingw32/6.3.0/../../../libmingw32.a(gccmain.o) (__DTOR_LIST__)
c:/mingw/bin/../lib/gcc/mingw32/6.3.0/../../../libmingwex.a(fesetenv.o)
                              c:/mingw/bin/../lib/gcc/mingw32/6.3.0/../../../crt2.o (fesetenv)
c:/mingw/bin/../lib/gcc/mingw32/6.3.0/../../../libmingwex.a(vprintf.o)
                              ../out/main.o (__mingw_vprintf)
c:/mingw/bin/../lib/gcc/mingw32/6.3.0/../../../libmingwex.a(glob.o)
                              c:/mingw/bin/../lib/gcc/mingw32/6.3.0/../../../libmingw32.a(setargv.o) (__mingw_glob)
c:/mingw/bin/../lib/gcc/mingw32/6.3.0/../../../libmingwex.a(dirname.o)
                              c:/mingw/bin/../lib/gcc/mingw32/6.3.0/../../../libmingwex.a(glob.o) (__mingw_dirname)
c:/mingw/bin/../lib/gcc/mingw32/6.3.0/../../../libmingwex.a(dirent.o)
                              c:/mingw/bin/../lib/gcc/mingw32/6.3.0/../../../libmingwex.a(glob.o) (__mingw_opendir)
c:/mingw/bin/../lib/gcc/mingw32/6.3.0/../../../libmingwex.a(pformat.o)
                              c:/mingw/bin/../lib/gcc/mingw32/6.3.0/../../../libmingwex.a(vprintf.o) (__mingw_pformat)
c:/mingw/bin/../lib/gcc/mingw32/6.3.0/../../../libmingwex.a(varofmt.o)
                              c:/mingw/bin/../lib/gcc/mingw32/6.3.0/../../../libmingwex.a(pformat.o) (__mingw_output_format_flags)
c:/mingw/bin/../lib/gcc/mingw32/6.3.0/../../../libmingwex.a(mbrtowc.o)
                              c:/mingw/bin/../lib/gcc/mingw32/6.3.0/../../../libmingwex.a(pformat.o) (mbrtowc)
c:/mingw/bin/../lib/gcc/mingw32/6.3.0/../../../libmingwex.a(wcrtomb.o)
                              c:/mingw/bin/../lib/gcc/mingw32/6.3.0/../../../libmingwex.a(pformat.o) (wcrtomb)
c:/mingw/bin/../lib/gcc/mingw32/6.3.0/../../../libmingwex.a(gdtoa.o)
[...]
Memory Configuration

Name             Origin             Length             Attributes
*default*        0x00000000         0xffffffff

Linker script and memory map

                0x00400000                __image_base__ = 0x400000
                0x00000000                __dll__ = 0x0
                0x00400000                ___ImageBase = 0x400000
                0x00001000                __section_alignment__ = 0x1000
                0x00000200                __file_alignment__ = 0x200
                0x00000004                __major_os_version__ = 0x4
                0x00000000                __minor_os_version__ = 0x0
                0x00000001                __major_image_version__ = 0x1
                0x00000000                __minor_image_version__ = 0x0
                0x00000004                __major_subsystem_version__ = 0x4
                0x00000000                __minor_subsystem_version__ = 0x0
                0x00000003                __subsystem__ = 0x3
                0x00200000                __size_of_stack_reserve__ = 0x200000
                0x00001000                __size_of_stack_commit__ = 0x1000
                0x00100000                __size_of_heap_reserve__ = 0x100000
                0x00001000                __size_of_heap_commit__ = 0x1000
                0x00000000                __loader_flags__ = 0x0
                0x00000000                __dll_characteristics__ = 0x0
LOAD c:/mingw/bin/../lib/gcc/mingw32/6.3.0/../../../crt2.o
LOAD c:/mingw/bin/../lib/gcc/mingw32/6.3.0/crtbegin.o
LOAD ../out/factorial.o
LOAD ../out/hello.o
LOAD ../out/main.o
LOAD c:/mingw/bin/../lib/gcc/mingw32/6.3.0/libstdc++.dll.a
LOAD c:/mingw/bin/../lib/gcc/mingw32/6.3.0/../../../libmingw32.a
LOAD c:/mingw/bin/../lib/gcc/mingw32/6.3.0/libgcc_s.a
LOAD c:/mingw/bin/../lib/gcc/mingw32/6.3.0/libgcc.a
LOAD c:/mingw/bin/../lib/gcc/mingw32/6.3.0/../../../libmoldname.a
LOAD c:/mingw/bin/../lib/gcc/mingw32/6.3.0/../../../libmingwex.a
LOAD c:/mingw/bin/../lib/gcc/mingw32/6.3.0/../../../libmsvcrt.a
LOAD c:/mingw/bin/../lib/gcc/mingw32/6.3.0/../../../libadvapi32.a
LOAD c:/mingw/bin/../lib/gcc/mingw32/6.3.0/../../../libshell32.a
LOAD c:/mingw/bin/../lib/gcc/mingw32/6.3.0/../../../libuser32.a
LOAD c:/mingw/bin/../lib/gcc/mingw32/6.3.0/../../../libkernel32.a
LOAD c:/mingw/bin/../lib/gcc/mingw32/6.3.0/../../../libmingw32.a
LOAD c:/mingw/bin/../lib/gcc/mingw32/6.3.0/libgcc_s.a
LOAD c:/mingw/bin/../lib/gcc/mingw32/6.3.0/libgcc.a
LOAD c:/mingw/bin/../lib/gcc/mingw32/6.3.0/../../../libmoldname.a
LOAD c:/mingw/bin/../lib/gcc/mingw32/6.3.0/../../../libmingwex.a
LOAD c:/mingw/bin/../lib/gcc/mingw32/6.3.0/../../../libmsvcrt.a
LOAD c:/mingw/bin/../lib/gcc/mingw32/6.3.0/crtend.o
                0x000003a8                . = SIZEOF_HEADERS
                0x00001000                . = ALIGN (__section_alignment__)

.text           0x00401000     0x8600
 *(.init)
 *(.text)
 .text          0x00401000      0x340 c:/mingw/bin/../lib/gcc/mingw32/6.3.0/../../../crt2.o
                0x004012a0                _mingw32_init_mainargs
                0x004012e0                mainCRTStartup
                0x00401300                WinMainCRTStartup
                0x00401320                atexit
                0x00401330                _onexit
 .text          0x00401340      0x120 c:/mingw/bin/../lib/gcc/mingw32/6.3.0/crtbegin.o
                0x00401340                __gcc_register_frame
                0x00401430                __gcc_deregister_frame
 .text          0x00401460      0x3a0 c:/mingw/bin/../lib/gcc/mingw32/6.3.0/../../../libmingw32.a(setargv.o)
                0x00401460                _setargv
 .text          0x00401800       0xe0 c:/mingw/bin/../lib/gcc/mingw32/6.3.0/../../../libmingw32.a(cpu_features.o)
                0x00401800                __cpu_features_init
 .text          0x004018e0       0xa0 c:/mingw/bin/../lib/gcc/mingw32/6.3.0/../../../libmingw32.a(gccmain.o)
                0x004018e0                __do_global_dtors
                0x00401910                __do_global_ctors
                0x00401960                __main
 .text          0x00401980       0xf0 c:/mingw/bin/../lib/gcc/mingw32/6.3.0/../../../libmingw32.a(tlssup.o)
                0x004019d0                __dyn_tls_init@12
                0x00401a60                __tlregdtor
 .text          0x00401a70      0x230 c:/mingw/bin/../lib/gcc/mingw32/6.3.0/../../../libmingw32.a(tlsthrd.o)
                0x00401ad0                ___w64_mingwthr_add_key_dtor
                0x00401b60                ___w64_mingwthr_remove_key_dtor
                0x00401c00                __mingw_TLScallback
 .text          0x00401ca0      0x310 c:/mingw/bin/../lib/gcc/mingw32/6.3.0/../../../libmingw32.a(pseudo-reloc.o)
                0x00401de0                _pei386_runtime_relocator
 .text          0x00401fb0        0x8 c:/mingw/bin/../lib/gcc/mingw32/6.3.0/libgcc_s.a(d000106.o)
                0x00401fb0                __register_frame_info
 .text          0x00401fb8        0x8 c:/mingw/bin/../lib/gcc/mingw32/6.3.0/libgcc_s.a(d000037.o)
                0x00401fb8                __deregister_frame_info
 .text          0x00401fc0       0x2c c:/mingw/bin/../lib/gcc/mingw32/6.3.0/libgcc.a(_chkstk_ms.o)
                0x00401fc0                __chkstk_ms
 *fill*         0x00401fec        0x4 
 .text          0x00401ff0       0x70 c:/mingw/bin/../lib/gcc/mingw32/6.3.0/../../../libmingwex.a(fesetenv.o)
                0x00401ff0                fesetenv
 .text          0x00402060       0x40 c:/mingw/bin/../lib/gcc/mingw32/6.3.0/../../../libmingwex.a(vprintf.o)
                0x00402060                __mingw_vprintf
 .text          0x004020a0     0x1080 c:/mingw/bin/../lib/gcc/mingw32/6.3.0/../../../libmingwex.a(glob.o)
                0x00402fd0                __mingw_glob
                0x004030c0                __mingw_globfree
 .text          0x00403120      0x400 c:/mingw/bin/../lib/gcc/mingw32/6.3.0/../../../libmingwex.a(dirname.o)
                0x00403120                __mingw_dirname
 .text          0x00403520      0x4f0 c:/mingw/bin/../lib/gcc/mingw32/6.3.0/../../../libmingwex.a(dirent.o)
                0x004036a0                __mingw_opendir
                0x00403860                __mingw_readdir
                0x004038b0                __mingw_closedir
                0x00403900                __mingw_rewinddir
                0x00403960                __mingw_telldir
                0x00403990                __mingw_seekdir
 .text          0x00403a10     0x2b00 c:/mingw/bin/../lib/gcc/mingw32/6.3.0/../../../libmingwex.a(pformat.o)
                0x004055a0                __mingw_pformat
 .text          0x00406510      0x430 c:/mingw/bin/../lib/gcc/mingw32/6.3.0/../../../libmingwex.a(mbrtowc.o)
                0x004066a0                mbrtowc
                0x00406740                mbsrtowcs
                0x004068b0                mbrlen
 .text          0x00406940      0x290 c:/mingw/bin/../lib/gcc/mingw32/6.3.0/../../../libmingwex.a(wcrtomb.o)
                0x004069e0                wcrtomb
                0x00406a60                wcsrtombs
 .text          0x00406bd0     0x1630 c:/mingw/bin/../lib/gcc/mingw32/6.3.0/../../../libmingwex.a(gdtoa.o)
                0x00406bd0                __gdtoa
 .text          0x00408200      0x160 c:/mingw/bin/../lib/gcc/mingw32/6.3.0/../../../libmingwex.a(gmisc.o)
                0x00408200                __rshift_D2A
                0x00408320                __trailz_D2A
 .text          0x00408360      0x2d0 c:/mingw/bin/../lib/gcc/mingw32/6.3.0/../../../libmingwex.a(dmisc.o)
                0x00408360                __rv_alloc_D2A
                0x004083a0                __nrv_alloc_D2A
                0x00408420                __freedtoa
                0x00408440                __quorem_D2A
 .text          0x00408630      0xbd0 c:/mingw/bin/../lib/gcc/mingw32/6.3.0/../../../libmingwex.a(misc.o)
                0x00408750                __Balloc_D2A
                0x00408820                __Bfree_D2A
                0x00408890                __multadd_D2A
                0x00408980                __i2b_D2A
                0x004089b0                __mult_D2A
                0x00408b20                __pow5mult_D2A
                0x00408c90                __lshift_D2A
                0x00408db0                __cmp_D2A
                0x00408e00                __diff_D2A
                0x00408fe0                __b2d_D2A
                0x004090e0                __d2b_D2A
                0x004091d0                __strcp_D2A
 .text          0x00409200        0x8 c:/mingw/bin/../lib/gcc/mingw32/6.3.0/../../../libmsvcrt.a(dkhmbs01325.o)
                0x00409200                wcstombs
 .text          0x00409208        0x8 c:/mingw/bin/../lib/gcc/mingw32/6.3.0/../../../libmsvcrt.a(dkhmbs01308.o)
                0x00409208                wcslen
 .text          0x00409210        0x8 c:/mingw/bin/../lib/gcc/mingw32/6.3.0/../../../libmsvcrt.a(dkhmbs01284.o)
                0x00409210                vfprintf
 .text          0x00409218        0x8 c:/mingw/bin/../lib/gcc/mingw32/6.3.0/../../../libmsvcrt.a(dkhmbs01277.o)
                0x00409218                tolower
 .text          0x00409220        0x8 c:/mingw/bin/../lib/gcc/mingw32/6.3.0/../../../libmsvcrt.a(dkhmbs01249.o)
                0x00409220                strlen
 .text          0x00409228        0x8 c:/mingw/bin/../lib/gcc/mingw32/6.3.0/../../../libmsvcrt.a(dkhmbs01242.o)
                0x00409228                strcoll
 .text          0x00409230        0x8 c:/mingw/bin/../lib/gcc/mingw32/6.3.0/../../../libmsvcrt.a(dkhmbs01240.o)
                0x00409230                strchr
 .text          0x00409238        0x8 c:/mingw/bin/../lib/gcc/mingw32/6.3.0/../../../libmsvcrt.a(dkhmbs01229.o)
                0x00409238                signal
 .text          0x00409240        0x8 c:/mingw/bin/../lib/gcc/mingw32/6.3.0/../../../libmsvcrt.a(dkhmbs01227.o)
                0x00409240                setlocale
 .text          0x00409248        0x8 c:/mingw/bin/../lib/gcc/mingw32/6.3.0/../../../libmsvcrt.a(dkhmbs01220.o)
                0x00409248                realloc
 .text          0x00409250        0x8 c:/mingw/bin/../lib/gcc/mingw32/6.3.0/../../../libmsvcrt.a(dkhmbs01212.o)
                0x00409250                puts
 .text          0x00409258        0x8 c:/mingw/bin/../lib/gcc/mingw32/6.3.0/../../../libmsvcrt.a(dkhmbs01199.o)
                0x00409258                memcpy
 .text          0x00409260        0x8 c:/mingw/bin/../lib/gcc/mingw32/6.3.0/../../../libmsvcrt.a(dkhmbs01194.o)
                0x00409260                mbstowcs
 .text          0x00409268        0x8 c:/mingw/bin/../lib/gcc/mingw32/6.3.0/../../../libmsvcrt.a(dkhmbs01187.o)
                0x00409268                malloc
 .text          0x00409270        0x8 c:/mingw/bin/../lib/gcc/mingw32/6.3.0/../../../libmsvcrt.a(dkhmbs01182.o)
                0x00409270                localeconv
 .text          0x00409278        0x8 c:/mingw/bin/../lib/gcc/mingw32/6.3.0/../../../libmsvcrt.a(dkhmbs01147.o)
                0x00409278                getenv
 .text          0x00409280        0x8 c:/mingw/bin/../lib/gcc/mingw32/6.3.0/../../../libmsvcrt.a(dkhmbs01142.o)
                0x00409280                fwrite
 .text          0x00409288        0x8 c:/mingw/bin/../lib/gcc/mingw32/6.3.0/../../../libmsvcrt.a(dkhmbs01131.o)
                0x00409288                free
 .text          0x00409290        0x8 c:/mingw/bin/../lib/gcc/mingw32/6.3.0/../../../libmsvcrt.a(dkhmbs01126.o)
                0x00409290                fputc
 .text          0x00409298        0x8 c:/mingw/bin/../lib/gcc/mingw32/6.3.0/../../../libmsvcrt.a(dkhmbs01098.o)
                0x00409298                calloc
 .text          0x004092a0        0x8 c:/mingw/bin/../lib/gcc/mingw32/6.3.0/../../../libmsvcrt.a(dkhmbs01093.o)
                0x004092a0                atoi
 .text          0x004092a8        0x8 c:/mingw/bin/../lib/gcc/mingw32/6.3.0/../../../libmsvcrt.a(dkhmbs01083.o)
                0x004092a8                abort
 .text          0x004092b0        0x8 c:/mingw/bin/../lib/gcc/mingw32/6.3.0/../../../libmsvcrt.a(dkhmbs00753.o)
                0x004092b0                _setmode
 .text          0x004092b8        0x8 c:/mingw/bin/../lib/gcc/mingw32/6.3.0/../../../libmsvcrt.a(dkhmbs00422.o)
                0x004092b8                _isctype
 .text          0x004092c0        0x8 c:/mingw/bin/../lib/gcc/mingw32/6.3.0/../../../libmsvcrt.a(dkhmbs00350.o)
                0x004092c0                _fullpath
 .text          0x004092c8        0x8 c:/mingw/bin/../lib/gcc/mingw32/6.3.0/../../../libmsvcrt.a(dkhmbs00285.o)
                0x004092c8                _errno
 .text          0x004092d0        0x8 c:/mingw/bin/../lib/gcc/mingw32/6.3.0/../../../libmsvcrt.a(dkhmbs00219.o)
                0x004092d0                _cexit
 .text          0x004092d8        0x8 c:/mingw/bin/../lib/gcc/mingw32/6.3.0/../../../libmsvcrt.a(dkhmbs00133.o)
                0x004092d8                __p__fmode
 .text          0x004092e0        0x8 c:/mingw/bin/../lib/gcc/mingw32/6.3.0/../../../libmsvcrt.a(dkhmbs00131.o)
                0x004092e0                __p__environ
 .text          0x004092e8        0x8 c:/mingw/bin/../lib/gcc/mingw32/6.3.0/../../../libmsvcrt.a(dkhmbs00088.o)
                0x004092e8                __getmainargs
 .text          0x004092f0        0x8 c:/mingw/bin/../lib/gcc/mingw32/6.3.0/../../../libkernel32.a(dydpbs01247.o)
                0x004092f0                WideCharToMultiByte@32
 .text          0x004092f8        0x8 c:/mingw/bin/../lib/gcc/mingw32/6.3.0/../../../libkernel32.a(dydpbs01215.o)
                0x004092f8                VirtualQuery@12
 .text          0x00409300        0x8 c:/mingw/bin/../lib/gcc/mingw32/6.3.0/../../../libkernel32.a(dydpbs01213.o)
                0x00409300                VirtualProtect@16
 .text          0x00409308        0x8 c:/mingw/bin/../lib/gcc/mingw32/6.3.0/../../../libkernel32.a(dydpbs01173.o)
                0x00409308                TlsGetValue@4
 .text          0x00409310        0x8 c:/mingw/bin/../lib/gcc/mingw32/6.3.0/../../../libkernel32.a(dydpbs01152.o)
                0x00409310                Sleep@4
 .text          0x00409318        0x8 c:/mingw/bin/../lib/gcc/mingw32/6.3.0/../../../libkernel32.a(dydpbs01140.o)
                0x00409318                SetUnhandledExceptionFilter@4
 .text          0x00409320        0x8 c:/mingw/bin/../lib/gcc/mingw32/6.3.0/../../../libkernel32.a(dydpbs00860.o)
                0x00409320                MultiByteToWideChar@24
 .text          0x00409328        0x8 c:/mingw/bin/../lib/gcc/mingw32/6.3.0/../../../libkernel32.a(dydpbs00817.o)
                0x00409328                LoadLibraryA@4
 .text          0x00409330        0x8 c:/mingw/bin/../lib/gcc/mingw32/6.3.0/../../../libkernel32.a(dydpbs00814.o)
                0x00409330                LeaveCriticalSection@4
 .text          0x00409338        0x8 c:/mingw/bin/../lib/gcc/mingw32/6.3.0/../../../libkernel32.a(dydpbs00763.o)
                0x00409338                IsDBCSLeadByteEx@8
 .text          0x00409340        0x8 c:/mingw/bin/../lib/gcc/mingw32/6.3.0/../../../libkernel32.a(dydpbs00744.o)
                0x00409340                InterlockedExchange@8
 .text          0x00409348        0x8 c:/mingw/bin/../lib/gcc/mingw32/6.3.0/../../../libkernel32.a(dydpbs00734.o)
                0x00409348                InitializeCriticalSection@4
 .text          0x00409350        0x8 c:/mingw/bin/../lib/gcc/mingw32/6.3.0/../../../libkernel32.a(dydpbs00577.o)
                0x00409350                GetProcAddress@8
 .text          0x00409358        0x8 c:/mingw/bin/../lib/gcc/mingw32/6.3.0/../../../libkernel32.a(dydpbs00529.o)
                0x00409358                GetModuleHandleA@4
 .text          0x00409360        0x8 c:/mingw/bin/../lib/gcc/mingw32/6.3.0/../../../libkernel32.a(dydpbs00510.o)
                0x00409360                GetLastError@0
 .text          0x00409368        0x8 c:/mingw/bin/../lib/gcc/mingw32/6.3.0/../../../libkernel32.a(dydpbs00388.o)
                0x00409368                GetCommandLineA@0
 .text          0x00409370        0x8 c:/mingw/bin/../lib/gcc/mingw32/6.3.0/../../../libkernel32.a(dydpbs00352.o)
                0x00409370                FreeLibrary@4
 .text          0x00409378        0x8 c:/mingw/bin/../lib/gcc/mingw32/6.3.0/../../../libkernel32.a(dydpbs00321.o)
                0x00409378                FindNextFileA@8
 .text          0x00409380        0x8 c:/mingw/bin/../lib/gcc/mingw32/6.3.0/../../../libkernel32.a(dydpbs00304.o)
                0x00409380                FindFirstFileA@8
 .text          0x00409388        0x8 c:/mingw/bin/../lib/gcc/mingw32/6.3.0/../../../libkernel32.a(dydpbs00300.o)
                0x00409388                FindClose@4
 .text          0x00409390        0x8 c:/mingw/bin/../lib/gcc/mingw32/6.3.0/../../../libkernel32.a(dydpbs00279.o)
                0x00409390                ExitProcess@4
 .text          0x00409398        0x8 c:/mingw/bin/../lib/gcc/mingw32/6.3.0/../../../libkernel32.a(dydpbs00236.o)
                0x00409398                EnterCriticalSection@4
 .text          0x004093a0        0x8 c:/mingw/bin/../lib/gcc/mingw32/6.3.0/../../../libkernel32.a(dydpbs00207.o)
                0x004093a0                DeleteCriticalSection@4
 .text          0x004093a8        0x8 c:/mingw/bin/../lib/gcc/mingw32/6.3.0/libgcc_s.a(d000120.o)
                0x004093a8                __umoddi3
 .text          0x004093b0        0x8 c:/mingw/bin/../lib/gcc/mingw32/6.3.0/libgcc_s.a(d000118.o)
                0x004093b0                __udivdi3
 .text          0x004093b8        0x8 c:/mingw/bin/../lib/gcc/mingw32/6.3.0/../../../libmoldname.a(dgaus00082.o)
                0x004093b8                stricoll
 .text          0x004093c0        0x8 c:/mingw/bin/../lib/gcc/mingw32/6.3.0/../../../libmoldname.a(dgaus00080.o)
                0x004093c0                strdup
 *(SORT(.text$*))
 .text$_Z11print_hellov
                0x004093c8        0x8 ../out/hello.o
                0x004093c8                print_hello()
 .text$_Z9factoriali
                0x004093d0       0x28 ../out/factorial.o
                0x004093d0                factorial(int)
 .text$main     0x004093f8       0x64 ../out/main.o
                0x004093f8                main
 .text$printf   0x0040945c       0x2c ../out/main.o
                0x0040945c                printf
 *(.text.*)
 *fill*         0x00409488        0x8 
 .text.startup  0x00409490       0x10 c:/mingw/bin/../lib/gcc/mingw32/6.3.0/crtend.o
 *(.gnu.linkonce.t.*)
 *(.glue_7t)
 *(.glue_7)
                0x004094a0                ___CTOR_LIST__ = .
                0x004094a0                __CTOR_LIST__ = .
                0x004094a0        0x4 LONG 0xffffffff
 *(.ctors)
 *(.ctor)
 *(SORT(.ctors.*))
 .ctors.65535   0x004094a4        0x4 c:/mingw/bin/../lib/gcc/mingw32/6.3.0/crtend.o
                0x004094a8        0x4 LONG 0x0
                0x004094ac                ___DTOR_LIST__ = .
                0x004094ac                __DTOR_LIST__ = .
                0x004094ac        0x4 LONG 0xffffffff
 *(.dtors)
 *(.dtor)
 *(SORT(.dtors.*))
                0x004094b0        0x4 LONG 0x0
 *(.fini)
 *(.gcc_exc)
                [!provide]                PROVIDE (etext, .)
                [!provide]                PROVIDE (_etext, .)
 *(.gcc_except_table)

.data           0x0040a000      0x200
                0x0040a000                __data_start__ = .
 *(.data)
 .data          0x0040a000        0x4 c:/mingw/bin/../lib/gcc/mingw32/6.3.0/crtbegin.o
 .data          0x0040a004        0x4 ../out/main.o
 .data          0x0040a008        0x4 c:/mingw/bin/../lib/gcc/mingw32/6.3.0/../../../libmingw32.a(CRTglob.o)
                0x0040a008                _CRT_glob
 .data          0x0040a00c        0x4 c:/mingw/bin/../lib/gcc/mingw32/6.3.0/../../../libmingw32.a(CRT_fp10.o)
                0x0040a00c                _CRT_fenv
 .data          0x0040a010        0x4 c:/mingw/bin/../lib/gcc/mingw32/6.3.0/../../../libmingw32.a(txtmode.o)
                0x0040a010                _fmode
 .data          0x0040a014        0x4 c:/mingw/bin/../lib/gcc/mingw32/6.3.0/../../../libmingw32.a(gccmain.o)
 .data          0x0040a018        0x4 c:/mingw/bin/../lib/gcc/mingw32/6.3.0/../../../libmingwex.a(fesetenv.o)
 .data          0x0040a01c       0x14 c:/mingw/bin/../lib/gcc/mingw32/6.3.0/../../../libmingwex.a(pformat.o)
 .data          0x0040a030        0x4 c:/mingw/bin/../lib/gcc/mingw32/6.3.0/../../../libmingwex.a(misc.o)
 *(.data2)
 *(SORT(.data$*))
 *(.jcr)
 .jcr           0x0040a034        0x0 c:/mingw/bin/../lib/gcc/mingw32/6.3.0/crtbegin.o
 .jcr           0x0040a034        0x4 c:/mingw/bin/../lib/gcc/mingw32/6.3.0/crtend.o
                0x0040a038                __data_end__ = .
 *(.data_cygwin_nocopy)

.rdata          0x0040b000      0x600
 *(.rdata)
 .rdata         0x0040b000       0x64 c:/mingw/bin/../lib/gcc/mingw32/6.3.0/crtbegin.o
 .rdata         0x0040b064       0x20 ../out/main.o
 .rdata         0x0040b084        0x4 c:/mingw/bin/../lib/gcc/mingw32/6.3.0/../../../libmingw32.a(tlssup.o)
                0x0040b084                __dyn_tls_init_callback
 .rdata         0x0040b088       0xac c:/mingw/bin/../lib/gcc/mingw32/6.3.0/../../../libmingw32.a(pseudo-reloc.o)
 .rdata         0x0040b134       0x14 c:/mingw/bin/../lib/gcc/mingw32/6.3.0/../../../libmingwex.a(glob.o)
 .rdata         0x0040b148        0x8 c:/mingw/bin/../lib/gcc/mingw32/6.3.0/../../../libmingwex.a(dirname.o)
 .rdata         0x0040b150      0x290 c:/mingw/bin/../lib/gcc/mingw32/6.3.0/../../../libmingwex.a(pformat.o)
 .rdata         0x0040b3e0       0x68 c:/mingw/bin/../lib/gcc/mingw32/6.3.0/../../../libmingwex.a(gdtoa.o)
 *fill*         0x0040b448       0x18 
 .rdata         0x0040b460      0x160 c:/mingw/bin/../lib/gcc/mingw32/6.3.0/../../../libmingwex.a(misc.o)
                0x0040b480                __tens_D2A
                0x0040b540                __tinytens_D2A
                0x0040b580                __bigtens_D2A
 *(SORT(.rdata$*))
                0x0040b5c0                __rt_psrelocs_start = .
 *(.rdata_runtime_pseudo_reloc)
                0x0040b5c0                __rt_psrelocs_end = .
                0x00000000                __rt_psrelocs_size = (__rt_psrelocs_end - __rt_psrelocs_start)
                0x0040b5c0                ___RUNTIME_PSEUDO_RELOC_LIST_END__ = .
                0x0040b5c0                __RUNTIME_PSEUDO_RELOC_LIST_END__ = .
                0x0040b5c0                ___RUNTIME_PSEUDO_RELOC_LIST__ = (. - __rt_psrelocs_size)
                0x0040b5c0                __RUNTIME_PSEUDO_RELOC_LIST__ = (. - __rt_psrelocs_size)

.eh_frame       0x0040c000     0x1800
 *(.eh_frame*)
 .eh_frame      0x0040c000       0xb8 c:/mingw/bin/../lib/gcc/mingw32/6.3.0/../../../crt2.o
 .eh_frame      0x0040c0b8       0x64 c:/mingw/bin/../lib/gcc/mingw32/6.3.0/crtbegin.o
                0x0040c0b8                __EH_FRAME_BEGIN__
 .eh_frame      0x0040c11c       0x38 ../out/factorial.o
 .eh_frame      0x0040c154       0x38 ../out/hello.o
 .eh_frame$printf
                0x0040c18c       0x3c ../out/main.o
 .eh_frame      0x0040c1c8       0x34 ../out/main.o
 .eh_frame      0x0040c1fc       0x58 c:/mingw/bin/../lib/gcc/mingw32/6.3.0/../../../libmingw32.a(setargv.o)
 .eh_frame      0x0040c254       0x38 c:/mingw/bin/../lib/gcc/mingw32/6.3.0/../../../libmingw32.a(cpu_features.o)
 .eh_frame      0x0040c28c       0x68 c:/mingw/bin/../lib/gcc/mingw32/6.3.0/../../../libmingw32.a(gccmain.o)
 .eh_frame      0x0040c2f4       0x88 c:/mingw/bin/../lib/gcc/mingw32/6.3.0/../../../libmingw32.a(tlssup.o)
 .eh_frame      0x0040c37c      0x108 c:/mingw/bin/../lib/gcc/mingw32/6.3.0/../../../libmingw32.a(tlsthrd.o)
 .eh_frame      0x0040c484       0xd8 c:/mingw/bin/../lib/gcc/mingw32/6.3.0/../../../libmingw32.a(pseudo-reloc.o)
 .eh_frame      0x0040c55c       0x34 c:/mingw/bin/../lib/gcc/mingw32/6.3.0/../../../libmingwex.a(fesetenv.o)
 .eh_frame      0x0040c590       0x30 c:/mingw/bin/../lib/gcc/mingw32/6.3.0/../../../libmingwex.a(vprintf.o)
 .eh_frame      0x0040c5c0      0x25c c:/mingw/bin/../lib/gcc/mingw32/6.3.0/../../../libmingwex.a(glob.o)
 .eh_frame      0x0040c81c       0x58 c:/mingw/bin/../lib/gcc/mingw32/6.3.0/../../../libmingwex.a(dirname.o)
 .eh_frame      0x0040c874      0x1c4 c:/mingw/bin/../lib/gcc/mingw32/6.3.0/../../../libmingwex.a(dirent.o)
 .eh_frame      0x0040ca38      0x4e0 c:/mingw/bin/../lib/gcc/mingw32/6.3.0/../../../libmingwex.a(pformat.o)
 .eh_frame      0x0040cf18      0x130 c:/mingw/bin/../lib/gcc/mingw32/6.3.0/../../../libmingwex.a(mbrtowc.o)
 .eh_frame      0x0040d048       0xf8 c:/mingw/bin/../lib/gcc/mingw32/6.3.0/../../../libmingwex.a(wcrtomb.o)
 .eh_frame      0x0040d140       0xa0 c:/mingw/bin/../lib/gcc/mingw32/6.3.0/../../../libmingwex.a(gdtoa.o)
 .eh_frame      0x0040d1e0       0x98 c:/mingw/bin/../lib/gcc/mingw32/6.3.0/../../../libmingwex.a(gmisc.o)
 .eh_frame      0x0040d278       0xc4 c:/mingw/bin/../lib/gcc/mingw32/6.3.0/../../../libmingwex.a(dmisc.o)
 .eh_frame      0x0040d33c      0x380 c:/mingw/bin/../lib/gcc/mingw32/6.3.0/../../../libmingwex.a(misc.o)
 .eh_frame      0x0040d6bc       0x3c c:/mingw/bin/../lib/gcc/mingw32/6.3.0/crtend.o

.pdata
 *(.pdata*)

.bss            0x0040e000      0xa24
                0x0040e000                __bss_start__ = .
 *(.bss)
 .bss           0x0040e000        0x8 c:/mingw/bin/../lib/gcc/mingw32/6.3.0/../../../crt2.o
                0x0040e000                _argv
                0x0040e004                _argc
 .bss           0x0040e008       0x18 c:/mingw/bin/../lib/gcc/mingw32/6.3.0/crtbegin.o
 .bss           0x0040e020        0x4 c:/mingw/bin/../lib/gcc/mingw32/6.3.0/../../../libmingw32.a(CRTfmode.o)
                0x0040e020                _CRT_fmode
 .bss           0x0040e024        0x4 c:/mingw/bin/../lib/gcc/mingw32/6.3.0/../../../libmingw32.a(cpu_features.o)
                0x0040e024                __cpu_features
 .bss           0x0040e028        0x4 c:/mingw/bin/../lib/gcc/mingw32/6.3.0/../../../libmingw32.a(gccmain.o)
 .bss           0x0040e02c       0x10 c:/mingw/bin/../lib/gcc/mingw32/6.3.0/../../../libmingw32.a(tlssup.o)
                0x0040e02c                mingw_initltssuo_force
                0x0040e030                mingw_initltsdyn_force
                0x0040e034                mingw_initltsdrot_force
                0x0040e038                _tls_index
 .bss           0x0040e03c       0x20 c:/mingw/bin/../lib/gcc/mingw32/6.3.0/../../../libmingw32.a(tlsthrd.o)
 .bss           0x0040e05c        0x4 c:/mingw/bin/../lib/gcc/mingw32/6.3.0/../../../libmingw32.a(pseudo-reloc.o)
 .bss           0x0040e060        0x4 c:/mingw/bin/../lib/gcc/mingw32/6.3.0/../../../libmingw32.a(crtst.o)
                0x0040e060                _CRT_MT
 .bss           0x0040e064        0x4 c:/mingw/bin/../lib/gcc/mingw32/6.3.0/../../../libmingwex.a(dirname.o)
 .bss           0x0040e068        0x4 c:/mingw/bin/../lib/gcc/mingw32/6.3.0/../../../libmingwex.a(varofmt.o)
                0x0040e068                __mingw_output_format_flags
 .bss           0x0040e06c        0xc c:/mingw/bin/../lib/gcc/mingw32/6.3.0/../../../libmingwex.a(mbrtowc.o)
 *fill*         0x0040e078        0x8 
 .bss           0x0040e080      0x9a0 c:/mingw/bin/../lib/gcc/mingw32/6.3.0/../../../libmingwex.a(misc.o)
 *(COMMON)
 COMMON         0x0040ea20        0x4 c:/mingw/bin/../lib/gcc/mingw32/6.3.0/crtbegin.o
                0x0040ea20                hmod_libgcc
                0x0040ea24                __bss_end__ = .

.edata
 *(.edata)

/DISCARD/
 *(.debug$S)
 *(.debug$T)
 *(.debug$F)
 *(.drectve)
 *(.note.GNU-stack)
 *(.gnu.lto_*)

.idata          0x0040f000      0x800
 SORT(*)(.idata$2)
 .idata$2       0x0040f000       0x14 c:/mingw/bin/../lib/gcc/mingw32/6.3.0/../../../libkernel32.a(dydpbh.o)
                0x0040f000                _head_libkernel32_a
 .idata$2       0x0040f014       0x14 c:/mingw/bin/../lib/gcc/mingw32/6.3.0/../../../libmoldname.a(dgauh.o)
                0x0040f014                _head_libmoldname_a
 .idata$2       0x0040f028       0x14 c:/mingw/bin/../lib/gcc/mingw32/6.3.0/../../../libmsvcrt.a(dkhmbh.o)
                0x0040f028                _head_libmsvcrt_a
 .idata$2       0x0040f03c       0x14 c:/mingw/bin/../lib/gcc/mingw32/6.3.0/libgcc_s.a(d000000.o)
                0x0040f03c                _head_libgcc_s_dw2_1_dll
 SORT(*)(.idata$3)
                0x0040f050        0x4 LONG 0x0
                0x0040f054        0x4 LONG 0x0
                0x0040f058        0x4 LONG 0x0
                0x0040f05c        0x4 LONG 0x0
                0x0040f060        0x4 LONG 0x0
 SORT(*)(.idata$4)
 .idata$4       0x0040f064        0x0 c:/mingw/bin/../lib/gcc/mingw32/6.3.0/../../../libkernel32.a(dydpbh.o)
 .idata$4       0x0040f064        0x4 c:/mingw/bin/../lib/gcc/mingw32/6.3.0/../../../libkernel32.a(dydpbs00207.o)
 .idata$4       0x0040f068        0x4 c:/mingw/bin/../lib/gcc/mingw32/6.3.0/../../../libkernel32.a(dydpbs00236.o)
 .idata$4       0x0040f06c        0x4 c:/mingw/bin/../lib/gcc/mingw32/6.3.0/../../../libkernel32.a(dydpbs00279.o)
 .idata$4       0x0040f070        0x4 c:/mingw/bin/../lib/gcc/mingw32/6.3.0/../../../libkernel32.a(dydpbs00300.o)
 .idata$4       0x0040f074        0x4 c:/mingw/bin/../lib/gcc/mingw32/6.3.0/../../../libkernel32.a(dydpbs00304.o)
 .idata$4       0x0040f078        0x4 c:/mingw/bin/../lib/gcc/mingw32/6.3.0/../../../libkernel32.a(dydpbs00321.o)
 .idata$4       0x0040f07c        0x4 c:/mingw/bin/../lib/gcc/mingw32/6.3.0/../../../libkernel32.a(dydpbs00352.o)
 .idata$4       0x0040f080        0x4 c:/mingw/bin/../lib/gcc/mingw32/6.3.0/../../../libkernel32.a(dydpbs00388.o)
 .idata$4       0x0040f084        0x4 c:/mingw/bin/../lib/gcc/mingw32/6.3.0/../../../libkernel32.a(dydpbs00510.o)
 .idata$4       0x0040f088        0x4 c:/mingw/bin/../lib/gcc/mingw32/6.3.0/../../../libkernel32.a(dydpbs00529.o)
 .idata$4       0x0040f08c        0x4 c:/mingw/bin/../lib/gcc/mingw32/6.3.0/../../../libkernel32.a(dydpbs00577.o)
 .idata$4       0x0040f090        0x4 c:/mingw/bin/../lib/gcc/mingw32/6.3.0/../../../libkernel32.a(dydpbs00734.o)
 .idata$4       0x0040f094        0x4 c:/mingw/bin/../lib/gcc/mingw32/6.3.0/../../../libkernel32.a(dydpbs00744.o)
 .idata$4       0x0040f098        0x4 c:/mingw/bin/../lib/gcc/mingw32/6.3.0/../../../libkernel32.a(dydpbs00763.o)
 .idata$4       0x0040f09c        0x4 c:/mingw/bin/../lib/gcc/mingw32/6.3.0/../../../libkernel32.a(dydpbs00814.o)
 .idata$4       0x0040f0a0        0x4 c:/mingw/bin/../lib/gcc/mingw32/6.3.0/../../../libkernel32.a(dydpbs00817.o)
 .idata$4       0x0040f0a4        0x4 c:/mingw/bin/../lib/gcc/mingw32/6.3.0/../../../libkernel32.a(dydpbs00860.o)
 .idata$4       0x0040f0a8        0x4 c:/mingw/bin/../lib/gcc/mingw32/6.3.0/../../../libkernel32.a(dydpbs01140.o)
 .idata$4       0x0040f0ac        0x4 c:/mingw/bin/../lib/gcc/mingw32/6.3.0/../../../libkernel32.a(dydpbs01152.o)
 .idata$4       0x0040f0b0        0x4 c:/mingw/bin/../lib/gcc/mingw32/6.3.0/../../../libkernel32.a(dydpbs01173.o)
 .idata$4       0x0040f0b4        0x4 c:/mingw/bin/../lib/gcc/mingw32/6.3.0/../../../libkernel32.a(dydpbs01213.o)
 .idata$4       0x0040f0b8        0x4 c:/mingw/bin/../lib/gcc/mingw32/6.3.0/../../../libkernel32.a(dydpbs01215.o)
 .idata$4       0x0040f0bc        0x4 c:/mingw/bin/../lib/gcc/mingw32/6.3.0/../../../libkernel32.a(dydpbs01247.o)
 .idata$4       0x0040f0c0        0x4 c:/mingw/bin/../lib/gcc/mingw32/6.3.0/../../../libkernel32.a(dydpbt.o)
 .idata$4       0x0040f0c4        0x0 c:/mingw/bin/../lib/gcc/mingw32/6.3.0/../../../libmoldname.a(dgauh.o)
 .idata$4       0x0040f0c4        0x4 c:/mingw/bin/../lib/gcc/mingw32/6.3.0/../../../libmoldname.a(dgaus00080.o)
 .idata$4       0x0040f0c8        0x4 c:/mingw/bin/../lib/gcc/mingw32/6.3.0/../../../libmoldname.a(dgaus00082.o)
 .idata$4       0x0040f0cc        0x4 c:/mingw/bin/../lib/gcc/mingw32/6.3.0/../../../libmoldname.a(dgaut.o)
 .idata$4       0x0040f0d0        0x0 c:/mingw/bin/../lib/gcc/mingw32/6.3.0/../../../libmsvcrt.a(dkhmbh.o)
 .idata$4       0x0040f0d0        0x4 c:/mingw/bin/../lib/gcc/mingw32/6.3.0/../../../libmsvcrt.a(dkhmbs00088.o)
 .idata$4       0x0040f0d4        0x4 c:/mingw/bin/../lib/gcc/mingw32/6.3.0/../../../libmsvcrt.a(dkhmbs00119.o)
 .idata$4       0x0040f0d8        0x4 c:/mingw/bin/../lib/gcc/mingw32/6.3.0/../../../libmsvcrt.a(dkhmbs00131.o)
 .idata$4       0x0040f0dc        0x4 c:/mingw/bin/../lib/gcc/mingw32/6.3.0/../../../libmsvcrt.a(dkhmbs00133.o)
 .idata$4       0x0040f0e0        0x4 c:/mingw/bin/../lib/gcc/mingw32/6.3.0/../../../libmsvcrt.a(dkhmbs00153.o)
 .idata$4       0x0040f0e4        0x4 c:/mingw/bin/../lib/gcc/mingw32/6.3.0/../../../libmsvcrt.a(dkhmbs00219.o)
 .idata$4       0x0040f0e8        0x4 c:/mingw/bin/../lib/gcc/mingw32/6.3.0/../../../libmsvcrt.a(dkhmbs00285.o)
 .idata$4       0x0040f0ec        0x4 c:/mingw/bin/../lib/gcc/mingw32/6.3.0/../../../libmsvcrt.a(dkhmbs00324.o)
 .idata$4       0x0040f0f0        0x4 c:/mingw/bin/../lib/gcc/mingw32/6.3.0/../../../libmsvcrt.a(dkhmbs00350.o)
 .idata$4       0x0040f0f4        0x4 c:/mingw/bin/../lib/gcc/mingw32/6.3.0/../../../libmsvcrt.a(dkhmbs00417.o)
 .idata$4       0x0040f0f8        0x4 c:/mingw/bin/../lib/gcc/mingw32/6.3.0/../../../libmsvcrt.a(dkhmbs00422.o)
 .idata$4       0x0040f0fc        0x4 c:/mingw/bin/../lib/gcc/mingw32/6.3.0/../../../libmsvcrt.a(dkhmbs00689.o)
 .idata$4       0x0040f100        0x4 c:/mingw/bin/../lib/gcc/mingw32/6.3.0/../../../libmsvcrt.a(dkhmbs00698.o)
 .idata$4       0x0040f104        0x4 c:/mingw/bin/../lib/gcc/mingw32/6.3.0/../../../libmsvcrt.a(dkhmbs00753.o)
 .idata$4       0x0040f108        0x4 c:/mingw/bin/../lib/gcc/mingw32/6.3.0/../../../libmsvcrt.a(dkhmbs01083.o)
 .idata$4       0x0040f10c        0x4 c:/mingw/bin/../lib/gcc/mingw32/6.3.0/../../../libmsvcrt.a(dkhmbs01091.o)
 .idata$4       0x0040f110        0x4 c:/mingw/bin/../lib/gcc/mingw32/6.3.0/../../../libmsvcrt.a(dkhmbs01093.o)
 .idata$4       0x0040f114        0x4 c:/mingw/bin/../lib/gcc/mingw32/6.3.0/../../../libmsvcrt.a(dkhmbs01098.o)
 .idata$4       0x0040f118        0x4 c:/mingw/bin/../lib/gcc/mingw32/6.3.0/../../../libmsvcrt.a(dkhmbs01126.o)
 .idata$4       0x0040f11c        0x4 c:/mingw/bin/../lib/gcc/mingw32/6.3.0/../../../libmsvcrt.a(dkhmbs01131.o)
 .idata$4       0x0040f120        0x4 c:/mingw/bin/../lib/gcc/mingw32/6.3.0/../../../libmsvcrt.a(dkhmbs01142.o)
 .idata$4       0x0040f124        0x4 c:/mingw/bin/../lib/gcc/mingw32/6.3.0/../../../libmsvcrt.a(dkhmbs01147.o)
 .idata$4       0x0040f128        0x4 c:/mingw/bin/../lib/gcc/mingw32/6.3.0/../../../libmsvcrt.a(dkhmbs01182.o)
 .idata$4       0x0040f12c        0x4 c:/mingw/bin/../lib/gcc/mingw32/6.3.0/../../../libmsvcrt.a(dkhmbs01187.o)
 .idata$4       0x0040f130        0x4 c:/mingw/bin/../lib/gcc/mingw32/6.3.0/../../../libmsvcrt.a(dkhmbs01194.o)
 .idata$4       0x0040f134        0x4 c:/mingw/bin/../lib/gcc/mingw32/6.3.0/../../../libmsvcrt.a(dkhmbs01199.o)
 .idata$4       0x0040f138        0x4 c:/mingw/bin/../lib/gcc/mingw32/6.3.0/../../../libmsvcrt.a(dkhmbs01212.o)
 .idata$4       0x0040f13c        0x4 c:/mingw/bin/../lib/gcc/mingw32/6.3.0/../../../libmsvcrt.a(dkhmbs01220.o)
 .idata$4       0x0040f140        0x4 c:/mingw/bin/../lib/gcc/mingw32/6.3.0/../../../libmsvcrt.a(dkhmbs01227.o)
 .idata$4       0x0040f144        0x4 c:/mingw/bin/../lib/gcc/mingw32/6.3.0/../../../libmsvcrt.a(dkhmbs01229.o)
 .idata$4       0x0040f148        0x4 c:/mingw/bin/../lib/gcc/mingw32/6.3.0/../../../libmsvcrt.a(dkhmbs01240.o)
 .idata$4       0x0040f14c        0x4 c:/mingw/bin/../lib/gcc/mingw32/6.3.0/../../../libmsvcrt.a(dkhmbs01242.o)
 .idata$4       0x0040f150        0x4 c:/mingw/bin/../lib/gcc/mingw32/6.3.0/../../../libmsvcrt.a(dkhmbs01249.o)
 .idata$4       0x0040f154        0x4 c:/mingw/bin/../lib/gcc/mingw32/6.3.0/../../../libmsvcrt.a(dkhmbs01277.o)
 .idata$4       0x0040f158        0x4 c:/mingw/bin/../lib/gcc/mingw32/6.3.0/../../../libmsvcrt.a(dkhmbs01284.o)
 .idata$4       0x0040f15c        0x4 c:/mingw/bin/../lib/gcc/mingw32/6.3.0/../../../libmsvcrt.a(dkhmbs01308.o)
 .idata$4       0x0040f160        0x4 c:/mingw/bin/../lib/gcc/mingw32/6.3.0/../../../libmsvcrt.a(dkhmbs01325.o)
 .idata$4       0x0040f164        0x4 c:/mingw/bin/../lib/gcc/mingw32/6.3.0/../../../libmsvcrt.a(dkhmbt.o)
 .idata$4       0x0040f168        0x0 c:/mingw/bin/../lib/gcc/mingw32/6.3.0/libgcc_s.a(d000000.o)
 .idata$4       0x0040f168        0x4 c:/mingw/bin/../lib/gcc/mingw32/6.3.0/libgcc_s.a(d000037.o)
 .idata$4       0x0040f16c        0x4 c:/mingw/bin/../lib/gcc/mingw32/6.3.0/libgcc_s.a(d000106.o)
 .idata$4       0x0040f170        0x4 c:/mingw/bin/../lib/gcc/mingw32/6.3.0/libgcc_s.a(d000118.o)
 .idata$4       0x0040f174        0x4 c:/mingw/bin/../lib/gcc/mingw32/6.3.0/libgcc_s.a(d000120.o)
 .idata$4       0x0040f178        0x4 c:/mingw/bin/../lib/gcc/mingw32/6.3.0/libgcc_s.a(d000122.o)
                0x0040f17c                __IAT_start__ = .
 SORT(*)(.idata$5)
 .idata$5       0x0040f17c        0x0 c:/mingw/bin/../lib/gcc/mingw32/6.3.0/../../../libkernel32.a(dydpbh.o)
 .idata$5       0x0040f17c        0x4 c:/mingw/bin/../lib/gcc/mingw32/6.3.0/../../../libkernel32.a(dydpbs00207.o)
                0x0040f17c                _imp__DeleteCriticalSection@4
 .idata$5       0x0040f180        0x4 c:/mingw/bin/../lib/gcc/mingw32/6.3.0/../../../libkernel32.a(dydpbs00236.o)
                0x0040f180                _imp__EnterCriticalSection@4
 .idata$5       0x0040f184        0x4 c:/mingw/bin/../lib/gcc/mingw32/6.3.0/../../../libkernel32.a(dydpbs00279.o)
                0x0040f184                _imp__ExitProcess@4
 .idata$5       0x0040f188        0x4 c:/mingw/bin/../lib/gcc/mingw32/6.3.0/../../../libkernel32.a(dydpbs00300.o)
                0x0040f188                _imp__FindClose@4
 .idata$5       0x0040f18c        0x4 c:/mingw/bin/../lib/gcc/mingw32/6.3.0/../../../libkernel32.a(dydpbs00304.o)
                0x0040f18c                _imp__FindFirstFileA@8
 .idata$5       0x0040f190        0x4 c:/mingw/bin/../lib/gcc/mingw32/6.3.0/../../../libkernel32.a(dydpbs00321.o)
                0x0040f190                _imp__FindNextFileA@8
 .idata$5       0x0040f194        0x4 c:/mingw/bin/../lib/gcc/mingw32/6.3.0/../../../libkernel32.a(dydpbs00352.o)
                0x0040f194                _imp__FreeLibrary@4
 .idata$5       0x0040f198        0x4 c:/mingw/bin/../lib/gcc/mingw32/6.3.0/../../../libkernel32.a(dydpbs00388.o)
                0x0040f198                _imp__GetCommandLineA@0
 .idata$5       0x0040f19c        0x4 c:/mingw/bin/../lib/gcc/mingw32/6.3.0/../../../libkernel32.a(dydpbs00510.o)
                0x0040f19c                _imp__GetLastError@0
 .idata$5       0x0040f1a0        0x4 c:/mingw/bin/../lib/gcc/mingw32/6.3.0/../../../libkernel32.a(dydpbs00529.o)
                0x0040f1a0                _imp__GetModuleHandleA@4
 .idata$5       0x0040f1a4        0x4 c:/mingw/bin/../lib/gcc/mingw32/6.3.0/../../../libkernel32.a(dydpbs00577.o)
                0x0040f1a4                _imp__GetProcAddress@8
 .idata$5       0x0040f1a8        0x4 c:/mingw/bin/../lib/gcc/mingw32/6.3.0/../../../libkernel32.a(dydpbs00734.o)
                0x0040f1a8                _imp__InitializeCriticalSection@4
 .idata$5       0x0040f1ac        0x4 c:/mingw/bin/../lib/gcc/mingw32/6.3.0/../../../libkernel32.a(dydpbs00744.o)
                0x0040f1ac                _imp__InterlockedExchange@8
 .idata$5       0x0040f1b0        0x4 c:/mingw/bin/../lib/gcc/mingw32/6.3.0/../../../libkernel32.a(dydpbs00763.o)
                0x0040f1b0                _imp__IsDBCSLeadByteEx@8
 .idata$5       0x0040f1b4        0x4 c:/mingw/bin/../lib/gcc/mingw32/6.3.0/../../../libkernel32.a(dydpbs00814.o)
                0x0040f1b4                _imp__LeaveCriticalSection@4
 .idata$5       0x0040f1b8        0x4 c:/mingw/bin/../lib/gcc/mingw32/6.3.0/../../../libkernel32.a(dydpbs00817.o)
                0x0040f1b8                _imp__LoadLibraryA@4
 .idata$5       0x0040f1bc        0x4 c:/mingw/bin/../lib/gcc/mingw32/6.3.0/../../../libkernel32.a(dydpbs00860.o)
                0x0040f1bc                _imp__MultiByteToWideChar@24
 .idata$5       0x0040f1c0        0x4 c:/mingw/bin/../lib/gcc/mingw32/6.3.0/../../../libkernel32.a(dydpbs01140.o)
                0x0040f1c0                _imp__SetUnhandledExceptionFilter@4
 .idata$5       0x0040f1c4        0x4 c:/mingw/bin/../lib/gcc/mingw32/6.3.0/../../../libkernel32.a(dydpbs01152.o)
                0x0040f1c4                _imp__Sleep@4
 .idata$5       0x0040f1c8        0x4 c:/mingw/bin/../lib/gcc/mingw32/6.3.0/../../../libkernel32.a(dydpbs01173.o)
                0x0040f1c8                _imp__TlsGetValue@4
 .idata$5       0x0040f1cc        0x4 c:/mingw/bin/../lib/gcc/mingw32/6.3.0/../../../libkernel32.a(dydpbs01213.o)
                0x0040f1cc                _imp__VirtualProtect@16
 .idata$5       0x0040f1d0        0x4 c:/mingw/bin/../lib/gcc/mingw32/6.3.0/../../../libkernel32.a(dydpbs01215.o)
                0x0040f1d0                _imp__VirtualQuery@12
 .idata$5       0x0040f1d4        0x4 c:/mingw/bin/../lib/gcc/mingw32/6.3.0/../../../libkernel32.a(dydpbs01247.o)
                0x0040f1d4                _imp__WideCharToMultiByte@32
 .idata$5       0x0040f1d8        0x4 c:/mingw/bin/../lib/gcc/mingw32/6.3.0/../../../libkernel32.a(dydpbt.o)
 .idata$5       0x0040f1dc        0x0 c:/mingw/bin/../lib/gcc/mingw32/6.3.0/../../../libmoldname.a(dgauh.o)
 .idata$5       0x0040f1dc        0x4 c:/mingw/bin/../lib/gcc/mingw32/6.3.0/../../../libmoldname.a(dgaus00080.o)
                0x0040f1dc                _imp__strdup
 .idata$5       0x0040f1e0        0x4 c:/mingw/bin/../lib/gcc/mingw32/6.3.0/../../../libmoldname.a(dgaus00082.o)
                0x0040f1e0                _imp__stricoll
 .idata$5       0x0040f1e4        0x4 c:/mingw/bin/../lib/gcc/mingw32/6.3.0/../../../libmoldname.a(dgaut.o)
 .idata$5       0x0040f1e8        0x0 c:/mingw/bin/../lib/gcc/mingw32/6.3.0/../../../libmsvcrt.a(dkhmbh.o)
 .idata$5       0x0040f1e8        0x4 c:/mingw/bin/../lib/gcc/mingw32/6.3.0/../../../libmsvcrt.a(dkhmbs00088.o)
                0x0040f1e8                _imp____getmainargs
 .idata$5       0x0040f1ec        0x4 c:/mingw/bin/../lib/gcc/mingw32/6.3.0/../../../libmsvcrt.a(dkhmbs00119.o)
                0x0040f1ec                _imp____mb_cur_max
 .idata$5       0x0040f1f0        0x4 c:/mingw/bin/../lib/gcc/mingw32/6.3.0/../../../libmsvcrt.a(dkhmbs00131.o)
                0x0040f1f0                _imp____p__environ
 .idata$5       0x0040f1f4        0x4 c:/mingw/bin/../lib/gcc/mingw32/6.3.0/../../../libmsvcrt.a(dkhmbs00133.o)
                0x0040f1f4                _imp____p__fmode
 .idata$5       0x0040f1f8        0x4 c:/mingw/bin/../lib/gcc/mingw32/6.3.0/../../../libmsvcrt.a(dkhmbs00153.o)
                0x0040f1f8                _imp____set_app_type
 .idata$5       0x0040f1fc        0x4 c:/mingw/bin/../lib/gcc/mingw32/6.3.0/../../../libmsvcrt.a(dkhmbs00219.o)
                0x0040f1fc                _imp___cexit
 .idata$5       0x0040f200        0x4 c:/mingw/bin/../lib/gcc/mingw32/6.3.0/../../../libmsvcrt.a(dkhmbs00285.o)
                0x0040f200                _imp___errno
 .idata$5       0x0040f204        0x4 c:/mingw/bin/../lib/gcc/mingw32/6.3.0/../../../libmsvcrt.a(dkhmbs00324.o)
                0x0040f204                _imp___fpreset
 .idata$5       0x0040f208        0x4 c:/mingw/bin/../lib/gcc/mingw32/6.3.0/../../../libmsvcrt.a(dkhmbs00350.o)
                0x0040f208                _imp___fullpath
 .idata$5       0x0040f20c        0x4 c:/mingw/bin/../lib/gcc/mingw32/6.3.0/../../../libmsvcrt.a(dkhmbs00417.o)
                0x0040f20c                _imp___iob
 .idata$5       0x0040f210        0x4 c:/mingw/bin/../lib/gcc/mingw32/6.3.0/../../../libmsvcrt.a(dkhmbs00422.o)
                0x0040f210                _imp___isctype
 .idata$5       0x0040f214        0x4 c:/mingw/bin/../lib/gcc/mingw32/6.3.0/../../../libmsvcrt.a(dkhmbs00689.o)
                0x0040f214                _imp___onexit
 .idata$5       0x0040f218        0x4 c:/mingw/bin/../lib/gcc/mingw32/6.3.0/../../../libmsvcrt.a(dkhmbs00698.o)
                0x0040f218                _imp___pctype
 .idata$5       0x0040f21c        0x4 c:/mingw/bin/../lib/gcc/mingw32/6.3.0/../../../libmsvcrt.a(dkhmbs00753.o)
                0x0040f21c                _imp___setmode
 .idata$5       0x0040f220        0x4 c:/mingw/bin/../lib/gcc/mingw32/6.3.0/../../../libmsvcrt.a(dkhmbs01083.o)
                0x0040f220                _imp__abort
 .idata$5       0x0040f224        0x4 c:/mingw/bin/../lib/gcc/mingw32/6.3.0/../../../libmsvcrt.a(dkhmbs01091.o)
                0x0040f224                _imp__atexit
 .idata$5       0x0040f228        0x4 c:/mingw/bin/../lib/gcc/mingw32/6.3.0/../../../libmsvcrt.a(dkhmbs01093.o)
                0x0040f228                _imp__atoi
 .idata$5       0x0040f22c        0x4 c:/mingw/bin/../lib/gcc/mingw32/6.3.0/../../../libmsvcrt.a(dkhmbs01098.o)
                0x0040f22c                _imp__calloc
 .idata$5       0x0040f230        0x4 c:/mingw/bin/../lib/gcc/mingw32/6.3.0/../../../libmsvcrt.a(dkhmbs01126.o)
                0x0040f230                _imp__fputc
 .idata$5       0x0040f234        0x4 c:/mingw/bin/../lib/gcc/mingw32/6.3.0/../../../libmsvcrt.a(dkhmbs01131.o)
                0x0040f234                _imp__free
 .idata$5       0x0040f238        0x4 c:/mingw/bin/../lib/gcc/mingw32/6.3.0/../../../libmsvcrt.a(dkhmbs01142.o)
                0x0040f238                _imp__fwrite
 .idata$5       0x0040f23c        0x4 c:/mingw/bin/../lib/gcc/mingw32/6.3.0/../../../libmsvcrt.a(dkhmbs01147.o)
                0x0040f23c                _imp__getenv
 .idata$5       0x0040f240        0x4 c:/mingw/bin/../lib/gcc/mingw32/6.3.0/../../../libmsvcrt.a(dkhmbs01182.o)
                0x0040f240                _imp__localeconv
 .idata$5       0x0040f244        0x4 c:/mingw/bin/../lib/gcc/mingw32/6.3.0/../../../libmsvcrt.a(dkhmbs01187.o)
                0x0040f244                _imp__malloc
 .idata$5       0x0040f248        0x4 c:/mingw/bin/../lib/gcc/mingw32/6.3.0/../../../libmsvcrt.a(dkhmbs01194.o)
                0x0040f248                _imp__mbstowcs
 .idata$5       0x0040f24c        0x4 c:/mingw/bin/../lib/gcc/mingw32/6.3.0/../../../libmsvcrt.a(dkhmbs01199.o)
                0x0040f24c                _imp__memcpy
 .idata$5       0x0040f250        0x4 c:/mingw/bin/../lib/gcc/mingw32/6.3.0/../../../libmsvcrt.a(dkhmbs01212.o)
                0x0040f250                _imp__puts
 .idata$5       0x0040f254        0x4 c:/mingw/bin/../lib/gcc/mingw32/6.3.0/../../../libmsvcrt.a(dkhmbs01220.o)
                0x0040f254                _imp__realloc
 .idata$5       0x0040f258        0x4 c:/mingw/bin/../lib/gcc/mingw32/6.3.0/../../../libmsvcrt.a(dkhmbs01227.o)
                0x0040f258                _imp__setlocale
 .idata$5       0x0040f25c        0x4 c:/mingw/bin/../lib/gcc/mingw32/6.3.0/../../../libmsvcrt.a(dkhmbs01229.o)
                0x0040f25c                _imp__signal
 .idata$5       0x0040f260        0x4 c:/mingw/bin/../lib/gcc/mingw32/6.3.0/../../../libmsvcrt.a(dkhmbs01240.o)
                0x0040f260                _imp__strchr
 .idata$5       0x0040f264        0x4 c:/mingw/bin/../lib/gcc/mingw32/6.3.0/../../../libmsvcrt.a(dkhmbs01242.o)
                0x0040f264                _imp__strcoll
 .idata$5       0x0040f268        0x4 c:/mingw/bin/../lib/gcc/mingw32/6.3.0/../../../libmsvcrt.a(dkhmbs01249.o)
                0x0040f268                _imp__strlen
 .idata$5       0x0040f26c        0x4 c:/mingw/bin/../lib/gcc/mingw32/6.3.0/../../../libmsvcrt.a(dkhmbs01277.o)
                0x0040f26c                _imp__tolower
 .idata$5       0x0040f270        0x4 c:/mingw/bin/../lib/gcc/mingw32/6.3.0/../../../libmsvcrt.a(dkhmbs01284.o)
                0x0040f270                _imp__vfprintf
 .idata$5       0x0040f274        0x4 c:/mingw/bin/../lib/gcc/mingw32/6.3.0/../../../libmsvcrt.a(dkhmbs01308.o)
                0x0040f274                _imp__wcslen
 .idata$5       0x0040f278        0x4 c:/mingw/bin/../lib/gcc/mingw32/6.3.0/../../../libmsvcrt.a(dkhmbs01325.o)
                0x0040f278                _imp__wcstombs
 .idata$5       0x0040f27c        0x4 c:/mingw/bin/../lib/gcc/mingw32/6.3.0/../../../libmsvcrt.a(dkhmbt.o)
 .idata$5       0x0040f280        0x0 c:/mingw/bin/../lib/gcc/mingw32/6.3.0/libgcc_s.a(d000000.o)
 .idata$5       0x0040f280        0x4 c:/mingw/bin/../lib/gcc/mingw32/6.3.0/libgcc_s.a(d000037.o)
                0x0040f280                _imp____deregister_frame_info
 .idata$5       0x0040f284        0x4 c:/mingw/bin/../lib/gcc/mingw32/6.3.0/libgcc_s.a(d000106.o)
                0x0040f284                _imp____register_frame_info
 .idata$5       0x0040f288        0x4 c:/mingw/bin/../lib/gcc/mingw32/6.3.0/libgcc_s.a(d000118.o)
                0x0040f288                _imp____udivdi3
 .idata$5       0x0040f28c        0x4 c:/mingw/bin/../lib/gcc/mingw32/6.3.0/libgcc_s.a(d000120.o)
                0x0040f28c                _imp____umoddi3
 .idata$5       0x0040f290        0x4 c:/mingw/bin/../lib/gcc/mingw32/6.3.0/libgcc_s.a(d000122.o)
                0x0040f294                __IAT_end__ = .
 SORT(*)(.idata$6)
 .idata$6       0x0040f294       0x18 c:/mingw/bin/../lib/gcc/mingw32/6.3.0/../../../libkernel32.a(dydpbs00207.o)
 .idata$6       0x0040f2ac       0x18 c:/mingw/bin/../lib/gcc/mingw32/6.3.0/../../../libkernel32.a(dydpbs00236.o)
 .idata$6       0x0040f2c4        0xe c:/mingw/bin/../lib/gcc/mingw32/6.3.0/../../../libkernel32.a(dydpbs00279.o)
 .idata$6       0x0040f2d2        0xc c:/mingw/bin/../lib/gcc/mingw32/6.3.0/../../../libkernel32.a(dydpbs00300.o)
 .idata$6       0x0040f2de       0x12 c:/mingw/bin/../lib/gcc/mingw32/6.3.0/../../../libkernel32.a(dydpbs00304.o)
 .idata$6       0x0040f2f0       0x10 c:/mingw/bin/../lib/gcc/mingw32/6.3.0/../../../libkernel32.a(dydpbs00321.o)
 .idata$6       0x0040f300        0xe c:/mingw/bin/../lib/gcc/mingw32/6.3.0/../../../libkernel32.a(dydpbs00352.o)
 .idata$6       0x0040f30e       0x12 c:/mingw/bin/../lib/gcc/mingw32/6.3.0/../../../libkernel32.a(dydpbs00388.o)
 .idata$6       0x0040f320       0x10 c:/mingw/bin/../lib/gcc/mingw32/6.3.0/../../../libkernel32.a(dydpbs00510.o)
 .idata$6       0x0040f330       0x14 c:/mingw/bin/../lib/gcc/mingw32/6.3.0/../../../libkernel32.a(dydpbs00529.o)
 .idata$6       0x0040f344       0x12 c:/mingw/bin/../lib/gcc/mingw32/6.3.0/../../../libkernel32.a(dydpbs00577.o)
 .idata$6       0x0040f356       0x1c c:/mingw/bin/../lib/gcc/mingw32/6.3.0/../../../libkernel32.a(dydpbs00734.o)
 .idata$6       0x0040f372       0x16 c:/mingw/bin/../lib/gcc/mingw32/6.3.0/../../../libkernel32.a(dydpbs00744.o)
 .idata$6       0x0040f388       0x14 c:/mingw/bin/../lib/gcc/mingw32/6.3.0/../../../libkernel32.a(dydpbs00763.o)
 .idata$6       0x0040f39c       0x18 c:/mingw/bin/../lib/gcc/mingw32/6.3.0/../../../libkernel32.a(dydpbs00814.o)
 .idata$6       0x0040f3b4       0x10 c:/mingw/bin/../lib/gcc/mingw32/6.3.0/../../../libkernel32.a(dydpbs00817.o)
 .idata$6       0x0040f3c4       0x16 c:/mingw/bin/../lib/gcc/mingw32/6.3.0/../../../libkernel32.a(dydpbs00860.o)
 .idata$6       0x0040f3da       0x1e c:/mingw/bin/../lib/gcc/mingw32/6.3.0/../../../libkernel32.a(dydpbs01140.o)
 .idata$6       0x0040f3f8        0x8 c:/mingw/bin/../lib/gcc/mingw32/6.3.0/../../../libkernel32.a(dydpbs01152.o)
 .idata$6       0x0040f400        0xe c:/mingw/bin/../lib/gcc/mingw32/6.3.0/../../../libkernel32.a(dydpbs01173.o)
 .idata$6       0x0040f40e       0x12 c:/mingw/bin/../lib/gcc/mingw32/6.3.0/../../../libkernel32.a(dydpbs01213.o)
 .idata$6       0x0040f420       0x10 c:/mingw/bin/../lib/gcc/mingw32/6.3.0/../../../libkernel32.a(dydpbs01215.o)
 .idata$6       0x0040f430       0x16 c:/mingw/bin/../lib/gcc/mingw32/6.3.0/../../../libkernel32.a(dydpbs01247.o)
 .idata$6       0x0040f446        0xa c:/mingw/bin/../lib/gcc/mingw32/6.3.0/../../../libmoldname.a(dgaus00080.o)
 .idata$6       0x0040f450        0xc c:/mingw/bin/../lib/gcc/mingw32/6.3.0/../../../libmoldname.a(dgaus00082.o)
 .idata$6       0x0040f45c       0x10 c:/mingw/bin/../lib/gcc/mingw32/6.3.0/../../../libmsvcrt.a(dkhmbs00088.o)
 .idata$6       0x0040f46c       0x10 c:/mingw/bin/../lib/gcc/mingw32/6.3.0/../../../libmsvcrt.a(dkhmbs00119.o)
 .idata$6       0x0040f47c       0x10 c:/mingw/bin/../lib/gcc/mingw32/6.3.0/../../../libmsvcrt.a(dkhmbs00131.o)
 .idata$6       0x0040f48c        0xe c:/mingw/bin/../lib/gcc/mingw32/6.3.0/../../../libmsvcrt.a(dkhmbs00133.o)
 .idata$6       0x0040f49a       0x12 c:/mingw/bin/../lib/gcc/mingw32/6.3.0/../../../libmsvcrt.a(dkhmbs00153.o)
 .idata$6       0x0040f4ac        0xa c:/mingw/bin/../lib/gcc/mingw32/6.3.0/../../../libmsvcrt.a(dkhmbs00219.o)
 .idata$6       0x0040f4b6        0xa c:/mingw/bin/../lib/gcc/mingw32/6.3.0/../../../libmsvcrt.a(dkhmbs00285.o)
 .idata$6       0x0040f4c0        0xc c:/mingw/bin/../lib/gcc/mingw32/6.3.0/../../../libmsvcrt.a(dkhmbs00324.o)
 .idata$6       0x0040f4cc        0xc c:/mingw/bin/../lib/gcc/mingw32/6.3.0/../../../libmsvcrt.a(dkhmbs00350.o)
 .idata$6       0x0040f4d8        0x8 c:/mingw/bin/../lib/gcc/mingw32/6.3.0/../../../libmsvcrt.a(dkhmbs00417.o)
 .idata$6       0x0040f4e0        0xc c:/mingw/bin/../lib/gcc/mingw32/6.3.0/../../../libmsvcrt.a(dkhmbs00422.o)
 .idata$6       0x0040f4ec        0xa c:/mingw/bin/../lib/gcc/mingw32/6.3.0/../../../libmsvcrt.a(dkhmbs00689.o)
 .idata$6       0x0040f4f6        0xa c:/mingw/bin/../lib/gcc/mingw32/6.3.0/../../../libmsvcrt.a(dkhmbs00698.o)
 .idata$6       0x0040f500        0xc c:/mingw/bin/../lib/gcc/mingw32/6.3.0/../../../libmsvcrt.a(dkhmbs00753.o)
 .idata$6       0x0040f50c        0x8 c:/mingw/bin/../lib/gcc/mingw32/6.3.0/../../../libmsvcrt.a(dkhmbs01083.o)
 .idata$6       0x0040f514        0xa c:/mingw/bin/../lib/gcc/mingw32/6.3.0/../../../libmsvcrt.a(dkhmbs01091.o)
 .idata$6       0x0040f51e        0x8 c:/mingw/bin/../lib/gcc/mingw32/6.3.0/../../../libmsvcrt.a(dkhmbs01093.o)
 .idata$6       0x0040f526        0xa c:/mingw/bin/../lib/gcc/mingw32/6.3.0/../../../libmsvcrt.a(dkhmbs01098.o)
 .idata$6       0x0040f530        0x8 c:/mingw/bin/../lib/gcc/mingw32/6.3.0/../../../libmsvcrt.a(dkhmbs01126.o)
 .idata$6       0x0040f538        0x8 c:/mingw/bin/../lib/gcc/mingw32/6.3.0/../../../libmsvcrt.a(dkhmbs01131.o)
 .idata$6       0x0040f540        0xa c:/mingw/bin/../lib/gcc/mingw32/6.3.0/../../../libmsvcrt.a(dkhmbs01142.o)
 .idata$6       0x0040f54a        0xa c:/mingw/bin/../lib/gcc/mingw32/6.3.0/../../../libmsvcrt.a(dkhmbs01147.o)
 .idata$6       0x0040f554        0xe c:/mingw/bin/../lib/gcc/mingw32/6.3.0/../../../libmsvcrt.a(dkhmbs01182.o)
 .idata$6       0x0040f562        0xa c:/mingw/bin/../lib/gcc/mingw32/6.3.0/../../../libmsvcrt.a(dkhmbs01187.o)
 .idata$6       0x0040f56c        0xc c:/mingw/bin/../lib/gcc/mingw32/6.3.0/../../../libmsvcrt.a(dkhmbs01194.o)
 .idata$6       0x0040f578        0xa c:/mingw/bin/../lib/gcc/mingw32/6.3.0/../../../libmsvcrt.a(dkhmbs01199.o)
 .idata$6       0x0040f582        0x8 c:/mingw/bin/../lib/gcc/mingw32/6.3.0/../../../libmsvcrt.a(dkhmbs01212.o)
 .idata$6       0x0040f58a        0xa c:/mingw/bin/../lib/gcc/mingw32/6.3.0/../../../libmsvcrt.a(dkhmbs01220.o)
 .idata$6       0x0040f594        0xc c:/mingw/bin/../lib/gcc/mingw32/6.3.0/../../../libmsvcrt.a(dkhmbs01227.o)
 .idata$6       0x0040f5a0        0xa c:/mingw/bin/../lib/gcc/mingw32/6.3.0/../../../libmsvcrt.a(dkhmbs01229.o)
 .idata$6       0x0040f5aa        0xa c:/mingw/bin/../lib/gcc/mingw32/6.3.0/../../../libmsvcrt.a(dkhmbs01240.o)
 .idata$6       0x0040f5b4        0xa c:/mingw/bin/../lib/gcc/mingw32/6.3.0/../../../libmsvcrt.a(dkhmbs01242.o)
 .idata$6       0x0040f5be        0xa c:/mingw/bin/../lib/gcc/mingw32/6.3.0/../../../libmsvcrt.a(dkhmbs01249.o)
 .idata$6       0x0040f5c8        0xa c:/mingw/bin/../lib/gcc/mingw32/6.3.0/../../../libmsvcrt.a(dkhmbs01277.o)
 .idata$6       0x0040f5d2        0xc c:/mingw/bin/../lib/gcc/mingw32/6.3.0/../../../libmsvcrt.a(dkhmbs01284.o)
 .idata$6       0x0040f5de        0xa c:/mingw/bin/../lib/gcc/mingw32/6.3.0/../../../libmsvcrt.a(dkhmbs01308.o)
 .idata$6       0x0040f5e8        0xc c:/mingw/bin/../lib/gcc/mingw32/6.3.0/../../../libmsvcrt.a(dkhmbs01325.o)
 .idata$6       0x0040f5f4       0x1c c:/mingw/bin/../lib/gcc/mingw32/6.3.0/libgcc_s.a(d000037.o)
 .idata$6       0x0040f610       0x18 c:/mingw/bin/../lib/gcc/mingw32/6.3.0/libgcc_s.a(d000106.o)
 .idata$6       0x0040f628        0xc c:/mingw/bin/../lib/gcc/mingw32/6.3.0/libgcc_s.a(d000118.o)
 .idata$6       0x0040f634        0xc c:/mingw/bin/../lib/gcc/mingw32/6.3.0/libgcc_s.a(d000120.o)
 SORT(*)(.idata$7)
 .idata$7       0x0040f640        0x4 c:/mingw/bin/../lib/gcc/mingw32/6.3.0/../../../libkernel32.a(dydpbs00207.o)
 .idata$7       0x0040f644        0x4 c:/mingw/bin/../lib/gcc/mingw32/6.3.0/../../../libkernel32.a(dydpbs00236.o)
 .idata$7       0x0040f648        0x4 c:/mingw/bin/../lib/gcc/mingw32/6.3.0/../../../libkernel32.a(dydpbs00279.o)
 .idata$7       0x0040f64c        0x4 c:/mingw/bin/../lib/gcc/mingw32/6.3.0/../../../libkernel32.a(dydpbs00300.o)
 .idata$7       0x0040f650        0x4 c:/mingw/bin/../lib/gcc/mingw32/6.3.0/../../../libkernel32.a(dydpbs00304.o)
 .idata$7       0x0040f654        0x4 c:/mingw/bin/../lib/gcc/mingw32/6.3.0/../../../libkernel32.a(dydpbs00321.o)
 .idata$7       0x0040f658        0x4 c:/mingw/bin/../lib/gcc/mingw32/6.3.0/../../../libkernel32.a(dydpbs00352.o)
 .idata$7       0x0040f65c        0x4 c:/mingw/bin/../lib/gcc/mingw32/6.3.0/../../../libkernel32.a(dydpbs00388.o)
 .idata$7       0x0040f660        0x4 c:/mingw/bin/../lib/gcc/mingw32/6.3.0/../../../libkernel32.a(dydpbs00510.o)
 .idata$7       0x0040f664        0x4 c:/mingw/bin/../lib/gcc/mingw32/6.3.0/../../../libkernel32.a(dydpbs00529.o)
 .idata$7       0x0040f668        0x4 c:/mingw/bin/../lib/gcc/mingw32/6.3.0/../../../libkernel32.a(dydpbs00577.o)
 .idata$7       0x0040f66c        0x4 c:/mingw/bin/../lib/gcc/mingw32/6.3.0/../../../libkernel32.a(dydpbs00734.o)
 .idata$7       0x0040f670        0x4 c:/mingw/bin/../lib/gcc/mingw32/6.3.0/../../../libkernel32.a(dydpbs00744.o)
 .idata$7       0x0040f674        0x4 c:/mingw/bin/../lib/gcc/mingw32/6.3.0/../../../libkernel32.a(dydpbs00763.o)
 .idata$7       0x0040f678        0x4 c:/mingw/bin/../lib/gcc/mingw32/6.3.0/../../../libkernel32.a(dydpbs00814.o)
 .idata$7       0x0040f67c        0x4 c:/mingw/bin/../lib/gcc/mingw32/6.3.0/../../../libkernel32.a(dydpbs00817.o)
 .idata$7       0x0040f680        0x4 c:/mingw/bin/../lib/gcc/mingw32/6.3.0/../../../libkernel32.a(dydpbs00860.o)
 .idata$7       0x0040f684        0x4 c:/mingw/bin/../lib/gcc/mingw32/6.3.0/../../../libkernel32.a(dydpbs01140.o)
 .idata$7       0x0040f688        0x4 c:/mingw/bin/../lib/gcc/mingw32/6.3.0/../../../libkernel32.a(dydpbs01152.o)
 .idata$7       0x0040f68c        0x4 c:/mingw/bin/../lib/gcc/mingw32/6.3.0/../../../libkernel32.a(dydpbs01173.o)
 .idata$7       0x0040f690        0x4 c:/mingw/bin/../lib/gcc/mingw32/6.3.0/../../../libkernel32.a(dydpbs01213.o)
 .idata$7       0x0040f694        0x4 c:/mingw/bin/../lib/gcc/mingw32/6.3.0/../../../libkernel32.a(dydpbs01215.o)
 .idata$7       0x0040f698        0x4 c:/mingw/bin/../lib/gcc/mingw32/6.3.0/../../../libkernel32.a(dydpbs01247.o)
 .idata$7       0x0040f69c       0x10 c:/mingw/bin/../lib/gcc/mingw32/6.3.0/../../../libkernel32.a(dydpbt.o)
                0x0040f69c                _libkernel32_a_iname
 .idata$7       0x0040f6ac        0x4 c:/mingw/bin/../lib/gcc/mingw32/6.3.0/../../../libmoldname.a(dgaus00080.o)
 .idata$7       0x0040f6b0        0x4 c:/mingw/bin/../lib/gcc/mingw32/6.3.0/../../../libmoldname.a(dgaus00082.o)
 .idata$7       0x0040f6b4        0xc c:/mingw/bin/../lib/gcc/mingw32/6.3.0/../../../libmoldname.a(dgaut.o)
                0x0040f6b4                _libmoldname_a_iname
 .idata$7       0x0040f6c0        0x4 c:/mingw/bin/../lib/gcc/mingw32/6.3.0/../../../libmsvcrt.a(dkhmbs00088.o)
 .idata$7       0x0040f6c4        0x4 c:/mingw/bin/../lib/gcc/mingw32/6.3.0/../../../libmsvcrt.a(dkhmbs00119.o)
 .idata$7       0x0040f6c8        0x4 c:/mingw/bin/../lib/gcc/mingw32/6.3.0/../../../libmsvcrt.a(dkhmbs00131.o)
 .idata$7       0x0040f6cc        0x4 c:/mingw/bin/../lib/gcc/mingw32/6.3.0/../../../libmsvcrt.a(dkhmbs00133.o)
 .idata$7       0x0040f6d0        0x4 c:/mingw/bin/../lib/gcc/mingw32/6.3.0/../../../libmsvcrt.a(dkhmbs00153.o)
 .idata$7       0x0040f6d4        0x4 c:/mingw/bin/../lib/gcc/mingw32/6.3.0/../../../libmsvcrt.a(dkhmbs00219.o)
 .idata$7       0x0040f6d8        0x4 c:/mingw/bin/../lib/gcc/mingw32/6.3.0/../../../libmsvcrt.a(dkhmbs00285.o)
 .idata$7       0x0040f6dc        0x4 c:/mingw/bin/../lib/gcc/mingw32/6.3.0/../../../libmsvcrt.a(dkhmbs00324.o)
 .idata$7       0x0040f6e0        0x4 c:/mingw/bin/../lib/gcc/mingw32/6.3.0/../../../libmsvcrt.a(dkhmbs00350.o)
 .idata$7       0x0040f6e4        0x4 c:/mingw/bin/../lib/gcc/mingw32/6.3.0/../../../libmsvcrt.a(dkhmbs00417.o)
 .idata$7       0x0040f6e8        0x4 c:/mingw/bin/../lib/gcc/mingw32/6.3.0/../../../libmsvcrt.a(dkhmbs00422.o)
 .idata$7       0x0040f6ec        0x4 c:/mingw/bin/../lib/gcc/mingw32/6.3.0/../../../libmsvcrt.a(dkhmbs00689.o)
 .idata$7       0x0040f6f0        0x4 c:/mingw/bin/../lib/gcc/mingw32/6.3.0/../../../libmsvcrt.a(dkhmbs00698.o)
 .idata$7       0x0040f6f4        0x4 c:/mingw/bin/../lib/gcc/mingw32/6.3.0/../../../libmsvcrt.a(dkhmbs00753.o)
 .idata$7       0x0040f6f8        0x4 c:/mingw/bin/../lib/gcc/mingw32/6.3.0/../../../libmsvcrt.a(dkhmbs01083.o)
 .idata$7       0x0040f6fc        0x4 c:/mingw/bin/../lib/gcc/mingw32/6.3.0/../../../libmsvcrt.a(dkhmbs01091.o)
 .idata$7       0x0040f700        0x4 c:/mingw/bin/../lib/gcc/mingw32/6.3.0/../../../libmsvcrt.a(dkhmbs01093.o)
 .idata$7       0x0040f704        0x4 c:/mingw/bin/../lib/gcc/mingw32/6.3.0/../../../libmsvcrt.a(dkhmbs01098.o)
 .idata$7       0x0040f708        0x4 c:/mingw/bin/../lib/gcc/mingw32/6.3.0/../../../libmsvcrt.a(dkhmbs01126.o)
 .idata$7       0x0040f70c        0x4 c:/mingw/bin/../lib/gcc/mingw32/6.3.0/../../../libmsvcrt.a(dkhmbs01131.o)
 .idata$7       0x0040f710        0x4 c:/mingw/bin/../lib/gcc/mingw32/6.3.0/../../../libmsvcrt.a(dkhmbs01142.o)
 .idata$7       0x0040f714        0x4 c:/mingw/bin/../lib/gcc/mingw32/6.3.0/../../../libmsvcrt.a(dkhmbs01147.o)
 .idata$7       0x0040f718        0x4 c:/mingw/bin/../lib/gcc/mingw32/6.3.0/../../../libmsvcrt.a(dkhmbs01182.o)
 .idata$7       0x0040f71c        0x4 c:/mingw/bin/../lib/gcc/mingw32/6.3.0/../../../libmsvcrt.a(dkhmbs01187.o)
 .idata$7       0x0040f720        0x4 c:/mingw/bin/../lib/gcc/mingw32/6.3.0/../../../libmsvcrt.a(dkhmbs01194.o)
 .idata$7       0x0040f724        0x4 c:/mingw/bin/../lib/gcc/mingw32/6.3.0/../../../libmsvcrt.a(dkhmbs01199.o)
 .idata$7       0x0040f728        0x4 c:/mingw/bin/../lib/gcc/mingw32/6.3.0/../../../libmsvcrt.a(dkhmbs01212.o)
 .idata$7       0x0040f72c        0x4 c:/mingw/bin/../lib/gcc/mingw32/6.3.0/../../../libmsvcrt.a(dkhmbs01220.o)
 .idata$7       0x0040f730        0x4 c:/mingw/bin/../lib/gcc/mingw32/6.3.0/../../../libmsvcrt.a(dkhmbs01227.o)
 .idata$7       0x0040f734        0x4 c:/mingw/bin/../lib/gcc/mingw32/6.3.0/../../../libmsvcrt.a(dkhmbs01229.o)
 .idata$7       0x0040f738        0x4 c:/mingw/bin/../lib/gcc/mingw32/6.3.0/../../../libmsvcrt.a(dkhmbs01240.o)
 .idata$7       0x0040f73c        0x4 c:/mingw/bin/../lib/gcc/mingw32/6.3.0/../../../libmsvcrt.a(dkhmbs01242.o)
 .idata$7       0x0040f740        0x4 c:/mingw/bin/../lib/gcc/mingw32/6.3.0/../../../libmsvcrt.a(dkhmbs01249.o)
 .idata$7       0x0040f744        0x4 c:/mingw/bin/../lib/gcc/mingw32/6.3.0/../../../libmsvcrt.a(dkhmbs01277.o)
 .idata$7       0x0040f748        0x4 c:/mingw/bin/../lib/gcc/mingw32/6.3.0/../../../libmsvcrt.a(dkhmbs01284.o)
 .idata$7       0x0040f74c        0x4 c:/mingw/bin/../lib/gcc/mingw32/6.3.0/../../../libmsvcrt.a(dkhmbs01308.o)
 .idata$7       0x0040f750        0x4 c:/mingw/bin/../lib/gcc/mingw32/6.3.0/../../../libmsvcrt.a(dkhmbs01325.o)
 .idata$7       0x0040f754        0xc c:/mingw/bin/../lib/gcc/mingw32/6.3.0/../../../libmsvcrt.a(dkhmbt.o)
                0x0040f754                _libmsvcrt_a_iname
 .idata$7       0x0040f760        0x4 c:/mingw/bin/../lib/gcc/mingw32/6.3.0/libgcc_s.a(d000037.o)
 .idata$7       0x0040f764        0x4 c:/mingw/bin/../lib/gcc/mingw32/6.3.0/libgcc_s.a(d000106.o)
 .idata$7       0x0040f768        0x4 c:/mingw/bin/../lib/gcc/mingw32/6.3.0/libgcc_s.a(d000118.o)
 .idata$7       0x0040f76c        0x4 c:/mingw/bin/../lib/gcc/mingw32/6.3.0/libgcc_s.a(d000120.o)
 .idata$7       0x0040f770       0x14 c:/mingw/bin/../lib/gcc/mingw32/6.3.0/libgcc_s.a(d000122.o)
                0x0040f770                libgcc_s_dw2_1_dll_iname

.CRT            0x00410000      0x200
                0x00410000                ___crt_xc_start__ = .
 *(SORT(.CRT$XC*))
                0x00410000                ___crt_xc_end__ = .
                0x00410000                ___crt_xi_start__ = .
 *(SORT(.CRT$XI*))
                0x00410000                ___crt_xi_end__ = .
                0x00410000                ___crt_xl_start__ = .
 *(SORT(.CRT$XL*))
 .CRT$XLA       0x00410000        0x4 c:/mingw/bin/../lib/gcc/mingw32/6.3.0/../../../libmingw32.a(tlssup.o)
                0x00410000                __xl_a
 .CRT$XLC       0x00410004        0x4 c:/mingw/bin/../lib/gcc/mingw32/6.3.0/../../../libmingw32.a(tlssup.o)
                0x00410004                __xl_c
 .CRT$XLD       0x00410008        0x4 c:/mingw/bin/../lib/gcc/mingw32/6.3.0/../../../libmingw32.a(tlssup.o)
                0x00410008                __xl_d
 .CRT$XLZ       0x0041000c        0x4 c:/mingw/bin/../lib/gcc/mingw32/6.3.0/../../../libmingw32.a(tlssup.o)
                0x0041000c                __xl_z
                0x00410010                ___crt_xp_start__ = .
 *(SORT(.CRT$XP*))
                0x00410010                ___crt_xp_end__ = .
                0x00410010                ___crt_xt_start__ = .
 *(SORT(.CRT$XT*))
                0x00410010                ___crt_xt_end__ = .
 .CRT$XDA       0x00410010        0x4 c:/mingw/bin/../lib/gcc/mingw32/6.3.0/../../../libmingw32.a(tlssup.o)
 .CRT$XDZ       0x00410014        0x4 c:/mingw/bin/../lib/gcc/mingw32/6.3.0/../../../libmingw32.a(tlssup.o)

.tls            0x00411000      0x200
                0x00411000                ___tls_start__ = .
 *(.tls$AAA)
 .tls$AAA       0x00411000        0x4 c:/mingw/bin/../lib/gcc/mingw32/6.3.0/../../../libmingw32.a(tlssup.o)
                0x00411000                _tls_start
 *(.tls)
 .tls           0x00411004       0x18 c:/mingw/bin/../lib/gcc/mingw32/6.3.0/../../../libmingw32.a(tlssup.o)
                0x00411004                _tls_used
 *(.tls$)
 *(SORT(.tls$*))
 .tls$ZZZ       0x0041101c        0x4 c:/mingw/bin/../lib/gcc/mingw32/6.3.0/../../../libmingw32.a(tlssup.o)
                0x0041101c                _tls_end
 *(.tls$ZZZ)
                0x00411020                ___tls_end__ = .

.endjunk        0x00412000        0x0
                [!provide]                PROVIDE (end, .)
                [!provide]                PROVIDE (_end, .)
                0x00412000                __end__ = .

.rsrc
 *(.rsrc)
 *(.rsrc$*)

.reloc
 *(.reloc)

.stab
 *(.stab)

.stabstr
 *(.stabstr)

.debug_aranges  0x00412000      0x200
 *(.debug_aranges)
 .debug_aranges
                0x00412000       0x20 ../out/factorial.o
 .debug_aranges
                0x00412020       0x20 ../out/hello.o
 .debug_aranges
                0x00412040       0x28 ../out/main.o
 .debug_aranges
                0x00412068       0x20 c:/mingw/bin/../lib/gcc/mingw32/6.3.0/libgcc.a(_chkstk_ms.o)
 .debug_aranges
                0x00412088       0x18 c:/mingw/bin/../lib/gcc/mingw32/6.3.0/libgcc.a(_ctors.o)

.zdebug_aranges
 *(.zdebug_aranges)

.debug_pubnames
 *(.debug_pubnames)

.zdebug_pubnames
 *(.zdebug_pubnames)

.debug_pubtypes
 *(.debug_pubtypes)

.zdebug_pubtypes
 *(.zdebug_pubtypes)

.debug_info     0x00413000     0x2a00
 *(.debug_info .gnu.linkonce.wi.*)
 .debug_info    0x00413000       0xf9 ../out/factorial.o
 .debug_info    0x004130f9       0xec ../out/hello.o
 .debug_info    0x004131e5      0x934 ../out/main.o
 .debug_info    0x00413b19       0xa7 c:/mingw/bin/../lib/gcc/mingw32/6.3.0/libgcc.a(_chkstk_ms.o)
 .debug_info    0x00413bc0     0x1c58 c:/mingw/bin/../lib/gcc/mingw32/6.3.0/libgcc.a(_ctors.o)

.zdebug_info
 *(.zdebug_info .zdebug.gnu.linkonce.wi.*)

.debug_abbrev   0x00416000      0x400
 *(.debug_abbrev)
 .debug_abbrev  0x00416000       0x4a ../out/factorial.o
 .debug_abbrev  0x0041604a       0x42 ../out/hello.o
 .debug_abbrev  0x0041608c      0x1bc ../out/main.o
 .debug_abbrev  0x00416248       0x14 c:/mingw/bin/../lib/gcc/mingw32/6.3.0/libgcc.a(_chkstk_ms.o)
 .debug_abbrev  0x0041625c      0x11b c:/mingw/bin/../lib/gcc/mingw32/6.3.0/libgcc.a(_ctors.o)

.zdebug_abbrev
 *(.zdebug_abbrev)

.debug_line     0x00417000      0x400
 *(.debug_line)
 .debug_line    0x00417000       0x47 ../out/factorial.o
 .debug_line    0x00417047       0x4d ../out/hello.o
 .debug_line    0x00417094      0x154 ../out/main.o
 .debug_line    0x004171e8       0x71 c:/mingw/bin/../lib/gcc/mingw32/6.3.0/libgcc.a(_chkstk_ms.o)
 .debug_line    0x00417259      0x157 c:/mingw/bin/../lib/gcc/mingw32/6.3.0/libgcc.a(_ctors.o)

.zdebug_line
 *(.zdebug_line)

.debug_frame    0x00418000      0x200
 *(.debug_frame*)
 .debug_frame   0x00418000       0x38 c:/mingw/bin/../lib/gcc/mingw32/6.3.0/libgcc.a(_chkstk_ms.o)

.zdebug_frame
 *(.zdebug_frame*)

.debug_str      0x00419000        0x0
 *(.debug_str)
 .debug_str     0x00419000        0x0 ../out/factorial.o
 .debug_str     0x00419000        0x0 ../out/hello.o
 .debug_str     0x00419000        0x0 ../out/main.o
 .debug_str     0x00419000        0x0 c:/mingw/bin/../lib/gcc/mingw32/6.3.0/libgcc.a(_ctors.o)

.zdebug_str
 *(.zdebug_str)

.debug_loc
 *(.debug_loc)

.zdebug_loc
 *(.zdebug_loc)

.debug_macinfo
 *(.debug_macinfo)

.zdebug_macinfo
 *(.zdebug_macinfo)

.debug_weaknames
 *(.debug_weaknames)

.zdebug_weaknames
 *(.zdebug_weaknames)

.debug_funcnames
 *(.debug_funcnames)

.zdebug_funcnames
 *(.zdebug_funcnames)

.debug_typenames
 *(.debug_typenames)

.zdebug_typenames
 *(.zdebug_typenames)

.debug_varnames
 *(.debug_varnames)

.zdebug_varnames
 *(.zdebug_varnames)

.debug_macro
 *(.debug_macro)

.zdebug_macro
 *(.zdebug_macro)

.debug_ranges   0x00419000      0x200
 *(.debug_ranges)
 .debug_ranges  0x00419000       0x10 ../out/factorial.o
 .debug_ranges  0x00419010       0x10 ../out/hello.o
 .debug_ranges  0x00419020       0x18 ../out/main.o

.zdebug_ranges
 *(.zdebug_ranges)

.debug_types
 *(.debug_types .gnu.linkonce.wt.*)

.zdebug_types
 *(.zdebug_types .gnu.linkonce.wt.*)
OUTPUT(../out/artifacts/HelloTSim.exe pei-i386)
